DEBUG:urllib3.connectionpool:Starting new HTTPS connection (1): hooks.zapier.com:443
DEBUG:urllib3.connectionpool:https://hooks.zapier.com:443 "GET /hooks/catch/18160905/3cvu8pz/ HTTP/1.1" 200 166
WARNING:root:device = cuda
WARNING:root:weights = [2, 1]
INFO:root:data sampling method: no-sampling
INFO:root:training set size: 819.0
WARNING:root:device = cuda
WARNING:root:weights = [2, 1]
INFO:root:data sampling method: no-sampling
INFO:root:training set size: 819
INFO:root:data sampling method: no-sampling
INFO:root:val set size: 92
INFO:root:[1/5][0/100] loss: 0.029235768
INFO:root:acc: 0.3043, tpr: 0.0, tnr: 1.0, ppv: nan, npv: 0.3043, auc: 0.5011
INFO:root:[validation] The current loss: 0.22714996, acc*auc: 0.1525
INFO:root:Recording best auc model. (model/under-sampling/auc)
CRITICAL:root:Recording best acc*auc model. (model/under-sampling/acc_auc_mul)
INFO:root:[1/5][1/100] loss: 0.029244457
INFO:root:acc: 0.3043, tpr: 0.0, tnr: 1.0, ppv: nan, npv: 0.3043, auc: 0.5073
INFO:root:[validation] The current loss: 0.2270938, acc*auc: 0.1544
INFO:root:Recording best auc model. (model/under-sampling/auc)
CRITICAL:root:Recording best acc*auc model. (model/under-sampling/acc_auc_mul)
INFO:root:[1/5][2/100] loss: 0.029106447
INFO:root:acc: 0.3152, tpr: 0.01562, tnr: 1.0, ppv: 1.0, npv: 0.3077, auc: 0.5318
INFO:root:[validation] The current loss: 0.22651813, acc*auc: 0.1676
INFO:root:Recording best auc model. (model/under-sampling/auc)
CRITICAL:root:Recording best acc*auc model. (model/under-sampling/acc_auc_mul)
INFO:root:[1/5][3/100] loss: 0.029041835
INFO:root:acc: 0.3261, tpr: 0.03125, tnr: 1.0, ppv: 1.0, npv: 0.3111, auc: 0.5296
INFO:root:[validation] The current loss: 0.22565919, acc*auc: 0.1727
CRITICAL:root:Recording best acc*auc model. (model/under-sampling/acc_auc_mul)
INFO:root:[1/5][4/100] loss: 0.028937683
INFO:root:acc: 0.4457, tpr: 0.2344, tnr: 0.9286, ppv: 0.8824, npv: 0.3467, auc: 0.5134
INFO:root:[validation] The current loss: 0.22441819, acc*auc: 0.2288
CRITICAL:root:Recording best acc*auc model. (model/under-sampling/acc_auc_mul)
INFO:root:[1/5][5/100] loss: 0.028864619
INFO:root:acc: 0.4022, tpr: 0.1406, tnr: 1.0, ppv: 1.0, npv: 0.3373, auc: 0.5714
INFO:root:[validation] The current loss: 0.22371337, acc*auc: 0.2298
INFO:root:Recording best auc model. (model/under-sampling/auc)
CRITICAL:root:Recording best acc*auc model. (model/under-sampling/acc_auc_mul)
INFO:root:[1/5][6/100] loss: 0.028667282
INFO:root:acc: 0.413, tpr: 0.2812, tnr: 0.7143, ppv: 0.6923, npv: 0.303, auc: 0.5017
INFO:root:[validation] The current loss: 0.22547532, acc*auc: 0.2072
INFO:root:trigger times: 1
INFO:root:[1/5][7/100] loss: 0.028726089
INFO:root:acc: 0.3587, tpr: 0.09375, tnr: 0.9643, ppv: 0.8571, npv: 0.3176, auc: 0.5586
INFO:root:[validation] The current loss: 0.22477423, acc*auc: 0.2004
INFO:root:[1/5][8/100] loss: 0.028654558
INFO:root:acc: 0.4783, tpr: 0.3125, tnr: 0.8571, ppv: 0.8333, npv: 0.3529, auc: 0.6004
INFO:root:[validation] The current loss: 0.22093292, acc*auc: 0.2872
INFO:root:Recording best auc model. (model/under-sampling/auc)
CRITICAL:root:Recording best acc*auc model. (model/under-sampling/acc_auc_mul)
INFO:root:[1/5][9/100] loss: 0.028622582
INFO:root:acc: 0.5435, tpr: 0.5, tnr: 0.6429, ppv: 0.7619, npv: 0.36, auc: 0.5809
INFO:root:[validation] The current loss: 0.22109502, acc*auc: 0.3157
INFO:root:trigger times: 1
CRITICAL:root:Recording best acc*auc model. (model/under-sampling/acc_auc_mul)
INFO:root:[1/5][10/100] loss: 0.028433139
INFO:root:acc: 0.6304, tpr: 0.8125, tnr: 0.2143, ppv: 0.7027, npv: 0.3333, auc: 0.5312
INFO:root:[validation] The current loss: 0.22534636, acc*auc: 0.3349
INFO:root:trigger times: 2
CRITICAL:root:Recording best acc*auc model. (model/under-sampling/acc_auc_mul)
INFO:root:[1/5][11/100] loss: 0.028406441
INFO:root:acc: 0.4783, tpr: 0.375, tnr: 0.7143, ppv: 0.75, npv: 0.3333, auc: 0.5703
INFO:root:[validation] The current loss: 0.22409081, acc*auc: 0.2728
INFO:root:[1/5][12/100] loss: 0.028010627
INFO:root:acc: 0.3913, tpr: 0.1719, tnr: 0.8929, ppv: 0.7857, npv: 0.3205, auc: 0.5943
INFO:root:[validation] The current loss: 0.22737614, acc*auc: 0.2326
INFO:root:trigger times: 1
INFO:root:[1/5][13/100] loss: 0.027988109
INFO:root:acc: 0.6522, tpr: 0.7344, tnr: 0.4643, ppv: 0.7581, npv: 0.4333, auc: 0.654
INFO:root:[validation] The current loss: 0.21764415, acc*auc: 0.4265
INFO:root:Recording best auc model. (model/under-sampling/auc)
CRITICAL:root:Recording best acc*auc model. (model/under-sampling/acc_auc_mul)
INFO:root:[1/5][14/100] loss: 0.027708378
INFO:root:acc: 0.6304, tpr: 0.7344, tnr: 0.3929, ppv: 0.7344, npv: 0.3929, auc: 0.6529
INFO:root:[validation] The current loss: 0.21916162, acc*auc: 0.4116
INFO:root:trigger times: 1
INFO:root:[1/5][15/100] loss: 0.02768165
INFO:root:acc: 0.5652, tpr: 0.4844, tnr: 0.75, ppv: 0.8158, npv: 0.3889, auc: 0.6741
INFO:root:[validation] The current loss: 0.21469445, acc*auc: 0.381
INFO:root:Recording best auc model. (model/under-sampling/auc)
INFO:root:[1/5][16/100] loss: 0.027489349
INFO:root:acc: 0.5435, tpr: 0.4375, tnr: 0.7857, ppv: 0.8235, npv: 0.3793, auc: 0.6719
INFO:root:[validation] The current loss: 0.21623, acc*auc: 0.3651
INFO:root:trigger times: 1
INFO:root:[1/5][17/100] loss: 0.027385163
INFO:root:acc: 0.6739, tpr: 0.7969, tnr: 0.3929, ppv: 0.75, npv: 0.4583, auc: 0.6713
INFO:root:[validation] The current loss: 0.21597603, acc*auc: 0.4524
CRITICAL:root:Recording best acc*auc model. (model/under-sampling/acc_auc_mul)
INFO:root:[1/5][18/100] loss: 0.027789182
INFO:root:acc: 0.6087, tpr: 0.5312, tnr: 0.7857, ppv: 0.85, npv: 0.4231, auc: 0.6652
INFO:root:[validation] The current loss: 0.21596209, acc*auc: 0.4049
INFO:root:[1/5][19/100] loss: 0.02728304
INFO:root:acc: 0.5217, tpr: 0.4375, tnr: 0.7143, ppv: 0.7778, npv: 0.3571, auc: 0.678
INFO:root:[validation] The current loss: 0.21523567, acc*auc: 0.3537
INFO:root:Recording best auc model. (model/under-sampling/auc)
INFO:root:[1/5][20/100] loss: 0.027165284
INFO:root:acc: 0.5217, tpr: 0.3594, tnr: 0.8929, ppv: 0.8846, npv: 0.3788, auc: 0.6657
INFO:root:[validation] The current loss: 0.21604519, acc*auc: 0.3473
INFO:root:trigger times: 1
INFO:root:[1/5][21/100] loss: 0.026711696
INFO:root:acc: 0.5326, tpr: 0.4375, tnr: 0.75, ppv: 0.8, npv: 0.3684, auc: 0.6674
INFO:root:[validation] The current loss: 0.21421542, acc*auc: 0.3555
INFO:root:[1/5][22/100] loss: 0.026686683
INFO:root:acc: 0.5761, tpr: 0.5312, tnr: 0.6786, ppv: 0.7907, npv: 0.3878, auc: 0.6853
INFO:root:[validation] The current loss: 0.21413884, acc*auc: 0.3948
INFO:root:Recording best auc model. (model/under-sampling/auc)
INFO:root:[1/5][23/100] loss: 0.026552256
INFO:root:acc: 0.5543, tpr: 0.4531, tnr: 0.7857, ppv: 0.8286, npv: 0.386, auc: 0.6791
INFO:root:[validation] The current loss: 0.21474402, acc*auc: 0.3765
INFO:root:trigger times: 1
INFO:root:[1/5][24/100] loss: 0.026355572
INFO:root:acc: 0.5217, tpr: 0.4375, tnr: 0.7143, ppv: 0.7778, npv: 0.3571, auc: 0.6758
INFO:root:[validation] The current loss: 0.21452338, acc*auc: 0.3526
INFO:root:[1/5][25/100] loss: 0.026319826
INFO:root:acc: 0.5217, tpr: 0.4375, tnr: 0.7143, ppv: 0.7778, npv: 0.3571, auc: 0.6685
INFO:root:[validation] The current loss: 0.2147562, acc*auc: 0.3488
INFO:root:trigger times: 1
INFO:root:[1/5][26/100] loss: 0.026245465
INFO:root:acc: 0.5326, tpr: 0.3906, tnr: 0.8571, ppv: 0.8621, npv: 0.381, auc: 0.6735
INFO:root:[validation] The current loss: 0.21559163, acc*auc: 0.3587
INFO:root:trigger times: 2
INFO:root:[1/5][27/100] loss: 0.026167214
INFO:root:acc: 0.587, tpr: 0.4844, tnr: 0.8214, ppv: 0.8611, npv: 0.4107, auc: 0.7037
INFO:root:[validation] The current loss: 0.21254835, acc*auc: 0.413
INFO:root:Recording best auc model. (model/under-sampling/auc)
INFO:root:[1/5][28/100] loss: 0.026444985
INFO:root:acc: 0.5652, tpr: 0.4688, tnr: 0.7857, ppv: 0.8333, npv: 0.3929, auc: 0.6998
INFO:root:[validation] The current loss: 0.21313167, acc*auc: 0.3955
INFO:root:trigger times: 1
INFO:root:[1/5][29/100] loss: 0.026007279
INFO:root:acc: 0.7391, tpr: 0.8281, tnr: 0.5357, ppv: 0.803, npv: 0.5769, auc: 0.7076
INFO:root:[validation] The current loss: 0.21530592, acc*auc: 0.523
INFO:root:trigger times: 2
INFO:root:Recording best auc model. (model/under-sampling/auc)
CRITICAL:root:Recording best acc*auc model. (model/under-sampling/acc_auc_mul)
INFO:root:[1/5][30/100] loss: 0.026392022
INFO:root:acc: 0.6196, tpr: 0.625, tnr: 0.6071, ppv: 0.7843, npv: 0.4146, auc: 0.6635
INFO:root:[validation] The current loss: 0.21276829, acc*auc: 0.4111
INFO:root:[1/5][31/100] loss: 0.025893953
INFO:root:acc: 0.587, tpr: 0.5312, tnr: 0.7143, ppv: 0.8095, npv: 0.4, auc: 0.7042
INFO:root:[validation] The current loss: 0.21103789, acc*auc: 0.4134
INFO:root:[1/5][32/100] loss: 0.025996301
INFO:root:acc: 0.5109, tpr: 0.3594, tnr: 0.8571, ppv: 0.8519, npv: 0.3692, auc: 0.6518
INFO:root:[validation] The current loss: 0.22124711, acc*auc: 0.333
INFO:root:trigger times: 1
INFO:root:[1/5][33/100] loss: 0.025739424
INFO:root:acc: 0.6848, tpr: 0.875, tnr: 0.25, ppv: 0.7273, npv: 0.4667, auc: 0.6825
INFO:root:[validation] The current loss: 0.22048489, acc*auc: 0.4673
INFO:root:[1/5][34/100] loss: 0.025402633
INFO:root:acc: 0.6848, tpr: 0.7031, tnr: 0.6429, ppv: 0.8182, npv: 0.4865, auc: 0.6836
INFO:root:[validation] The current loss: 0.21811471, acc*auc: 0.4681
INFO:root:[1/5][35/100] loss: 0.025660407
INFO:root:acc: 0.6739, tpr: 0.6719, tnr: 0.6786, ppv: 0.8269, npv: 0.475, auc: 0.6869
INFO:root:[validation] The current loss: 0.21126837, acc*auc: 0.4629
INFO:root:[1/5][36/100] loss: 0.024879691
INFO:root:acc: 0.5109, tpr: 0.4062, tnr: 0.75, ppv: 0.7879, npv: 0.3559, auc: 0.6512
INFO:root:[validation] The current loss: 0.22012893, acc*auc: 0.3327
INFO:root:trigger times: 1
INFO:root:[1/5][37/100] loss: 0.024484383
INFO:root:acc: 0.5435, tpr: 0.375, tnr: 0.9286, ppv: 0.9231, npv: 0.3939, auc: 0.6763
INFO:root:[validation] The current loss: 0.22390868, acc*auc: 0.3676
INFO:root:trigger times: 2
INFO:root:[1/5][38/100] loss: 0.024410089
INFO:root:acc: 0.5, tpr: 0.4219, tnr: 0.6786, ppv: 0.75, npv: 0.3393, auc: 0.673
INFO:root:[validation] The current loss: 0.22074757, acc*auc: 0.3365
INFO:root:[1/5][39/100] loss: 0.024267845
INFO:root:acc: 0.6522, tpr: 0.7344, tnr: 0.4643, ppv: 0.7581, npv: 0.4333, auc: 0.6289
INFO:root:[validation] The current loss: 0.23318308, acc*auc: 0.4102
INFO:root:trigger times: 1
INFO:root:[1/5][40/100] loss: 0.023240056
INFO:root:acc: 0.663, tpr: 0.8594, tnr: 0.2143, ppv: 0.7143, npv: 0.4, auc: 0.6562
INFO:root:[validation] The current loss: 0.2253504, acc*auc: 0.4351
INFO:root:[1/5][41/100] loss: 0.022923571
INFO:root:acc: 0.5978, tpr: 0.6875, tnr: 0.3929, ppv: 0.7213, npv: 0.3548, auc: 0.6155
INFO:root:[validation] The current loss: 0.22895317, acc*auc: 0.368
INFO:root:trigger times: 1
INFO:root:[1/5][42/100] loss: 0.023013712
INFO:root:acc: 0.6087, tpr: 0.6875, tnr: 0.4286, ppv: 0.7333, npv: 0.375, auc: 0.63
INFO:root:[validation] The current loss: 0.22363025, acc*auc: 0.3835
INFO:root:[1/5][43/100] loss: 0.022222998
INFO:root:acc: 0.7174, tpr: 0.9688, tnr: 0.1429, ppv: 0.7209, npv: 0.6667, auc: 0.5658
INFO:root:[validation] The current loss: 0.28795122, acc*auc: 0.4059
INFO:root:trigger times: 1
INFO:root:[1/5][44/100] loss: 0.021264494
INFO:root:acc: 0.5543, tpr: 0.4219, tnr: 0.8571, ppv: 0.871, npv: 0.3934, auc: 0.6741
INFO:root:[validation] The current loss: 0.21799652, acc*auc: 0.3737
INFO:root:[1/5][45/100] loss: 0.021004162
INFO:root:acc: 0.5978, tpr: 0.5625, tnr: 0.6786, ppv: 0.8, npv: 0.4043, auc: 0.6373
INFO:root:[validation] The current loss: 0.228844, acc*auc: 0.381
INFO:root:trigger times: 1
INFO:root:[1/5][46/100] loss: 0.020163683
INFO:root:acc: 0.6196, tpr: 0.75, tnr: 0.3214, ppv: 0.7164, npv: 0.36, auc: 0.601
INFO:root:[validation] The current loss: 0.24828531, acc*auc: 0.3724
INFO:root:trigger times: 2
INFO:root:[1/5][47/100] loss: 0.020431749
INFO:root:acc: 0.6413, tpr: 0.7031, tnr: 0.5, ppv: 0.7627, npv: 0.4242, auc: 0.6323
INFO:root:[validation] The current loss: 0.22759297, acc*auc: 0.4055
INFO:root:[1/5][48/100] loss: 0.019920705
INFO:root:acc: 0.6304, tpr: 0.6875, tnr: 0.5, ppv: 0.7586, npv: 0.4118, auc: 0.644
INFO:root:[validation] The current loss: 0.22515649, acc*auc: 0.406
INFO:root:[1/5][49/100] loss: 0.020051213
INFO:root:acc: 0.6196, tpr: 0.7188, tnr: 0.3929, ppv: 0.7302, npv: 0.3793, auc: 0.6222
INFO:root:[validation] The current loss: 0.22642269, acc*auc: 0.3855
INFO:root:trigger times: 1
INFO:root:[1/5][50/100] loss: 0.019728169
INFO:root:acc: 0.6196, tpr: 0.6719, tnr: 0.5, ppv: 0.7544, npv: 0.4, auc: 0.6451
INFO:root:[validation] The current loss: 0.21923422, acc*auc: 0.3997
INFO:root:[1/5][51/100] loss: 0.019831733
INFO:root:acc: 0.6196, tpr: 0.6562, tnr: 0.5357, ppv: 0.7636, npv: 0.4054, auc: 0.6412
INFO:root:[validation] The current loss: 0.22071983, acc*auc: 0.3973
INFO:root:trigger times: 1
INFO:root:[1/5][52/100] loss: 0.020286999
INFO:root:acc: 0.6413, tpr: 0.7031, tnr: 0.5, ppv: 0.7627, npv: 0.4242, auc: 0.6412
INFO:root:[validation] The current loss: 0.22884263, acc*auc: 0.4112
INFO:root:trigger times: 2
INFO:root:[1/5][53/100] loss: 0.020396372
INFO:root:acc: 0.6087, tpr: 0.6406, tnr: 0.5357, ppv: 0.7593, npv: 0.3947, auc: 0.649
INFO:root:[validation] The current loss: 0.22059834, acc*auc: 0.395
INFO:root:[1/5][54/100] loss: 0.020272567
INFO:root:acc: 0.6304, tpr: 0.7656, tnr: 0.3214, ppv: 0.7206, npv: 0.375, auc: 0.6116
INFO:root:[validation] The current loss: 0.23962907, acc*auc: 0.3856
INFO:root:trigger times: 1
INFO:root:[1/5][55/100] loss: 0.020999436
INFO:root:acc: 0.5978, tpr: 0.6406, tnr: 0.5, ppv: 0.7455, npv: 0.3784, auc: 0.6283
INFO:root:[validation] The current loss: 0.24732823, acc*auc: 0.3756
INFO:root:trigger times: 2
INFO:root:[1/5][56/100] loss: 0.020742463
INFO:root:acc: 0.6087, tpr: 0.6562, tnr: 0.5, ppv: 0.75, npv: 0.3889, auc: 0.6094
INFO:root:[validation] The current loss: 0.22446466, acc*auc: 0.3709
INFO:root:[1/5][57/100] loss: 0.019960509
INFO:root:acc: 0.7283, tpr: 0.9844, tnr: 0.1429, ppv: 0.7241, npv: 0.8, auc: 0.6038
INFO:root:[validation] The current loss: 0.28808155, acc*auc: 0.4397
INFO:root:trigger times: 1
INFO:root:[1/5][58/100] loss: 0.019889884
INFO:root:acc: 0.7174, tpr: 0.875, tnr: 0.3571, ppv: 0.7568, npv: 0.5556, auc: 0.6652
INFO:root:[validation] The current loss: 0.23410999, acc*auc: 0.4772
INFO:root:[1/5][59/100] loss: 0.020114269
INFO:root:acc: 0.6957, tpr: 0.9062, tnr: 0.2143, ppv: 0.725, npv: 0.5, auc: 0.6055
INFO:root:[validation] The current loss: 0.29381368, acc*auc: 0.4212
INFO:root:trigger times: 1
INFO:root:[1/5][60/100] loss: 0.021121697
INFO:root:acc: 0.7391, tpr: 0.9219, tnr: 0.3214, ppv: 0.7564, npv: 0.6429, auc: 0.6055
INFO:root:[validation] The current loss: 0.26901079, acc*auc: 0.4475
INFO:root:[1/5][61/100] loss: 0.019014059
INFO:root:acc: 0.6196, tpr: 0.5156, tnr: 0.8571, ppv: 0.8919, npv: 0.4364, auc: 0.673
INFO:root:[validation] The current loss: 0.2330642, acc*auc: 0.417
INFO:root:[1/5][62/100] loss: 0.019469058
INFO:root:acc: 0.5978, tpr: 0.6562, tnr: 0.4643, ppv: 0.7368, npv: 0.3714, auc: 0.6713
INFO:root:[validation] The current loss: 0.22510491, acc*auc: 0.4013
INFO:root:[1/5][63/100] loss: 0.018626401
INFO:root:acc: 0.5543, tpr: 0.5156, tnr: 0.6429, ppv: 0.7674, npv: 0.3673, auc: 0.6317
INFO:root:[validation] The current loss: 0.23891746, acc*auc: 0.3502
INFO:root:trigger times: 1
INFO:root:[1/5][64/100] loss: 0.018868661
INFO:root:acc: 0.6087, tpr: 0.6406, tnr: 0.5357, ppv: 0.7593, npv: 0.3947, auc: 0.6657
INFO:root:[validation] The current loss: 0.22012, acc*auc: 0.4052
INFO:root:[1/5][65/100] loss: 0.018800275
INFO:root:acc: 0.6087, tpr: 0.6562, tnr: 0.5, ppv: 0.75, npv: 0.3889, auc: 0.6462
INFO:root:[validation] The current loss: 0.23057027, acc*auc: 0.3933
INFO:root:trigger times: 1
INFO:root:[1/5][66/100] loss: 0.017443758
INFO:root:acc: 0.7391, tpr: 0.9375, tnr: 0.2857, ppv: 0.75, npv: 0.6667, auc: 0.5926
INFO:root:[validation] The current loss: 0.29555913, acc*auc: 0.438
INFO:root:trigger times: 2
INFO:root:[1/5][67/100] loss: 0.017956665
INFO:root:acc: 0.7391, tpr: 0.9688, tnr: 0.2143, ppv: 0.7381, npv: 0.75, auc: 0.6551
INFO:root:[validation] The current loss: 0.27478895, acc*auc: 0.4842
INFO:root:[1/5][68/100] loss: 0.016925884
INFO:root:acc: 0.5978, tpr: 0.6562, tnr: 0.4643, ppv: 0.7368, npv: 0.3714, auc: 0.6362
INFO:root:[validation] The current loss: 0.24700895, acc*auc: 0.3803
INFO:root:[1/5][69/100] loss: 0.016603755
INFO:root:acc: 0.5652, tpr: 0.5938, tnr: 0.5, ppv: 0.7308, npv: 0.35, auc: 0.6512
INFO:root:[validation] The current loss: 0.23026323, acc*auc: 0.3681
INFO:root:[1/5][70/100] loss: 0.016821376
INFO:root:acc: 0.6522, tpr: 0.7969, tnr: 0.3214, ppv: 0.7286, npv: 0.4091, auc: 0.6222
INFO:root:[validation] The current loss: 0.27692875, acc*auc: 0.4058
INFO:root:trigger times: 1
INFO:root:[1/5][71/100] loss: 0.016101102
INFO:root:acc: 0.6196, tpr: 0.7344, tnr: 0.3571, ppv: 0.7231, npv: 0.3704, auc: 0.606
INFO:root:[validation] The current loss: 0.25556243, acc*auc: 0.3755
INFO:root:[1/5][72/100] loss: 0.016200173
INFO:root:acc: 0.663, tpr: 0.7969, tnr: 0.3571, ppv: 0.7391, npv: 0.4348, auc: 0.6133
INFO:root:[validation] The current loss: 0.26933195, acc*auc: 0.4066
INFO:root:trigger times: 1
INFO:root:[1/5][73/100] loss: 0.015967517
INFO:root:acc: 0.6196, tpr: 0.7344, tnr: 0.3571, ppv: 0.7231, npv: 0.3704, auc: 0.6261
INFO:root:[validation] The current loss: 0.24563559, acc*auc: 0.3879
INFO:root:[1/5][74/100] loss: 0.015785683
INFO:root:acc: 0.6087, tpr: 0.7031, tnr: 0.3929, ppv: 0.7258, npv: 0.3667, auc: 0.6356
INFO:root:[validation] The current loss: 0.24565332, acc*auc: 0.3869
INFO:root:trigger times: 1
INFO:root:[1/5][75/100] loss: 0.015839158
INFO:root:acc: 0.6087, tpr: 0.7031, tnr: 0.3929, ppv: 0.7258, npv: 0.3667, auc: 0.6323
INFO:root:[validation] The current loss: 0.24997145, acc*auc: 0.3849
INFO:root:trigger times: 2
INFO:root:[1/5][76/100] loss: 0.015885059
INFO:root:acc: 0.6413, tpr: 0.75, tnr: 0.3929, ppv: 0.7385, npv: 0.4074, auc: 0.644
INFO:root:[validation] The current loss: 0.23745605, acc*auc: 0.413
INFO:root:[1/5][77/100] loss: 0.016612344
INFO:root:acc: 0.6304, tpr: 0.7656, tnr: 0.3214, ppv: 0.7206, npv: 0.375, auc: 0.6222
INFO:root:[validation] The current loss: 0.24984517, acc*auc: 0.3923
INFO:root:trigger times: 1
INFO:root:[1/5][78/100] loss: 0.015746924
INFO:root:acc: 0.6413, tpr: 0.7656, tnr: 0.3571, ppv: 0.7313, npv: 0.4, auc: 0.615
INFO:root:[validation] The current loss: 0.25971869, acc*auc: 0.3944
INFO:root:trigger times: 2
INFO:root:[1/5][79/100] loss: 0.016124463
INFO:root:acc: 0.5652, tpr: 0.6562, tnr: 0.3571, ppv: 0.7, npv: 0.3125, auc: 0.6501
INFO:root:[validation] The current loss: 0.2352067, acc*auc: 0.3675
INFO:root:[1/5][80/100] loss: 0.016065468
INFO:root:acc: 0.7391, tpr: 0.9531, tnr: 0.25, ppv: 0.7439, npv: 0.7, auc: 0.5837
INFO:root:[validation] The current loss: 0.30853118, acc*auc: 0.4314
INFO:root:trigger times: 1
INFO:root:[1/5][81/100] loss: 0.016485504
INFO:root:acc: 0.6739, tpr: 0.8281, tnr: 0.3214, ppv: 0.7361, npv: 0.45, auc: 0.6317
INFO:root:[validation] The current loss: 0.29936838, acc*auc: 0.4257
INFO:root:[1/5][82/100] loss: 0.017469531
INFO:root:acc: 0.5761, tpr: 0.5625, tnr: 0.6071, ppv: 0.766, npv: 0.3778, auc: 0.6445
INFO:root:[validation] The current loss: 0.23738794, acc*auc: 0.3713
INFO:root:[1/5][83/100] loss: 0.016772044
INFO:root:acc: 0.6304, tpr: 0.7188, tnr: 0.4286, ppv: 0.7419, npv: 0.4, auc: 0.6362
INFO:root:[validation] The current loss: 0.27438613, acc*auc: 0.4011
INFO:root:trigger times: 1
INFO:root:[1/5][84/100] loss: 0.017276107
INFO:root:acc: 0.5761, tpr: 0.6406, tnr: 0.4286, ppv: 0.7193, npv: 0.3429, auc: 0.6161
INFO:root:[validation] The current loss: 0.26712321, acc*auc: 0.3549
INFO:root:[1/5][85/100] loss: 0.017013048
INFO:root:acc: 0.7174, tpr: 0.9844, tnr: 0.1071, ppv: 0.7159, npv: 0.75, auc: 0.5938
INFO:root:[validation] The current loss: 0.35049444, acc*auc: 0.426
INFO:root:trigger times: 1
INFO:root:[1/5][86/100] loss: 0.01669779
INFO:root:acc: 0.6957, tpr: 1.0, tnr: 0.0, ppv: 0.6957, npv: nan, auc: 0.5458
INFO:root:[validation] The current loss: 0.3668662, acc*auc: 0.3797
INFO:root:trigger times: 2
INFO:root:[1/5][87/100] loss: 0.016109317
INFO:root:acc: 0.6304, tpr: 0.7812, tnr: 0.2857, ppv: 0.7143, npv: 0.3636, auc: 0.6071
INFO:root:[validation] The current loss: 0.27984289, acc*auc: 0.3828
INFO:root:[1/5][88/100] loss: 0.01648275
INFO:root:acc: 0.6304, tpr: 0.75, tnr: 0.3571, ppv: 0.7273, npv: 0.3846, auc: 0.6122
INFO:root:[validation] The current loss: 0.24719789, acc*auc: 0.3859
INFO:root:[1/5][89/100] loss: 0.017363316
INFO:root:acc: 0.663, tpr: 0.875, tnr: 0.1786, ppv: 0.7089, npv: 0.3846, auc: 0.6071
INFO:root:[validation] The current loss: 0.30146144, acc*auc: 0.4026
INFO:root:trigger times: 1
INFO:root:[1/5][90/100] loss: 0.015518324
INFO:root:acc: 0.6413, tpr: 0.7656, tnr: 0.3571, ppv: 0.7313, npv: 0.4, auc: 0.6183
INFO:root:[validation] The current loss: 0.27142592, acc*auc: 0.3965
INFO:root:[1/5][91/100] loss: 0.014746894
INFO:root:acc: 0.6087, tpr: 0.5781, tnr: 0.6786, ppv: 0.8043, npv: 0.413, auc: 0.6797
INFO:root:[validation] The current loss: 0.23226212, acc*auc: 0.4137
INFO:root:[1/5][92/100] loss: 0.015933976
INFO:root:acc: 0.5978, tpr: 0.5156, tnr: 0.7857, ppv: 0.8462, npv: 0.4151, auc: 0.6685
INFO:root:[validation] The current loss: 0.24524361, acc*auc: 0.3997
INFO:root:trigger times: 1
INFO:root:[1/5][93/100] loss: 0.014947906
INFO:root:acc: 0.6196, tpr: 0.6719, tnr: 0.5, ppv: 0.7544, npv: 0.4, auc: 0.6523
INFO:root:[validation] The current loss: 0.24378283, acc*auc: 0.4042
INFO:root:[1/5][94/100] loss: 0.015134409
INFO:root:acc: 0.6522, tpr: 0.8125, tnr: 0.2857, ppv: 0.7222, npv: 0.4, auc: 0.6239
INFO:root:[validation] The current loss: 0.28790726, acc*auc: 0.4069
INFO:root:trigger times: 1
INFO:root:[1/5][95/100] loss: 0.015142795
INFO:root:acc: 0.5978, tpr: 0.6719, tnr: 0.4286, ppv: 0.7288, npv: 0.3636, auc: 0.6406
INFO:root:[validation] The current loss: 0.26123008, acc*auc: 0.383
INFO:root:[1/5][96/100] loss: 0.015097445
INFO:root:acc: 0.587, tpr: 0.7188, tnr: 0.2857, ppv: 0.697, npv: 0.3077, auc: 0.625
INFO:root:[validation] The current loss: 0.28370077, acc*auc: 0.3668
INFO:root:trigger times: 1
INFO:root:[1/5][97/100] loss: 0.014806514
INFO:root:acc: 0.5978, tpr: 0.7188, tnr: 0.3214, ppv: 0.7077, npv: 0.3333, auc: 0.6261
INFO:root:[validation] The current loss: 0.28338929, acc*auc: 0.3743
INFO:root:[1/5][98/100] loss: 0.014830338
INFO:root:acc: 0.587, tpr: 0.7031, tnr: 0.3214, ppv: 0.7031, npv: 0.3214, auc: 0.6222
INFO:root:[validation] The current loss: 0.2754667, acc*auc: 0.3652
INFO:root:[1/5][99/100] loss: 0.01493133
INFO:root:acc: 0.6413, tpr: 0.7812, tnr: 0.3214, ppv: 0.7246, npv: 0.3913, auc: 0.6295
INFO:root:[validation] The current loss: 0.2699559, acc*auc: 0.4037
INFO:root:stopping! Epoch = 100
WARNING:root:weights = [2, 1]
INFO:root:data sampling method: no-sampling
INFO:root:training set size: 819
INFO:root:data sampling method: no-sampling
INFO:root:val set size: 92
INFO:root:[2/5][0/100] loss: 0.029235768
INFO:root:acc: 0.3043, tpr: 0.0, tnr: 1.0, ppv: nan, npv: 0.3043, auc: 0.5011
INFO:root:[validation] The current loss: 0.22714995, acc*auc: 0.1525
INFO:root:Recording best auc model. (model/under-sampling/auc)
CRITICAL:root:Recording best acc*auc model. (model/under-sampling/acc_auc_mul)
INFO:root:[2/5][1/100] loss: 0.029244461
INFO:root:acc: 0.3043, tpr: 0.0, tnr: 1.0, ppv: nan, npv: 0.3043, auc: 0.5073
INFO:root:[validation] The current loss: 0.22709374, acc*auc: 0.1544
INFO:root:Recording best auc model. (model/under-sampling/auc)
CRITICAL:root:Recording best acc*auc model. (model/under-sampling/acc_auc_mul)
INFO:root:[2/5][2/100] loss: 0.029106437
INFO:root:acc: 0.3152, tpr: 0.01562, tnr: 1.0, ppv: 1.0, npv: 0.3077, auc: 0.5315
INFO:root:[validation] The current loss: 0.22651841, acc*auc: 0.1675
INFO:root:Recording best auc model. (model/under-sampling/auc)
CRITICAL:root:Recording best acc*auc model. (model/under-sampling/acc_auc_mul)
INFO:root:[2/5][3/100] loss: 0.029041649
INFO:root:acc: 0.3261, tpr: 0.03125, tnr: 1.0, ppv: 1.0, npv: 0.3111, auc: 0.5296
INFO:root:[validation] The current loss: 0.2256732, acc*auc: 0.1727
CRITICAL:root:Recording best acc*auc model. (model/under-sampling/acc_auc_mul)
INFO:root:[2/5][4/100] loss: 0.028931431
INFO:root:acc: 0.3696, tpr: 0.09375, tnr: 1.0, ppv: 1.0, npv: 0.3256, auc: 0.5156
INFO:root:[validation] The current loss: 0.22554145, acc*auc: 0.1906
CRITICAL:root:Recording best acc*auc model. (model/under-sampling/acc_auc_mul)
INFO:root:[2/5][5/100] loss: 0.028880589
INFO:root:acc: 0.3913, tpr: 0.1406, tnr: 0.9643, ppv: 0.9, npv: 0.3293, auc: 0.5781
INFO:root:[validation] The current loss: 0.22307761, acc*auc: 0.2262
INFO:root:Recording best auc model. (model/under-sampling/auc)
CRITICAL:root:Recording best acc*auc model. (model/under-sampling/acc_auc_mul)
INFO:root:[2/5][6/100] loss: 0.028684672
INFO:root:acc: 0.3804, tpr: 0.1719, tnr: 0.8571, ppv: 0.7333, npv: 0.3117, auc: 0.5346
INFO:root:[validation] The current loss: 0.22462945, acc*auc: 0.2034
INFO:root:trigger times: 1
INFO:root:[2/5][7/100] loss: 0.0287645
INFO:root:acc: 0.4565, tpr: 0.2656, tnr: 0.8929, ppv: 0.85, npv: 0.3472, auc: 0.6038
INFO:root:[validation] The current loss: 0.22130389, acc*auc: 0.2756
INFO:root:Recording best auc model. (model/under-sampling/auc)
CRITICAL:root:Recording best acc*auc model. (model/under-sampling/acc_auc_mul)
INFO:root:[2/5][8/100] loss: 0.02865236
INFO:root:acc: 0.4891, tpr: 0.3594, tnr: 0.7857, ppv: 0.7931, npv: 0.3492, auc: 0.6228
INFO:root:[validation] The current loss: 0.22030616, acc*auc: 0.3046
INFO:root:Recording best auc model. (model/under-sampling/auc)
CRITICAL:root:Recording best acc*auc model. (model/under-sampling/acc_auc_mul)
INFO:root:[2/5][9/100] loss: 0.028682597
INFO:root:acc: 0.413, tpr: 0.2031, tnr: 0.8929, ppv: 0.8125, npv: 0.3289, auc: 0.5787
INFO:root:[validation] The current loss: 0.22484745, acc*auc: 0.239
INFO:root:trigger times: 1
INFO:root:[2/5][10/100] loss: 0.028411754
INFO:root:acc: 0.5326, tpr: 0.5469, tnr: 0.5, ppv: 0.7143, npv: 0.3256, auc: 0.5642
INFO:root:[validation] The current loss: 0.22368352, acc*auc: 0.3005
INFO:root:[2/5][11/100] loss: 0.02849859
INFO:root:acc: 0.663, tpr: 0.8594, tnr: 0.2143, ppv: 0.7143, npv: 0.4, auc: 0.6629
INFO:root:[validation] The current loss: 0.22152505, acc*auc: 0.4396
INFO:root:Recording best auc model. (model/under-sampling/auc)
CRITICAL:root:Recording best acc*auc model. (model/under-sampling/acc_auc_mul)
INFO:root:[2/5][12/100] loss: 0.028087925
INFO:root:acc: 0.3696, tpr: 0.1406, tnr: 0.8929, ppv: 0.75, npv: 0.3125, auc: 0.591
INFO:root:[validation] The current loss: 0.22896098, acc*auc: 0.2184
INFO:root:trigger times: 1
INFO:root:[2/5][13/100] loss: 0.027988166
INFO:root:acc: 0.6304, tpr: 0.7031, tnr: 0.4643, ppv: 0.75, npv: 0.4062, auc: 0.6172
INFO:root:[validation] The current loss: 0.2221246, acc*auc: 0.3891
INFO:root:[2/5][14/100] loss: 0.027779722
INFO:root:acc: 0.587, tpr: 0.5312, tnr: 0.7143, ppv: 0.8095, npv: 0.4, auc: 0.6881
INFO:root:[validation] The current loss: 0.21665843, acc*auc: 0.4039
INFO:root:Recording best auc model. (model/under-sampling/auc)
INFO:root:[2/5][15/100] loss: 0.027558289
INFO:root:acc: 0.5109, tpr: 0.3906, tnr: 0.7857, ppv: 0.8065, npv: 0.3607, auc: 0.6551
INFO:root:[validation] The current loss: 0.21858723, acc*auc: 0.3347
INFO:root:trigger times: 1
INFO:root:[2/5][16/100] loss: 0.027371466
INFO:root:acc: 0.5109, tpr: 0.3594, tnr: 0.8571, ppv: 0.8519, npv: 0.3692, auc: 0.6507
INFO:root:[validation] The current loss: 0.21902415, acc*auc: 0.3324
INFO:root:trigger times: 2
INFO:root:[2/5][17/100] loss: 0.027436426
INFO:root:acc: 0.6413, tpr: 0.6875, tnr: 0.5357, ppv: 0.7719, npv: 0.4286, auc: 0.6596
INFO:root:[validation] The current loss: 0.21456219, acc*auc: 0.423
INFO:root:[2/5][18/100] loss: 0.027623205
INFO:root:acc: 0.5978, tpr: 0.4844, tnr: 0.8571, ppv: 0.8857, npv: 0.4211, auc: 0.6992
INFO:root:[validation] The current loss: 0.21506855, acc*auc: 0.418
INFO:root:trigger times: 1
INFO:root:Recording best auc model. (model/under-sampling/auc)
INFO:root:[2/5][19/100] loss: 0.027350521
INFO:root:acc: 0.6087, tpr: 0.5, tnr: 0.8571, ppv: 0.8889, npv: 0.4286, auc: 0.6802
INFO:root:[validation] The current loss: 0.21512109, acc*auc: 0.4141
INFO:root:trigger times: 2
INFO:root:[2/5][20/100] loss: 0.027019371
INFO:root:acc: 0.5109, tpr: 0.3594, tnr: 0.8571, ppv: 0.8519, npv: 0.3692, auc: 0.6574
INFO:root:[validation] The current loss: 0.21717819, acc*auc: 0.3358
INFO:root:trigger times: 3
INFO:root:[2/5][21/100] loss: 0.026616215
INFO:root:acc: 0.5326, tpr: 0.4531, tnr: 0.7143, ppv: 0.7838, npv: 0.3636, auc: 0.6657
INFO:root:[validation] The current loss: 0.21474479, acc*auc: 0.3546
INFO:root:[2/5][22/100] loss: 0.026750151
INFO:root:acc: 0.5978, tpr: 0.5625, tnr: 0.6786, ppv: 0.8, npv: 0.4043, auc: 0.6925
INFO:root:[validation] The current loss: 0.21363768, acc*auc: 0.414
INFO:root:[2/5][23/100] loss: 0.026479535
INFO:root:acc: 0.5435, tpr: 0.4688, tnr: 0.7143, ppv: 0.7895, npv: 0.3704, auc: 0.6858
INFO:root:[validation] The current loss: 0.21383112, acc*auc: 0.3727
INFO:root:trigger times: 1
INFO:root:[2/5][24/100] loss: 0.026385609
INFO:root:acc: 0.5326, tpr: 0.4531, tnr: 0.7143, ppv: 0.7838, npv: 0.3636, auc: 0.6769
INFO:root:[validation] The current loss: 0.21413454, acc*auc: 0.3605
INFO:root:trigger times: 2
INFO:root:[2/5][25/100] loss: 0.026253213
INFO:root:acc: 0.5435, tpr: 0.4688, tnr: 0.7143, ppv: 0.7895, npv: 0.3704, auc: 0.6797
INFO:root:[validation] The current loss: 0.21406495, acc*auc: 0.3694
INFO:root:[2/5][26/100] loss: 0.026064504
INFO:root:acc: 0.5543, tpr: 0.4062, tnr: 0.8929, ppv: 0.8966, npv: 0.3968, auc: 0.6786
INFO:root:[validation] The current loss: 0.21477205, acc*auc: 0.3762
INFO:root:trigger times: 1
INFO:root:[2/5][27/100] loss: 0.026134711
INFO:root:acc: 0.587, tpr: 0.4688, tnr: 0.8571, ppv: 0.8824, npv: 0.4138, auc: 0.683
INFO:root:[validation] The current loss: 0.21305723, acc*auc: 0.4009
INFO:root:[2/5][28/100] loss: 0.026256361
INFO:root:acc: 0.5435, tpr: 0.4062, tnr: 0.8571, ppv: 0.8667, npv: 0.3871, auc: 0.6814
INFO:root:[validation] The current loss: 0.21475178, acc*auc: 0.3703
INFO:root:trigger times: 1
INFO:root:[2/5][29/100] loss: 0.026052893
INFO:root:acc: 0.5978, tpr: 0.5625, tnr: 0.6786, ppv: 0.8, npv: 0.4043, auc: 0.6808
INFO:root:[validation] The current loss: 0.21367214, acc*auc: 0.407
INFO:root:[2/5][30/100] loss: 0.026152554
INFO:root:acc: 0.6522, tpr: 0.6875, tnr: 0.5714, ppv: 0.7857, npv: 0.4444, auc: 0.7003
INFO:root:[validation] The current loss: 0.2131965, acc*auc: 0.4567
INFO:root:Recording best auc model. (model/under-sampling/auc)
CRITICAL:root:Recording best acc*auc model. (model/under-sampling/acc_auc_mul)
INFO:root:[2/5][31/100] loss: 0.025967283
INFO:root:acc: 0.5652, tpr: 0.4219, tnr: 0.8929, ppv: 0.9, npv: 0.4032, auc: 0.6562
INFO:root:[validation] The current loss: 0.2144233, acc*auc: 0.3709
INFO:root:trigger times: 1
INFO:root:[2/5][32/100] loss: 0.025823726
INFO:root:acc: 0.4891, tpr: 0.3281, tnr: 0.8571, ppv: 0.84, npv: 0.3582, auc: 0.6451
INFO:root:[validation] The current loss: 0.23044805, acc*auc: 0.3155
INFO:root:trigger times: 2
INFO:root:[2/5][33/100] loss: 0.025459495
INFO:root:acc: 0.7283, tpr: 0.8438, tnr: 0.4643, ppv: 0.7826, npv: 0.5652, auc: 0.6719
INFO:root:[validation] The current loss: 0.21766229, acc*auc: 0.4893
CRITICAL:root:Recording best acc*auc model. (model/under-sampling/acc_auc_mul)
INFO:root:[2/5][34/100] loss: 0.025001126
INFO:root:acc: 0.6522, tpr: 0.7969, tnr: 0.3214, ppv: 0.7286, npv: 0.4091, auc: 0.6362
INFO:root:[validation] The current loss: 0.22550243, acc*auc: 0.4149
INFO:root:trigger times: 1
INFO:root:[2/5][35/100] loss: 0.025108773
INFO:root:acc: 0.6196, tpr: 0.6094, tnr: 0.6429, ppv: 0.7959, npv: 0.4186, auc: 0.6501
INFO:root:[validation] The current loss: 0.22093775, acc*auc: 0.4028
INFO:root:[2/5][36/100] loss: 0.024967818
INFO:root:acc: 0.6522, tpr: 0.7656, tnr: 0.3929, ppv: 0.7424, npv: 0.4231, auc: 0.6228
INFO:root:[validation] The current loss: 0.23175493, acc*auc: 0.4062
INFO:root:trigger times: 1
INFO:root:[2/5][37/100] loss: 0.024350008
INFO:root:acc: 0.5761, tpr: 0.5938, tnr: 0.5357, ppv: 0.7451, npv: 0.3659, auc: 0.5977
INFO:root:[validation] The current loss: 0.22964191, acc*auc: 0.3443
INFO:root:[2/5][38/100] loss: 0.024422988
INFO:root:acc: 0.4783, tpr: 0.3125, tnr: 0.8571, ppv: 0.8333, npv: 0.3529, auc: 0.6423
INFO:root:[validation] The current loss: 0.23827288, acc*auc: 0.3072
INFO:root:trigger times: 1
INFO:root:[2/5][39/100] loss: 0.023471818
INFO:root:acc: 0.5435, tpr: 0.4688, tnr: 0.7143, ppv: 0.7895, npv: 0.3704, auc: 0.6462
INFO:root:[validation] The current loss: 0.22609116, acc*auc: 0.3512
INFO:root:[2/5][40/100] loss: 0.022764002
INFO:root:acc: 0.6087, tpr: 0.6406, tnr: 0.5357, ppv: 0.7593, npv: 0.3947, auc: 0.5982
INFO:root:[validation] The current loss: 0.23752255, acc*auc: 0.3641
INFO:root:trigger times: 1
INFO:root:[2/5][41/100] loss: 0.022575576
INFO:root:acc: 0.6522, tpr: 0.8125, tnr: 0.2857, ppv: 0.7222, npv: 0.4, auc: 0.6088
INFO:root:[validation] The current loss: 0.22665285, acc*auc: 0.3971
INFO:root:[2/5][42/100] loss: 0.022038932
INFO:root:acc: 0.6087, tpr: 0.5625, tnr: 0.7143, ppv: 0.8182, npv: 0.4167, auc: 0.6546
INFO:root:[validation] The current loss: 0.22028797, acc*auc: 0.3984
INFO:root:[2/5][43/100] loss: 0.021944707
INFO:root:acc: 0.6957, tpr: 0.8594, tnr: 0.3214, ppv: 0.7432, npv: 0.5, auc: 0.6038
INFO:root:[validation] The current loss: 0.26375535, acc*auc: 0.42
INFO:root:trigger times: 1
INFO:root:[2/5][44/100] loss: 0.02083395
INFO:root:acc: 0.5326, tpr: 0.4375, tnr: 0.75, ppv: 0.8, npv: 0.3684, auc: 0.5977
INFO:root:[validation] The current loss: 0.24451503, acc*auc: 0.3183
INFO:root:[2/5][45/100] loss: 0.020197294
INFO:root:acc: 0.6304, tpr: 0.6094, tnr: 0.6786, ppv: 0.8125, npv: 0.4318, auc: 0.63
INFO:root:[validation] The current loss: 0.22480624, acc*auc: 0.3972
INFO:root:[2/5][46/100] loss: 0.019946817
INFO:root:acc: 0.6304, tpr: 0.7188, tnr: 0.4286, ppv: 0.7419, npv: 0.4, auc: 0.6228
INFO:root:[validation] The current loss: 0.24262381, acc*auc: 0.3926
INFO:root:trigger times: 1
INFO:root:[2/5][47/100] loss: 0.019982403
INFO:root:acc: 0.6304, tpr: 0.6719, tnr: 0.5357, ppv: 0.7679, npv: 0.4167, auc: 0.625
INFO:root:[validation] The current loss: 0.22894001, acc*auc: 0.394
INFO:root:[2/5][48/100] loss: 0.019471299
INFO:root:acc: 0.5978, tpr: 0.6406, tnr: 0.5, ppv: 0.7455, npv: 0.3784, auc: 0.6233
INFO:root:[validation] The current loss: 0.23103003, acc*auc: 0.3726
INFO:root:trigger times: 1
INFO:root:[2/5][49/100] loss: 0.019226875
INFO:root:acc: 0.6196, tpr: 0.7031, tnr: 0.4286, ppv: 0.7377, npv: 0.3871, auc: 0.6222
INFO:root:[validation] The current loss: 0.22799908, acc*auc: 0.3855
INFO:root:[2/5][50/100] loss: 0.019164014
INFO:root:acc: 0.587, tpr: 0.6406, tnr: 0.4643, ppv: 0.7321, npv: 0.3611, auc: 0.6272
INFO:root:[validation] The current loss: 0.22220241, acc*auc: 0.3682
INFO:root:[2/5][51/100] loss: 0.019445905
INFO:root:acc: 0.6304, tpr: 0.7031, tnr: 0.4643, ppv: 0.75, npv: 0.4062, auc: 0.62
INFO:root:[validation] The current loss: 0.23168919, acc*auc: 0.3909
INFO:root:trigger times: 1
INFO:root:[2/5][52/100] loss: 0.019478826
INFO:root:acc: 0.6087, tpr: 0.6562, tnr: 0.5, ppv: 0.75, npv: 0.3889, auc: 0.6272
INFO:root:[validation] The current loss: 0.23547595, acc*auc: 0.3818
INFO:root:trigger times: 2
INFO:root:[2/5][53/100] loss: 0.019598077
INFO:root:acc: 0.5761, tpr: 0.6562, tnr: 0.3929, ppv: 0.7119, npv: 0.3333, auc: 0.5971
INFO:root:[validation] The current loss: 0.23310857, acc*auc: 0.344
INFO:root:[2/5][54/100] loss: 0.019395089
INFO:root:acc: 0.6522, tpr: 0.8438, tnr: 0.2143, ppv: 0.7105, npv: 0.375, auc: 0.6088
INFO:root:[validation] The current loss: 0.24908155, acc*auc: 0.3971
INFO:root:trigger times: 1
INFO:root:[2/5][55/100] loss: 0.020146251
INFO:root:acc: 0.5652, tpr: 0.5938, tnr: 0.5, ppv: 0.7308, npv: 0.35, auc: 0.5915
INFO:root:[validation] The current loss: 0.25049953, acc*auc: 0.3343
INFO:root:trigger times: 2
INFO:root:[2/5][56/100] loss: 0.019585637
INFO:root:acc: 0.6522, tpr: 0.7812, tnr: 0.3571, ppv: 0.7353, npv: 0.4167, auc: 0.5993
INFO:root:[validation] The current loss: 0.25133784, acc*auc: 0.3909
INFO:root:trigger times: 3
INFO:root:[2/5][57/100] loss: 0.01989561
INFO:root:acc: 0.7391, tpr: 0.9688, tnr: 0.2143, ppv: 0.7381, npv: 0.75, auc: 0.5921
INFO:root:[validation] The current loss: 0.26244862, acc*auc: 0.4376
INFO:root:trigger times: 4
INFO:root:[2/5][58/100] loss: 0.019480148
INFO:root:acc: 0.6196, tpr: 0.7656, tnr: 0.2857, ppv: 0.7101, npv: 0.3478, auc: 0.5831
INFO:root:[validation] The current loss: 0.26304174, acc*auc: 0.3613
INFO:root:trigger times: 5
WARNING:root:Early stopping!
Epoch = 58
WARNING:root:weights = [2, 1]
INFO:root:data sampling method: no-sampling
INFO:root:training set size: 819
INFO:root:data sampling method: no-sampling
INFO:root:val set size: 92
INFO:root:[3/5][0/100] loss: 0.029235769
INFO:root:acc: 0.3043, tpr: 0.0, tnr: 1.0, ppv: nan, npv: 0.3043, auc: 0.5011
INFO:root:[validation] The current loss: 0.22714996, acc*auc: 0.1525
INFO:root:Recording best auc model. (model/under-sampling/auc)
CRITICAL:root:Recording best acc*auc model. (model/under-sampling/acc_auc_mul)
INFO:root:[3/5][1/100] loss: 0.029244463
INFO:root:acc: 0.3043, tpr: 0.0, tnr: 1.0, ppv: nan, npv: 0.3043, auc: 0.5073
INFO:root:[validation] The current loss: 0.22709363, acc*auc: 0.1544
INFO:root:Recording best auc model. (model/under-sampling/auc)
CRITICAL:root:Recording best acc*auc model. (model/under-sampling/acc_auc_mul)
INFO:root:[3/5][2/100] loss: 0.02910644
INFO:root:acc: 0.3152, tpr: 0.01562, tnr: 1.0, ppv: 1.0, npv: 0.3077, auc: 0.5312
INFO:root:[validation] The current loss: 0.22651838, acc*auc: 0.1675
INFO:root:Recording best auc model. (model/under-sampling/auc)
CRITICAL:root:Recording best acc*auc model. (model/under-sampling/acc_auc_mul)
INFO:root:[3/5][3/100] loss: 0.02904187
INFO:root:acc: 0.3261, tpr: 0.03125, tnr: 1.0, ppv: 1.0, npv: 0.3111, auc: 0.5285
INFO:root:[validation] The current loss: 0.22567701, acc*auc: 0.1723
CRITICAL:root:Recording best acc*auc model. (model/under-sampling/acc_auc_mul)
INFO:root:[3/5][4/100] loss: 0.028944169
INFO:root:acc: 0.3696, tpr: 0.09375, tnr: 1.0, ppv: 1.0, npv: 0.3256, auc: 0.505
INFO:root:[validation] The current loss: 0.22632249, acc*auc: 0.1866
INFO:root:trigger times: 1
CRITICAL:root:Recording best acc*auc model. (model/under-sampling/acc_auc_mul)
INFO:root:[3/5][5/100] loss: 0.028861197
INFO:root:acc: 0.3804, tpr: 0.125, tnr: 0.9643, ppv: 0.8889, npv: 0.3253, auc: 0.5731
INFO:root:[validation] The current loss: 0.22373385, acc*auc: 0.218
INFO:root:Recording best auc model. (model/under-sampling/auc)
CRITICAL:root:Recording best acc*auc model. (model/under-sampling/acc_auc_mul)
INFO:root:[3/5][6/100] loss: 0.028674747
INFO:root:acc: 0.3587, tpr: 0.1875, tnr: 0.75, ppv: 0.6316, npv: 0.2877, auc: 0.5223
INFO:root:[validation] The current loss: 0.22630202, acc*auc: 0.1874
INFO:root:trigger times: 1
INFO:root:[3/5][7/100] loss: 0.028740752
INFO:root:acc: 0.413, tpr: 0.1875, tnr: 0.9286, ppv: 0.8571, npv: 0.3333, auc: 0.5508
INFO:root:[validation] The current loss: 0.22355693, acc*auc: 0.2275
CRITICAL:root:Recording best acc*auc model. (model/under-sampling/acc_auc_mul)
INFO:root:[3/5][8/100] loss: 0.028676063
INFO:root:acc: 0.4239, tpr: 0.2656, tnr: 0.7857, ppv: 0.7391, npv: 0.3188, auc: 0.5977
INFO:root:[validation] The current loss: 0.22219139, acc*auc: 0.2534
INFO:root:Recording best auc model. (model/under-sampling/auc)
CRITICAL:root:Recording best acc*auc model. (model/under-sampling/acc_auc_mul)
INFO:root:[3/5][9/100] loss: 0.028598427
INFO:root:acc: 0.4891, tpr: 0.3906, tnr: 0.7143, ppv: 0.7576, npv: 0.339, auc: 0.5787
INFO:root:[validation] The current loss: 0.22048858, acc*auc: 0.2831
CRITICAL:root:Recording best acc*auc model. (model/under-sampling/acc_auc_mul)
INFO:root:[3/5][10/100] loss: 0.02844185
INFO:root:acc: 0.413, tpr: 0.25, tnr: 0.7857, ppv: 0.7273, npv: 0.3143, auc: 0.5513
INFO:root:[validation] The current loss: 0.22621391, acc*auc: 0.2277
INFO:root:trigger times: 1
INFO:root:[3/5][11/100] loss: 0.028428723
INFO:root:acc: 0.5326, tpr: 0.4531, tnr: 0.7143, ppv: 0.7838, npv: 0.3636, auc: 0.6551
INFO:root:[validation] The current loss: 0.21903402, acc*auc: 0.3489
INFO:root:Recording best auc model. (model/under-sampling/auc)
CRITICAL:root:Recording best acc*auc model. (model/under-sampling/acc_auc_mul)
INFO:root:[3/5][12/100] loss: 0.028174997
INFO:root:acc: 0.4022, tpr: 0.1875, tnr: 0.8929, ppv: 0.8, npv: 0.3247, auc: 0.6027
INFO:root:[validation] The current loss: 0.22711524, acc*auc: 0.2424
INFO:root:trigger times: 1
INFO:root:[3/5][13/100] loss: 0.027973891
INFO:root:acc: 0.6848, tpr: 0.8125, tnr: 0.3929, ppv: 0.7536, npv: 0.4783, auc: 0.6562
INFO:root:[validation] The current loss: 0.21913044, acc*auc: 0.4494
INFO:root:Recording best auc model. (model/under-sampling/auc)
CRITICAL:root:Recording best acc*auc model. (model/under-sampling/acc_auc_mul)
INFO:root:[3/5][14/100] loss: 0.0278043
INFO:root:acc: 0.6739, tpr: 0.8281, tnr: 0.3214, ppv: 0.7361, npv: 0.45, auc: 0.6613
INFO:root:[validation] The current loss: 0.21832821, acc*auc: 0.4456
INFO:root:Recording best auc model. (model/under-sampling/auc)
INFO:root:[3/5][15/100] loss: 0.027694788
INFO:root:acc: 0.4457, tpr: 0.3125, tnr: 0.75, ppv: 0.7407, npv: 0.3231, auc: 0.6323
INFO:root:[validation] The current loss: 0.22103282, acc*auc: 0.2818
INFO:root:trigger times: 1
INFO:root:[3/5][16/100] loss: 0.027453269
INFO:root:acc: 0.7283, tpr: 0.875, tnr: 0.3929, ppv: 0.7671, npv: 0.5789, auc: 0.7076
INFO:root:[validation] The current loss: 0.21637295, acc*auc: 0.5153
INFO:root:Recording best auc model. (model/under-sampling/auc)
CRITICAL:root:Recording best acc*auc model. (model/under-sampling/acc_auc_mul)
INFO:root:[3/5][17/100] loss: 0.027458732
INFO:root:acc: 0.663, tpr: 0.7969, tnr: 0.3571, ppv: 0.7391, npv: 0.4348, auc: 0.678
INFO:root:[validation] The current loss: 0.21470522, acc*auc: 0.4496
INFO:root:[3/5][18/100] loss: 0.027631645
INFO:root:acc: 0.5326, tpr: 0.375, tnr: 0.8929, ppv: 0.8889, npv: 0.3846, auc: 0.6429
INFO:root:[validation] The current loss: 0.21635102, acc*auc: 0.3424
INFO:root:trigger times: 1
INFO:root:[3/5][19/100] loss: 0.027402813
INFO:root:acc: 0.5109, tpr: 0.3438, tnr: 0.8929, ppv: 0.88, npv: 0.3731, auc: 0.6696
INFO:root:[validation] The current loss: 0.21520086, acc*auc: 0.3421
INFO:root:[3/5][20/100] loss: 0.027155022
INFO:root:acc: 0.5326, tpr: 0.375, tnr: 0.8929, ppv: 0.8889, npv: 0.3846, auc: 0.6596
INFO:root:[validation] The current loss: 0.21542426, acc*auc: 0.3513
INFO:root:trigger times: 1
INFO:root:[3/5][21/100] loss: 0.026775225
INFO:root:acc: 0.587, tpr: 0.4844, tnr: 0.8214, ppv: 0.8611, npv: 0.4107, auc: 0.6602
INFO:root:[validation] The current loss: 0.21398912, acc*auc: 0.3875
INFO:root:[3/5][22/100] loss: 0.026827828
INFO:root:acc: 0.5761, tpr: 0.4688, tnr: 0.8214, ppv: 0.8571, npv: 0.4035, auc: 0.6669
INFO:root:[validation] The current loss: 0.21376789, acc*auc: 0.3842
INFO:root:[3/5][23/100] loss: 0.026576373
INFO:root:acc: 0.5652, tpr: 0.4531, tnr: 0.8214, ppv: 0.8529, npv: 0.3966, auc: 0.6797
INFO:root:[validation] The current loss: 0.21380713, acc*auc: 0.3842
INFO:root:trigger times: 1
INFO:root:[3/5][24/100] loss: 0.026517526
INFO:root:acc: 0.5761, tpr: 0.4375, tnr: 0.8929, ppv: 0.9032, npv: 0.4098, auc: 0.6641
INFO:root:[validation] The current loss: 0.21418308, acc*auc: 0.3826
INFO:root:trigger times: 2
INFO:root:[3/5][25/100] loss: 0.026270814
INFO:root:acc: 0.5652, tpr: 0.4375, tnr: 0.8571, ppv: 0.875, npv: 0.4, auc: 0.6719
INFO:root:[validation] The current loss: 0.21460163, acc*auc: 0.3798
INFO:root:trigger times: 3
INFO:root:[3/5][26/100] loss: 0.026170131
INFO:root:acc: 0.5326, tpr: 0.3594, tnr: 0.9286, ppv: 0.92, npv: 0.3881, auc: 0.6696
INFO:root:[validation] The current loss: 0.21567595, acc*auc: 0.3567
INFO:root:trigger times: 4
INFO:root:[3/5][27/100] loss: 0.026313979
INFO:root:acc: 0.587, tpr: 0.4531, tnr: 0.8929, ppv: 0.9062, npv: 0.4167, auc: 0.6708
INFO:root:[validation] The current loss: 0.2137486, acc*auc: 0.3937
INFO:root:[3/5][28/100] loss: 0.026475348
INFO:root:acc: 0.5435, tpr: 0.3906, tnr: 0.8929, ppv: 0.8929, npv: 0.3906, auc: 0.6641
INFO:root:[validation] The current loss: 0.2148938, acc*auc: 0.3609
INFO:root:trigger times: 1
INFO:root:[3/5][29/100] loss: 0.026246732
INFO:root:acc: 0.6739, tpr: 0.6719, tnr: 0.6786, ppv: 0.8269, npv: 0.475, auc: 0.6875
INFO:root:[validation] The current loss: 0.21568986, acc*auc: 0.4633
INFO:root:trigger times: 2
INFO:root:[3/5][30/100] loss: 0.026464257
INFO:root:acc: 0.5435, tpr: 0.4688, tnr: 0.7143, ppv: 0.7895, npv: 0.3704, auc: 0.6669
INFO:root:[validation] The current loss: 0.21160393, acc*auc: 0.3624
INFO:root:[3/5][31/100] loss: 0.026212978
INFO:root:acc: 0.5978, tpr: 0.5, tnr: 0.8214, ppv: 0.8649, npv: 0.4182, auc: 0.6998
INFO:root:[validation] The current loss: 0.21109536, acc*auc: 0.4183
INFO:root:[3/5][32/100] loss: 0.026318223
INFO:root:acc: 0.4891, tpr: 0.2969, tnr: 0.9286, ppv: 0.9048, npv: 0.3662, auc: 0.6674
INFO:root:[validation] The current loss: 0.23096284, acc*auc: 0.3265
INFO:root:trigger times: 1
INFO:root:[3/5][33/100] loss: 0.026169212
INFO:root:acc: 0.7391, tpr: 0.875, tnr: 0.4286, ppv: 0.7778, npv: 0.6, auc: 0.6808
INFO:root:[validation] The current loss: 0.21828702, acc*auc: 0.5032
INFO:root:[3/5][34/100] loss: 0.025622056
INFO:root:acc: 0.6522, tpr: 0.7812, tnr: 0.3571, ppv: 0.7353, npv: 0.4167, auc: 0.6635
INFO:root:[validation] The current loss: 0.22011138, acc*auc: 0.4327
INFO:root:trigger times: 1
INFO:root:[3/5][35/100] loss: 0.025386654
INFO:root:acc: 0.5, tpr: 0.3281, tnr: 0.8929, ppv: 0.875, npv: 0.3676, auc: 0.6836
INFO:root:[validation] The current loss: 0.22706783, acc*auc: 0.3418
INFO:root:trigger times: 2
INFO:root:[3/5][36/100] loss: 0.024718559
INFO:root:acc: 0.6739, tpr: 0.8125, tnr: 0.3571, ppv: 0.7429, npv: 0.4545, auc: 0.654
INFO:root:[validation] The current loss: 0.22351908, acc*auc: 0.4408
INFO:root:[3/5][37/100] loss: 0.025122755
INFO:root:acc: 0.3913, tpr: 0.1562, tnr: 0.9286, ppv: 0.8333, npv: 0.325, auc: 0.6194
INFO:root:[validation] The current loss: 0.24022043, acc*auc: 0.2424
INFO:root:trigger times: 1
INFO:root:[3/5][38/100] loss: 0.024375463
INFO:root:acc: 0.3587, tpr: 0.07812, tnr: 1.0, ppv: 1.0, npv: 0.3218, auc: 0.615
INFO:root:[validation] The current loss: 0.36739283, acc*auc: 0.2206
INFO:root:trigger times: 2
INFO:root:[3/5][39/100] loss: 0.023994793
INFO:root:acc: 0.663, tpr: 0.7344, tnr: 0.5, ppv: 0.7705, npv: 0.4516, auc: 0.6881
INFO:root:[validation] The current loss: 0.2124946, acc*auc: 0.4562
INFO:root:[3/5][40/100] loss: 0.02329122
INFO:root:acc: 0.6413, tpr: 0.8438, tnr: 0.1786, ppv: 0.7013, npv: 0.3333, auc: 0.5469
INFO:root:[validation] The current loss: 0.2697435, acc*auc: 0.3507
INFO:root:trigger times: 1
INFO:root:[3/5][41/100] loss: 0.023353125
INFO:root:acc: 0.6413, tpr: 0.7969, tnr: 0.2857, ppv: 0.7183, npv: 0.381, auc: 0.6071
INFO:root:[validation] The current loss: 0.22836924, acc*auc: 0.3894
INFO:root:[3/5][42/100] loss: 0.021990346
INFO:root:acc: 0.5435, tpr: 0.4219, tnr: 0.8214, ppv: 0.8438, npv: 0.3833, auc: 0.6071
INFO:root:[validation] The current loss: 0.22632949, acc*auc: 0.33
INFO:root:[3/5][43/100] loss: 0.022123438
INFO:root:acc: 0.7174, tpr: 0.9844, tnr: 0.1071, ppv: 0.7159, npv: 0.75, auc: 0.6016
INFO:root:[validation] The current loss: 0.29848421, acc*auc: 0.4316
INFO:root:trigger times: 1
INFO:root:[3/5][44/100] loss: 0.021073245
INFO:root:acc: 0.4783, tpr: 0.2812, tnr: 0.9286, ppv: 0.9, npv: 0.3611, auc: 0.6345
INFO:root:[validation] The current loss: 0.27236941, acc*auc: 0.3035
INFO:root:[3/5][45/100] loss: 0.020393472
INFO:root:acc: 0.6196, tpr: 0.7344, tnr: 0.3571, ppv: 0.7231, npv: 0.3704, auc: 0.601
INFO:root:[validation] The current loss: 0.23089107, acc*auc: 0.3724
INFO:root:[3/5][46/100] loss: 0.020565646
INFO:root:acc: 0.6087, tpr: 0.7656, tnr: 0.25, ppv: 0.7, npv: 0.3182, auc: 0.611
INFO:root:[validation] The current loss: 0.23748592, acc*auc: 0.3719
INFO:root:trigger times: 1
INFO:root:[3/5][47/100] loss: 0.020327761
INFO:root:acc: 0.5978, tpr: 0.6562, tnr: 0.4643, ppv: 0.7368, npv: 0.3714, auc: 0.6272
INFO:root:[validation] The current loss: 0.22410618, acc*auc: 0.375
INFO:root:[3/5][48/100] loss: 0.019979249
INFO:root:acc: 0.5761, tpr: 0.625, tnr: 0.4643, ppv: 0.7273, npv: 0.3514, auc: 0.6311
INFO:root:[validation] The current loss: 0.22523282, acc*auc: 0.3636
INFO:root:trigger times: 1
INFO:root:[3/5][49/100] loss: 0.019622188
INFO:root:acc: 0.6087, tpr: 0.6719, tnr: 0.4643, ppv: 0.7414, npv: 0.3824, auc: 0.6144
INFO:root:[validation] The current loss: 0.22661741, acc*auc: 0.374
INFO:root:trigger times: 2
INFO:root:[3/5][50/100] loss: 0.019513898
INFO:root:acc: 0.5761, tpr: 0.625, tnr: 0.4643, ppv: 0.7273, npv: 0.3514, auc: 0.6217
INFO:root:[validation] The current loss: 0.22179356, acc*auc: 0.3581
INFO:root:[3/5][51/100] loss: 0.019363002
INFO:root:acc: 0.5652, tpr: 0.625, tnr: 0.4286, ppv: 0.7143, npv: 0.3333, auc: 0.6094
INFO:root:[validation] The current loss: 0.22877306, acc*auc: 0.3444
INFO:root:trigger times: 1
INFO:root:[3/5][52/100] loss: 0.019841658
INFO:root:acc: 0.6739, tpr: 0.75, tnr: 0.5, ppv: 0.7742, npv: 0.4667, auc: 0.6323
INFO:root:[validation] The current loss: 0.23356663, acc*auc: 0.4261
INFO:root:trigger times: 2
INFO:root:[3/5][53/100] loss: 0.020203673
INFO:root:acc: 0.5326, tpr: 0.5625, tnr: 0.4643, ppv: 0.7059, npv: 0.3171, auc: 0.5938
INFO:root:[validation] The current loss: 0.22730311, acc*auc: 0.3162
INFO:root:[3/5][54/100] loss: 0.019892914
INFO:root:acc: 0.6848, tpr: 0.8125, tnr: 0.3929, ppv: 0.7536, npv: 0.4783, auc: 0.6429
INFO:root:[validation] The current loss: 0.24099435, acc*auc: 0.4402
INFO:root:trigger times: 1
INFO:root:[3/5][55/100] loss: 0.020586673
INFO:root:acc: 0.6196, tpr: 0.6406, tnr: 0.5714, ppv: 0.7736, npv: 0.4103, auc: 0.6228
INFO:root:[validation] The current loss: 0.24121612, acc*auc: 0.3858
INFO:root:trigger times: 2
INFO:root:[3/5][56/100] loss: 0.020281902
INFO:root:acc: 0.6413, tpr: 0.7969, tnr: 0.2857, ppv: 0.7183, npv: 0.381, auc: 0.5826
INFO:root:[validation] The current loss: 0.24453762, acc*auc: 0.3736
INFO:root:trigger times: 3
INFO:root:[3/5][57/100] loss: 0.019802115
INFO:root:acc: 0.7065, tpr: 0.9062, tnr: 0.25, ppv: 0.7342, npv: 0.5385, auc: 0.6116
INFO:root:[validation] The current loss: 0.24781339, acc*auc: 0.4321
INFO:root:trigger times: 4
INFO:root:[3/5][58/100] loss: 0.019881306
INFO:root:acc: 0.663, tpr: 0.8594, tnr: 0.2143, ppv: 0.7143, npv: 0.4, auc: 0.5698
INFO:root:[validation] The current loss: 0.28468157, acc*auc: 0.3778
INFO:root:trigger times: 5
WARNING:root:Early stopping!
Epoch = 58
WARNING:root:weights = [2, 1]
INFO:root:data sampling method: no-sampling
INFO:root:training set size: 819
INFO:root:data sampling method: no-sampling
INFO:root:val set size: 92
INFO:root:[4/5][0/100] loss: 0.029235768
INFO:root:acc: 0.3043, tpr: 0.0, tnr: 1.0, ppv: nan, npv: 0.3043, auc: 0.5011
INFO:root:[validation] The current loss: 0.22714996, acc*auc: 0.1525
INFO:root:Recording best auc model. (model/under-sampling/auc)
CRITICAL:root:Recording best acc*auc model. (model/under-sampling/acc_auc_mul)
INFO:root:[4/5][1/100] loss: 0.029244462
INFO:root:acc: 0.3043, tpr: 0.0, tnr: 1.0, ppv: nan, npv: 0.3043, auc: 0.5073
INFO:root:[validation] The current loss: 0.22709374, acc*auc: 0.1544
INFO:root:Recording best auc model. (model/under-sampling/auc)
CRITICAL:root:Recording best acc*auc model. (model/under-sampling/acc_auc_mul)
INFO:root:[4/5][2/100] loss: 0.029106441
INFO:root:acc: 0.3152, tpr: 0.01562, tnr: 1.0, ppv: 1.0, npv: 0.3077, auc: 0.5312
INFO:root:[validation] The current loss: 0.22651855, acc*auc: 0.1675
INFO:root:Recording best auc model. (model/under-sampling/auc)
CRITICAL:root:Recording best acc*auc model. (model/under-sampling/acc_auc_mul)
INFO:root:[4/5][3/100] loss: 0.029041833
INFO:root:acc: 0.3261, tpr: 0.03125, tnr: 1.0, ppv: 1.0, npv: 0.3111, auc: 0.5296
INFO:root:[validation] The current loss: 0.22565933, acc*auc: 0.1727
CRITICAL:root:Recording best acc*auc model. (model/under-sampling/acc_auc_mul)
INFO:root:[4/5][4/100] loss: 0.028932489
INFO:root:acc: 0.4022, tpr: 0.1562, tnr: 0.9643, ppv: 0.9091, npv: 0.3333, auc: 0.5246
INFO:root:[validation] The current loss: 0.2249168, acc*auc: 0.211
CRITICAL:root:Recording best acc*auc model. (model/under-sampling/acc_auc_mul)
INFO:root:[4/5][5/100] loss: 0.028879688
INFO:root:acc: 0.3804, tpr: 0.125, tnr: 0.9643, ppv: 0.8889, npv: 0.3253, auc: 0.5759
INFO:root:[validation] The current loss: 0.22338523, acc*auc: 0.2191
INFO:root:Recording best auc model. (model/under-sampling/auc)
CRITICAL:root:Recording best acc*auc model. (model/under-sampling/acc_auc_mul)
INFO:root:[4/5][6/100] loss: 0.028700843
INFO:root:acc: 0.413, tpr: 0.2188, tnr: 0.8571, ppv: 0.7778, npv: 0.3243, auc: 0.534
INFO:root:[validation] The current loss: 0.22419422, acc*auc: 0.2206
INFO:root:trigger times: 1
CRITICAL:root:Recording best acc*auc model. (model/under-sampling/acc_auc_mul)
INFO:root:[4/5][7/100] loss: 0.028745448
INFO:root:acc: 0.413, tpr: 0.1719, tnr: 0.9643, ppv: 0.9167, npv: 0.3375, auc: 0.5988
INFO:root:[validation] The current loss: 0.22239301, acc*auc: 0.2473
INFO:root:Recording best auc model. (model/under-sampling/auc)
CRITICAL:root:Recording best acc*auc model. (model/under-sampling/acc_auc_mul)
INFO:root:[4/5][8/100] loss: 0.028653502
INFO:root:acc: 0.5652, tpr: 0.5156, tnr: 0.6786, ppv: 0.7857, npv: 0.38, auc: 0.6088
INFO:root:[validation] The current loss: 0.22031997, acc*auc: 0.3441
INFO:root:Recording best auc model. (model/under-sampling/auc)
CRITICAL:root:Recording best acc*auc model. (model/under-sampling/acc_auc_mul)
INFO:root:[4/5][9/100] loss: 0.028541635
INFO:root:acc: 0.3804, tpr: 0.1562, tnr: 0.8929, ppv: 0.7692, npv: 0.3165, auc: 0.5932
INFO:root:[validation] The current loss: 0.22344646, acc*auc: 0.2257
INFO:root:trigger times: 1
INFO:root:[4/5][10/100] loss: 0.028480025
INFO:root:acc: 0.4891, tpr: 0.4062, tnr: 0.6786, ppv: 0.7429, npv: 0.3333, auc: 0.553
INFO:root:[validation] The current loss: 0.22386889, acc*auc: 0.2705
INFO:root:trigger times: 2
INFO:root:[4/5][11/100] loss: 0.028493199
INFO:root:acc: 0.663, tpr: 0.8125, tnr: 0.3214, ppv: 0.7324, npv: 0.4286, auc: 0.5982
INFO:root:[validation] The current loss: 0.2229297, acc*auc: 0.3966
CRITICAL:root:Recording best acc*auc model. (model/under-sampling/acc_auc_mul)
INFO:root:[4/5][12/100] loss: 0.027994444
INFO:root:acc: 0.4565, tpr: 0.2812, tnr: 0.8571, ppv: 0.8182, npv: 0.3429, auc: 0.6177
INFO:root:[validation] The current loss: 0.22577847, acc*auc: 0.282
INFO:root:trigger times: 1
INFO:root:Recording best auc model. (model/under-sampling/auc)
INFO:root:[4/5][13/100] loss: 0.027931852
INFO:root:acc: 0.6957, tpr: 1.0, tnr: 0.0, ppv: 0.6957, npv: nan, auc: 0.6496
INFO:root:[validation] The current loss: 0.23433457, acc*auc: 0.4519
INFO:root:trigger times: 2
INFO:root:Recording best auc model. (model/under-sampling/auc)
CRITICAL:root:Recording best acc*auc model. (model/under-sampling/acc_auc_mul)
INFO:root:[4/5][14/100] loss: 0.027673882
INFO:root:acc: 0.6739, tpr: 0.7969, tnr: 0.3929, ppv: 0.75, npv: 0.4583, auc: 0.6568
INFO:root:[validation] The current loss: 0.22144077, acc*auc: 0.4426
INFO:root:Recording best auc model. (model/under-sampling/auc)
INFO:root:[4/5][15/100] loss: 0.027563969
INFO:root:acc: 0.4783, tpr: 0.3281, tnr: 0.8214, ppv: 0.8077, npv: 0.3485, auc: 0.6602
INFO:root:[validation] The current loss: 0.21834176, acc*auc: 0.3157
INFO:root:Recording best auc model. (model/under-sampling/auc)
INFO:root:[4/5][16/100] loss: 0.027241688
INFO:root:acc: 0.6087, tpr: 0.5938, tnr: 0.6429, ppv: 0.7917, npv: 0.4091, auc: 0.6568
INFO:root:[validation] The current loss: 0.21384295, acc*auc: 0.3998
INFO:root:[4/5][17/100] loss: 0.027274371
INFO:root:acc: 0.5109, tpr: 0.3594, tnr: 0.8571, ppv: 0.8519, npv: 0.3692, auc: 0.6529
INFO:root:[validation] The current loss: 0.21619069, acc*auc: 0.3335
INFO:root:trigger times: 1
INFO:root:[4/5][18/100] loss: 0.027306066
INFO:root:acc: 0.5652, tpr: 0.4531, tnr: 0.8214, ppv: 0.8529, npv: 0.3966, auc: 0.6808
INFO:root:[validation] The current loss: 0.21414919, acc*auc: 0.3848
INFO:root:Recording best auc model. (model/under-sampling/auc)
INFO:root:[4/5][19/100] loss: 0.027062397
INFO:root:acc: 0.6196, tpr: 0.5469, tnr: 0.7857, ppv: 0.8537, npv: 0.4314, auc: 0.6964
INFO:root:[validation] The current loss: 0.21188179, acc*auc: 0.4315
INFO:root:Recording best auc model. (model/under-sampling/auc)
INFO:root:[4/5][20/100] loss: 0.026798585
INFO:root:acc: 0.5217, tpr: 0.3438, tnr: 0.9286, ppv: 0.9167, npv: 0.3824, auc: 0.6702
INFO:root:[validation] The current loss: 0.21614621, acc*auc: 0.3497
INFO:root:trigger times: 1
INFO:root:[4/5][21/100] loss: 0.026414694
INFO:root:acc: 0.5543, tpr: 0.4844, tnr: 0.7143, ppv: 0.7949, npv: 0.3774, auc: 0.6825
INFO:root:[validation] The current loss: 0.21261885, acc*auc: 0.3783
INFO:root:[4/5][22/100] loss: 0.026398747
INFO:root:acc: 0.587, tpr: 0.5469, tnr: 0.6786, ppv: 0.7955, npv: 0.3958, auc: 0.6892
INFO:root:[validation] The current loss: 0.21398254, acc*auc: 0.4045
INFO:root:trigger times: 1
INFO:root:[4/5][23/100] loss: 0.026311127
INFO:root:acc: 0.5543, tpr: 0.4531, tnr: 0.7857, ppv: 0.8286, npv: 0.386, auc: 0.7059
INFO:root:[validation] The current loss: 0.21269417, acc*auc: 0.3913
INFO:root:Recording best auc model. (model/under-sampling/auc)
INFO:root:[4/5][24/100] loss: 0.026069935
INFO:root:acc: 0.5435, tpr: 0.4531, tnr: 0.75, ppv: 0.8056, npv: 0.375, auc: 0.7009
INFO:root:[validation] The current loss: 0.21221696, acc*auc: 0.3809
INFO:root:[4/5][25/100] loss: 0.026019987
INFO:root:acc: 0.5435, tpr: 0.4688, tnr: 0.7143, ppv: 0.7895, npv: 0.3704, auc: 0.6931
INFO:root:[validation] The current loss: 0.21278365, acc*auc: 0.3767
INFO:root:trigger times: 1
INFO:root:[4/5][26/100] loss: 0.025933971
INFO:root:acc: 0.5326, tpr: 0.4062, tnr: 0.8214, ppv: 0.8387, npv: 0.377, auc: 0.6858
INFO:root:[validation] The current loss: 0.21363886, acc*auc: 0.3653
INFO:root:trigger times: 2
INFO:root:[4/5][27/100] loss: 0.026010705
INFO:root:acc: 0.5761, tpr: 0.4844, tnr: 0.7857, ppv: 0.8378, npv: 0.4, auc: 0.7176
INFO:root:[validation] The current loss: 0.21078361, acc*auc: 0.4134
INFO:root:Recording best auc model. (model/under-sampling/auc)
INFO:root:[4/5][28/100] loss: 0.02618901
INFO:root:acc: 0.5435, tpr: 0.4062, tnr: 0.8571, ppv: 0.8667, npv: 0.3871, auc: 0.7031
INFO:root:[validation] The current loss: 0.2127892, acc*auc: 0.3821
INFO:root:trigger times: 1
INFO:root:[4/5][29/100] loss: 0.025864828
INFO:root:acc: 0.663, tpr: 0.6719, tnr: 0.6429, ppv: 0.8113, npv: 0.4615, auc: 0.6998
INFO:root:[validation] The current loss: 0.21308101, acc*auc: 0.464
INFO:root:trigger times: 2
CRITICAL:root:Recording best acc*auc model. (model/under-sampling/acc_auc_mul)
INFO:root:[4/5][30/100] loss: 0.026140326
INFO:root:acc: 0.587, tpr: 0.5312, tnr: 0.7143, ppv: 0.8095, npv: 0.4, auc: 0.7003
INFO:root:[validation] The current loss: 0.20756375, acc*auc: 0.4111
INFO:root:[4/5][31/100] loss: 0.025666948
INFO:root:acc: 0.5435, tpr: 0.3906, tnr: 0.8929, ppv: 0.8929, npv: 0.3906, auc: 0.7098
INFO:root:[validation] The current loss: 0.21087636, acc*auc: 0.3858
INFO:root:trigger times: 1
INFO:root:[4/5][32/100] loss: 0.025609542
INFO:root:acc: 0.4457, tpr: 0.2812, tnr: 0.8214, ppv: 0.7826, npv: 0.3333, auc: 0.6747
INFO:root:[validation] The current loss: 0.23381015, acc*auc: 0.3007
INFO:root:trigger times: 2
INFO:root:[4/5][33/100] loss: 0.024986901
INFO:root:acc: 0.6848, tpr: 0.75, tnr: 0.5357, ppv: 0.7869, npv: 0.4839, auc: 0.7031
INFO:root:[validation] The current loss: 0.21182681, acc*auc: 0.4815
CRITICAL:root:Recording best acc*auc model. (model/under-sampling/acc_auc_mul)
INFO:root:[4/5][34/100] loss: 0.024962868
INFO:root:acc: 0.7283, tpr: 0.9219, tnr: 0.2857, ppv: 0.7468, npv: 0.6154, auc: 0.6652
INFO:root:[validation] The current loss: 0.23100097, acc*auc: 0.4844
INFO:root:trigger times: 1
CRITICAL:root:Recording best acc*auc model. (model/under-sampling/acc_auc_mul)
INFO:root:[4/5][35/100] loss: 0.025020318
INFO:root:acc: 0.6196, tpr: 0.5156, tnr: 0.8571, ppv: 0.8919, npv: 0.4364, auc: 0.7015
INFO:root:[validation] The current loss: 0.21596015, acc*auc: 0.4346
INFO:root:[4/5][36/100] loss: 0.024809319
INFO:root:acc: 0.6522, tpr: 0.7188, tnr: 0.5, ppv: 0.7667, npv: 0.4375, auc: 0.6239
INFO:root:[validation] The current loss: 0.23821829, acc*auc: 0.4069
INFO:root:trigger times: 1
INFO:root:[4/5][37/100] loss: 0.024679853
INFO:root:acc: 0.5761, tpr: 0.5156, tnr: 0.7143, ppv: 0.8049, npv: 0.3922, auc: 0.673
INFO:root:[validation] The current loss: 0.2138239, acc*auc: 0.3877
INFO:root:[4/5][38/100] loss: 0.024298869
INFO:root:acc: 0.5109, tpr: 0.3594, tnr: 0.8571, ppv: 0.8519, npv: 0.3692, auc: 0.6925
INFO:root:[validation] The current loss: 0.23696578, acc*auc: 0.3538
INFO:root:trigger times: 1
INFO:root:[4/5][39/100] loss: 0.023865895
INFO:root:acc: 0.6957, tpr: 0.75, tnr: 0.5714, ppv: 0.8, npv: 0.5, auc: 0.6908
INFO:root:[validation] The current loss: 0.21291552, acc*auc: 0.4806
INFO:root:[4/5][40/100] loss: 0.02321057
INFO:root:acc: 0.7065, tpr: 0.9375, tnr: 0.1786, ppv: 0.7229, npv: 0.5556, auc: 0.6462
INFO:root:[validation] The current loss: 0.24224941, acc*auc: 0.4566
INFO:root:trigger times: 1
INFO:root:[4/5][41/100] loss: 0.022941783
INFO:root:acc: 0.663, tpr: 0.7969, tnr: 0.3571, ppv: 0.7391, npv: 0.4348, auc: 0.6607
INFO:root:[validation] The current loss: 0.22056677, acc*auc: 0.4381
INFO:root:[4/5][42/100] loss: 0.022463718
INFO:root:acc: 0.6087, tpr: 0.6406, tnr: 0.5357, ppv: 0.7593, npv: 0.3947, auc: 0.6496
INFO:root:[validation] The current loss: 0.21861485, acc*auc: 0.3954
INFO:root:[4/5][43/100] loss: 0.022268712
INFO:root:acc: 0.7065, tpr: 0.9375, tnr: 0.1786, ppv: 0.7229, npv: 0.5556, auc: 0.6596
INFO:root:[validation] The current loss: 0.25587238, acc*auc: 0.466
INFO:root:trigger times: 1
INFO:root:[4/5][44/100] loss: 0.02139446
INFO:root:acc: 0.5109, tpr: 0.375, tnr: 0.8214, ppv: 0.8276, npv: 0.3651, auc: 0.6864
INFO:root:[validation] The current loss: 0.23289942, acc*auc: 0.3507
INFO:root:[4/5][45/100] loss: 0.020960137
INFO:root:acc: 0.663, tpr: 0.7656, tnr: 0.4286, ppv: 0.7538, npv: 0.4444, auc: 0.6473
INFO:root:[validation] The current loss: 0.22119977, acc*auc: 0.4292
INFO:root:[4/5][46/100] loss: 0.02058945
INFO:root:acc: 0.6848, tpr: 0.875, tnr: 0.25, ppv: 0.7273, npv: 0.4667, auc: 0.6501
INFO:root:[validation] The current loss: 0.24333259, acc*auc: 0.4452
INFO:root:trigger times: 1
INFO:root:[4/5][47/100] loss: 0.020827429
INFO:root:acc: 0.6739, tpr: 0.75, tnr: 0.5, ppv: 0.7742, npv: 0.4667, auc: 0.6842
INFO:root:[validation] The current loss: 0.21154173, acc*auc: 0.4611
INFO:root:[4/5][48/100] loss: 0.020621681
INFO:root:acc: 0.6848, tpr: 0.7656, tnr: 0.5, ppv: 0.7778, npv: 0.4828, auc: 0.6869
INFO:root:[validation] The current loss: 0.2110488, acc*auc: 0.4704
INFO:root:[4/5][49/100] loss: 0.020445247
INFO:root:acc: 0.7174, tpr: 0.8281, tnr: 0.4643, ppv: 0.7794, npv: 0.5417, auc: 0.6864
INFO:root:[validation] The current loss: 0.21202127, acc*auc: 0.4924
INFO:root:trigger times: 1
CRITICAL:root:Recording best acc*auc model. (model/under-sampling/acc_auc_mul)
INFO:root:[4/5][50/100] loss: 0.019968381
INFO:root:acc: 0.663, tpr: 0.7344, tnr: 0.5, ppv: 0.7705, npv: 0.4516, auc: 0.7087
INFO:root:[validation] The current loss: 0.2059125, acc*auc: 0.4699
INFO:root:[4/5][51/100] loss: 0.020212711
INFO:root:acc: 0.6957, tpr: 0.7656, tnr: 0.5357, ppv: 0.7903, npv: 0.5, auc: 0.6931
INFO:root:[validation] The current loss: 0.20995761, acc*auc: 0.4821
INFO:root:trigger times: 1
INFO:root:[4/5][52/100] loss: 0.020615582
INFO:root:acc: 0.6739, tpr: 0.7344, tnr: 0.5357, ppv: 0.7833, npv: 0.4688, auc: 0.702
INFO:root:[validation] The current loss: 0.20873297, acc*auc: 0.4731
INFO:root:[4/5][53/100] loss: 0.020344239
INFO:root:acc: 0.6304, tpr: 0.6719, tnr: 0.5357, ppv: 0.7679, npv: 0.4167, auc: 0.697
INFO:root:[validation] The current loss: 0.20574351, acc*auc: 0.4394
INFO:root:[4/5][54/100] loss: 0.020687884
INFO:root:acc: 0.7283, tpr: 0.9375, tnr: 0.25, ppv: 0.7407, npv: 0.6364, auc: 0.654
INFO:root:[validation] The current loss: 0.25140833, acc*auc: 0.4763
INFO:root:trigger times: 1
INFO:root:[4/5][55/100] loss: 0.021030835
INFO:root:acc: 0.6848, tpr: 0.7969, tnr: 0.4286, ppv: 0.7612, npv: 0.48, auc: 0.6691
INFO:root:[validation] The current loss: 0.22772954, acc*auc: 0.4582
INFO:root:[4/5][56/100] loss: 0.020831517
INFO:root:acc: 0.6957, tpr: 0.8125, tnr: 0.4286, ppv: 0.7647, npv: 0.5, auc: 0.6635
INFO:root:[validation] The current loss: 0.23718574, acc*auc: 0.4616
INFO:root:trigger times: 1
INFO:root:[4/5][57/100] loss: 0.02025452
INFO:root:acc: 0.7283, tpr: 0.8438, tnr: 0.4643, ppv: 0.7826, npv: 0.5652, auc: 0.6869
INFO:root:[validation] The current loss: 0.23721026, acc*auc: 0.5003
INFO:root:trigger times: 2
CRITICAL:root:Recording best acc*auc model. (model/under-sampling/acc_auc_mul)
INFO:root:[4/5][58/100] loss: 0.020279946
INFO:root:acc: 0.7065, tpr: 0.8438, tnr: 0.3929, ppv: 0.7606, npv: 0.5238, auc: 0.6635
INFO:root:[validation] The current loss: 0.23962707, acc*auc: 0.4688
INFO:root:trigger times: 3
INFO:root:[4/5][59/100] loss: 0.020762571
INFO:root:acc: 0.6957, tpr: 0.8594, tnr: 0.3214, ppv: 0.7432, npv: 0.5, auc: 0.6802
INFO:root:[validation] The current loss: 0.23978389, acc*auc: 0.4732
INFO:root:trigger times: 4
INFO:root:[4/5][60/100] loss: 0.021314796
INFO:root:acc: 0.6848, tpr: 0.8125, tnr: 0.3929, ppv: 0.7536, npv: 0.4783, auc: 0.6473
INFO:root:[validation] The current loss: 0.23089331, acc*auc: 0.4433
INFO:root:[4/5][61/100] loss: 0.020219491
INFO:root:acc: 0.6957, tpr: 0.8125, tnr: 0.4286, ppv: 0.7647, npv: 0.5, auc: 0.7009
INFO:root:[validation] The current loss: 0.21897848, acc*auc: 0.4876
INFO:root:[4/5][62/100] loss: 0.020798289
INFO:root:acc: 0.7609, tpr: 0.9688, tnr: 0.2857, ppv: 0.7561, npv: 0.8, auc: 0.6808
INFO:root:[validation] The current loss: 0.265274, acc*auc: 0.518
INFO:root:trigger times: 1
CRITICAL:root:Recording best acc*auc model. (model/under-sampling/acc_auc_mul)
INFO:root:[4/5][63/100] loss: 0.0210009
INFO:root:acc: 0.6522, tpr: 0.6719, tnr: 0.6071, ppv: 0.7963, npv: 0.4474, auc: 0.6786
INFO:root:[validation] The current loss: 0.20968096, acc*auc: 0.4425
INFO:root:[4/5][64/100] loss: 0.020421751
INFO:root:acc: 0.7283, tpr: 0.875, tnr: 0.3929, ppv: 0.7671, npv: 0.5789, auc: 0.7065
INFO:root:[validation] The current loss: 0.23294212, acc*auc: 0.5145
INFO:root:trigger times: 1
INFO:root:[4/5][65/100] loss: 0.019722526
INFO:root:acc: 0.6957, tpr: 0.7812, tnr: 0.5, ppv: 0.7812, npv: 0.5, auc: 0.6669
INFO:root:[validation] The current loss: 0.22272566, acc*auc: 0.4639
INFO:root:[4/5][66/100] loss: 0.019050328
INFO:root:acc: 0.7391, tpr: 0.8594, tnr: 0.4643, ppv: 0.7857, npv: 0.5909, auc: 0.6585
INFO:root:[validation] The current loss: 0.22912417, acc*auc: 0.4867
INFO:root:trigger times: 1
INFO:root:[4/5][67/100] loss: 0.01867121
INFO:root:acc: 0.75, tpr: 0.8906, tnr: 0.4286, ppv: 0.7808, npv: 0.6316, auc: 0.6535
INFO:root:[validation] The current loss: 0.25547739, acc*auc: 0.4901
INFO:root:trigger times: 2
INFO:root:[4/5][68/100] loss: 0.017381077
INFO:root:acc: 0.663, tpr: 0.6719, tnr: 0.6429, ppv: 0.8113, npv: 0.4615, auc: 0.6825
INFO:root:[validation] The current loss: 0.22629849, acc*auc: 0.4525
INFO:root:[4/5][69/100] loss: 0.017652479
INFO:root:acc: 0.6413, tpr: 0.5781, tnr: 0.7857, ppv: 0.8605, npv: 0.449, auc: 0.7243
INFO:root:[validation] The current loss: 0.21469122, acc*auc: 0.4645
INFO:root:Recording best auc model. (model/under-sampling/auc)
INFO:root:[4/5][70/100] loss: 0.017751137
INFO:root:acc: 0.6739, tpr: 0.7812, tnr: 0.4286, ppv: 0.7576, npv: 0.4615, auc: 0.6819
INFO:root:[validation] The current loss: 0.2290933, acc*auc: 0.4596
INFO:root:trigger times: 1
INFO:root:[4/5][71/100] loss: 0.017110722
INFO:root:acc: 0.7065, tpr: 0.8438, tnr: 0.3929, ppv: 0.7606, npv: 0.5238, auc: 0.6747
INFO:root:[validation] The current loss: 0.22779117, acc*auc: 0.4767
INFO:root:[4/5][72/100] loss: 0.016876916
INFO:root:acc: 0.6739, tpr: 0.8125, tnr: 0.3571, ppv: 0.7429, npv: 0.4545, auc: 0.6629
INFO:root:[validation] The current loss: 0.24546914, acc*auc: 0.4468
INFO:root:trigger times: 1
INFO:root:[4/5][73/100] loss: 0.017008037
INFO:root:acc: 0.663, tpr: 0.7656, tnr: 0.4286, ppv: 0.7538, npv: 0.4444, auc: 0.6713
INFO:root:[validation] The current loss: 0.22757376, acc*auc: 0.4451
INFO:root:[4/5][74/100] loss: 0.01705246
INFO:root:acc: 0.6848, tpr: 0.75, tnr: 0.5357, ppv: 0.7869, npv: 0.4839, auc: 0.6864
INFO:root:[validation] The current loss: 0.22534137, acc*auc: 0.47
INFO:root:[4/5][75/100] loss: 0.016811797
INFO:root:acc: 0.663, tpr: 0.75, tnr: 0.4643, ppv: 0.7619, npv: 0.4483, auc: 0.6791
INFO:root:[validation] The current loss: 0.22710173, acc*auc: 0.4503
INFO:root:trigger times: 1
INFO:root:[4/5][76/100] loss: 0.016875156
INFO:root:acc: 0.6848, tpr: 0.7812, tnr: 0.4643, ppv: 0.7692, npv: 0.4815, auc: 0.6819
INFO:root:[validation] The current loss: 0.22114371, acc*auc: 0.467
INFO:root:[4/5][77/100] loss: 0.017747137
INFO:root:acc: 0.6848, tpr: 0.7812, tnr: 0.4643, ppv: 0.7692, npv: 0.4815, auc: 0.6596
INFO:root:[validation] The current loss: 0.23312416, acc*auc: 0.4517
INFO:root:trigger times: 1
INFO:root:[4/5][78/100] loss: 0.017019808
INFO:root:acc: 0.7174, tpr: 0.875, tnr: 0.3571, ppv: 0.7568, npv: 0.5556, auc: 0.6624
INFO:root:[validation] The current loss: 0.25337407, acc*auc: 0.4752
INFO:root:trigger times: 2
INFO:root:[4/5][79/100] loss: 0.017372545
INFO:root:acc: 0.7174, tpr: 0.8125, tnr: 0.5, ppv: 0.7879, npv: 0.5385, auc: 0.6892
INFO:root:[validation] The current loss: 0.21886293, acc*auc: 0.4944
INFO:root:[4/5][80/100] loss: 0.017418235
INFO:root:acc: 0.6739, tpr: 0.8125, tnr: 0.3571, ppv: 0.7429, npv: 0.4545, auc: 0.644
INFO:root:[validation] The current loss: 0.25546031, acc*auc: 0.434
INFO:root:trigger times: 1
INFO:root:[4/5][81/100] loss: 0.016947741
INFO:root:acc: 0.7065, tpr: 0.875, tnr: 0.3214, ppv: 0.7467, npv: 0.5294, auc: 0.6523
INFO:root:[validation] The current loss: 0.27808871, acc*auc: 0.4609
INFO:root:trigger times: 2
INFO:root:[4/5][82/100] loss: 0.017613422
INFO:root:acc: 0.6087, tpr: 0.6406, tnr: 0.5357, ppv: 0.7593, npv: 0.3947, auc: 0.6763
INFO:root:[validation] The current loss: 0.23027902, acc*auc: 0.4117
INFO:root:[4/5][83/100] loss: 0.01704664
INFO:root:acc: 0.7174, tpr: 0.8281, tnr: 0.4643, ppv: 0.7794, npv: 0.5417, auc: 0.6646
INFO:root:[validation] The current loss: 0.25219989, acc*auc: 0.4768
INFO:root:trigger times: 1
INFO:root:[4/5][84/100] loss: 0.020167378
INFO:root:acc: 0.7065, tpr: 0.8438, tnr: 0.3929, ppv: 0.7606, npv: 0.5238, auc: 0.6724
INFO:root:[validation] The current loss: 0.23766735, acc*auc: 0.4751
INFO:root:[4/5][85/100] loss: 0.019109696
INFO:root:acc: 0.6848, tpr: 0.8281, tnr: 0.3571, ppv: 0.7465, npv: 0.4762, auc: 0.6568
INFO:root:[validation] The current loss: 0.27419198, acc*auc: 0.4498
INFO:root:trigger times: 1
INFO:root:[4/5][86/100] loss: 0.018890062
INFO:root:acc: 0.7065, tpr: 1.0, tnr: 0.03571, ppv: 0.7033, npv: 1.0, auc: 0.62
INFO:root:[validation] The current loss: 0.33984002, acc*auc: 0.438
INFO:root:trigger times: 2
INFO:root:[4/5][87/100] loss: 0.017384217
INFO:root:acc: 0.7174, tpr: 0.9375, tnr: 0.2143, ppv: 0.7317, npv: 0.6, auc: 0.6412
INFO:root:[validation] The current loss: 0.29561497, acc*auc: 0.46
INFO:root:[4/5][88/100] loss: 0.017244614
INFO:root:acc: 0.7283, tpr: 0.9062, tnr: 0.3214, ppv: 0.7532, npv: 0.6, auc: 0.6607
INFO:root:[validation] The current loss: 0.26359896, acc*auc: 0.4812
INFO:root:[4/5][89/100] loss: 0.017848537
INFO:root:acc: 0.6957, tpr: 0.8906, tnr: 0.25, ppv: 0.7308, npv: 0.5, auc: 0.654
INFO:root:[validation] The current loss: 0.26706083, acc*auc: 0.455
INFO:root:trigger times: 1
INFO:root:[4/5][90/100] loss: 0.016597806
INFO:root:acc: 0.663, tpr: 0.7188, tnr: 0.5357, ppv: 0.7797, npv: 0.4545, auc: 0.6802
INFO:root:[validation] The current loss: 0.23226312, acc*auc: 0.451
INFO:root:[4/5][91/100] loss: 0.015920167
INFO:root:acc: 0.6304, tpr: 0.625, tnr: 0.6429, ppv: 0.8, npv: 0.4286, auc: 0.7098
INFO:root:[validation] The current loss: 0.22322332, acc*auc: 0.4475
INFO:root:[4/5][92/100] loss: 0.016793718
INFO:root:acc: 0.4022, tpr: 0.1719, tnr: 0.9286, ppv: 0.8462, npv: 0.3291, auc: 0.6646
INFO:root:[validation] The current loss: 0.30339525, acc*auc: 0.2673
INFO:root:trigger times: 1
INFO:root:[4/5][93/100] loss: 0.015806505
INFO:root:acc: 0.5978, tpr: 0.5, tnr: 0.8214, ppv: 0.8649, npv: 0.4182, auc: 0.7042
INFO:root:[validation] The current loss: 0.22981827, acc*auc: 0.421
INFO:root:[4/5][94/100] loss: 0.015986577
INFO:root:acc: 0.6957, tpr: 0.8281, tnr: 0.3929, ppv: 0.7571, npv: 0.5, auc: 0.6819
INFO:root:[validation] The current loss: 0.24476297, acc*auc: 0.4744
INFO:root:trigger times: 1
INFO:root:[4/5][95/100] loss: 0.015635238
INFO:root:acc: 0.6522, tpr: 0.6719, tnr: 0.6071, ppv: 0.7963, npv: 0.4474, auc: 0.6908
INFO:root:[validation] The current loss: 0.23108309, acc*auc: 0.4506
INFO:root:[4/5][96/100] loss: 0.015467003
INFO:root:acc: 0.6739, tpr: 0.7812, tnr: 0.4286, ppv: 0.7576, npv: 0.4615, auc: 0.6602
INFO:root:[validation] The current loss: 0.24808255, acc*auc: 0.4449
INFO:root:trigger times: 1
INFO:root:[4/5][97/100] loss: 0.01556905
INFO:root:acc: 0.6848, tpr: 0.7812, tnr: 0.4643, ppv: 0.7692, npv: 0.4815, auc: 0.6646
INFO:root:[validation] The current loss: 0.24485301, acc*auc: 0.4551
INFO:root:[4/5][98/100] loss: 0.015784386
INFO:root:acc: 0.6739, tpr: 0.7656, tnr: 0.4643, ppv: 0.7656, npv: 0.4643, auc: 0.6674
INFO:root:[validation] The current loss: 0.23972807, acc*auc: 0.4498
INFO:root:[4/5][99/100] loss: 0.01543378
INFO:root:acc: 0.6848, tpr: 0.7969, tnr: 0.4286, ppv: 0.7612, npv: 0.48, auc: 0.6752
INFO:root:[validation] The current loss: 0.23584937, acc*auc: 0.4624
INFO:root:stopping! Epoch = 100
WARNING:root:weights = [2, 1]
INFO:root:data sampling method: no-sampling
INFO:root:training set size: 819
INFO:root:data sampling method: no-sampling
INFO:root:val set size: 92
INFO:root:[5/5][0/100] loss: 0.029235768
INFO:root:acc: 0.3043, tpr: 0.0, tnr: 1.0, ppv: nan, npv: 0.3043, auc: 0.5011
INFO:root:[validation] The current loss: 0.22714996, acc*auc: 0.1525
INFO:root:Recording best auc model. (model/under-sampling/auc)
CRITICAL:root:Recording best acc*auc model. (model/under-sampling/acc_auc_mul)
INFO:root:[5/5][1/100] loss: 0.02924446
INFO:root:acc: 0.3043, tpr: 0.0, tnr: 1.0, ppv: nan, npv: 0.3043, auc: 0.5073
INFO:root:[validation] The current loss: 0.22709381, acc*auc: 0.1544
INFO:root:Recording best auc model. (model/under-sampling/auc)
CRITICAL:root:Recording best acc*auc model. (model/under-sampling/acc_auc_mul)
INFO:root:[5/5][2/100] loss: 0.029106443
INFO:root:acc: 0.3152, tpr: 0.01562, tnr: 1.0, ppv: 1.0, npv: 0.3077, auc: 0.5312
INFO:root:[validation] The current loss: 0.22651838, acc*auc: 0.1675
INFO:root:Recording best auc model. (model/under-sampling/auc)
CRITICAL:root:Recording best acc*auc model. (model/under-sampling/acc_auc_mul)
INFO:root:[5/5][3/100] loss: 0.029041834
INFO:root:acc: 0.3261, tpr: 0.03125, tnr: 1.0, ppv: 1.0, npv: 0.3111, auc: 0.529
INFO:root:[validation] The current loss: 0.22565959, acc*auc: 0.1725
CRITICAL:root:Recording best acc*auc model. (model/under-sampling/acc_auc_mul)
INFO:root:[5/5][4/100] loss: 0.02893837
INFO:root:acc: 0.4348, tpr: 0.2188, tnr: 0.9286, ppv: 0.875, npv: 0.3421, auc: 0.5151
INFO:root:[validation] The current loss: 0.22436768, acc*auc: 0.2239
CRITICAL:root:Recording best acc*auc model. (model/under-sampling/acc_auc_mul)
INFO:root:[5/5][5/100] loss: 0.028879178
INFO:root:acc: 0.3696, tpr: 0.125, tnr: 0.9286, ppv: 0.8, npv: 0.3171, auc: 0.5558
INFO:root:[validation] The current loss: 0.22450174, acc*auc: 0.2054
INFO:root:trigger times: 1
INFO:root:Recording best auc model. (model/under-sampling/auc)
INFO:root:[5/5][6/100] loss: 0.028736152
INFO:root:acc: 0.3913, tpr: 0.1875, tnr: 0.8571, ppv: 0.75, npv: 0.3158, auc: 0.5006
INFO:root:[validation] The current loss: 0.22551963, acc*auc: 0.1959
INFO:root:trigger times: 2
INFO:root:[5/5][7/100] loss: 0.028790055
INFO:root:acc: 0.3587, tpr: 0.07812, tnr: 1.0, ppv: 1.0, npv: 0.3218, auc: 0.5625
INFO:root:[validation] The current loss: 0.22478397, acc*auc: 0.2018
INFO:root:Recording best auc model. (model/under-sampling/auc)
INFO:root:[5/5][8/100] loss: 0.028639401
INFO:root:acc: 0.5217, tpr: 0.5, tnr: 0.5714, ppv: 0.7273, npv: 0.3333, auc: 0.596
INFO:root:[validation] The current loss: 0.2203621, acc*auc: 0.3109
INFO:root:Recording best auc model. (model/under-sampling/auc)
CRITICAL:root:Recording best acc*auc model. (model/under-sampling/acc_auc_mul)
INFO:root:[5/5][9/100] loss: 0.028566216
INFO:root:acc: 0.4783, tpr: 0.3594, tnr: 0.75, ppv: 0.7667, npv: 0.3387, auc: 0.5898
INFO:root:[validation] The current loss: 0.22337372, acc*auc: 0.2821
INFO:root:trigger times: 1
INFO:root:[5/5][10/100] loss: 0.02851486
INFO:root:acc: 0.4457, tpr: 0.3438, tnr: 0.6786, ppv: 0.7097, npv: 0.3115, auc: 0.5603
INFO:root:[validation] The current loss: 0.22324706, acc*auc: 0.2497
INFO:root:[5/5][11/100] loss: 0.028453002
INFO:root:acc: 0.6413, tpr: 0.6094, tnr: 0.7143, ppv: 0.8298, npv: 0.4444, auc: 0.635
INFO:root:[validation] The current loss: 0.21892987, acc*auc: 0.4073
INFO:root:Recording best auc model. (model/under-sampling/auc)
CRITICAL:root:Recording best acc*auc model. (model/under-sampling/acc_auc_mul)
INFO:root:[5/5][12/100] loss: 0.028082556
INFO:root:acc: 0.5217, tpr: 0.4062, tnr: 0.7857, ppv: 0.8125, npv: 0.3667, auc: 0.6233
INFO:root:[validation] The current loss: 0.21879341, acc*auc: 0.3252
INFO:root:[5/5][13/100] loss: 0.02797163
INFO:root:acc: 0.6522, tpr: 0.7344, tnr: 0.4643, ppv: 0.7581, npv: 0.4333, auc: 0.644
INFO:root:[validation] The current loss: 0.21967922, acc*auc: 0.42
INFO:root:trigger times: 1
INFO:root:Recording best auc model. (model/under-sampling/auc)
CRITICAL:root:Recording best acc*auc model. (model/under-sampling/acc_auc_mul)
INFO:root:[5/5][14/100] loss: 0.027655244
INFO:root:acc: 0.6196, tpr: 0.6094, tnr: 0.6429, ppv: 0.7959, npv: 0.4186, auc: 0.678
INFO:root:[validation] The current loss: 0.21667525, acc*auc: 0.4201
INFO:root:Recording best auc model. (model/under-sampling/auc)
CRITICAL:root:Recording best acc*auc model. (model/under-sampling/acc_auc_mul)
INFO:root:[5/5][15/100] loss: 0.027565229
INFO:root:acc: 0.5435, tpr: 0.4375, tnr: 0.7857, ppv: 0.8235, npv: 0.3793, auc: 0.6836
INFO:root:[validation] The current loss: 0.21356654, acc*auc: 0.3715
INFO:root:Recording best auc model. (model/under-sampling/auc)
INFO:root:[5/5][16/100] loss: 0.027456225
INFO:root:acc: 0.5978, tpr: 0.5781, tnr: 0.6429, ppv: 0.7872, npv: 0.4, auc: 0.6948
INFO:root:[validation] The current loss: 0.21440081, acc*auc: 0.4153
INFO:root:trigger times: 1
INFO:root:Recording best auc model. (model/under-sampling/auc)
INFO:root:[5/5][17/100] loss: 0.027429771
INFO:root:acc: 0.5978, tpr: 0.5781, tnr: 0.6429, ppv: 0.7872, npv: 0.4, auc: 0.6579
INFO:root:[validation] The current loss: 0.21501164, acc*auc: 0.3933
INFO:root:trigger times: 2
INFO:root:[5/5][18/100] loss: 0.027474663
INFO:root:acc: 0.6522, tpr: 0.6562, tnr: 0.6429, ppv: 0.8077, npv: 0.45, auc: 0.6819
INFO:root:[validation] The current loss: 0.2163502, acc*auc: 0.4447
INFO:root:trigger times: 3
CRITICAL:root:Recording best acc*auc model. (model/under-sampling/acc_auc_mul)
INFO:root:[5/5][19/100] loss: 0.027058738
INFO:root:acc: 0.5761, tpr: 0.5156, tnr: 0.7143, ppv: 0.8049, npv: 0.3922, auc: 0.692
INFO:root:[validation] The current loss: 0.21523281, acc*auc: 0.3986
INFO:root:[5/5][20/100] loss: 0.026984882
INFO:root:acc: 0.4891, tpr: 0.3125, tnr: 0.8929, ppv: 0.8696, npv: 0.3623, auc: 0.6657
INFO:root:[validation] The current loss: 0.21693256, acc*auc: 0.3256
INFO:root:trigger times: 1
INFO:root:[5/5][21/100] loss: 0.026372067
INFO:root:acc: 0.5109, tpr: 0.3906, tnr: 0.7857, ppv: 0.8065, npv: 0.3607, auc: 0.7042
INFO:root:[validation] The current loss: 0.21367306, acc*auc: 0.3598
INFO:root:Recording best auc model. (model/under-sampling/auc)
INFO:root:[5/5][22/100] loss: 0.02648648
INFO:root:acc: 0.5978, tpr: 0.5469, tnr: 0.7143, ppv: 0.814, npv: 0.4082, auc: 0.6842
INFO:root:[validation] The current loss: 0.21509976, acc*auc: 0.409
INFO:root:trigger times: 1
INFO:root:[5/5][23/100] loss: 0.026170106
INFO:root:acc: 0.5652, tpr: 0.4844, tnr: 0.75, ppv: 0.8158, npv: 0.3889, auc: 0.6858
INFO:root:[validation] The current loss: 0.21422202, acc*auc: 0.3876
INFO:root:[5/5][24/100] loss: 0.026020586
INFO:root:acc: 0.5435, tpr: 0.4375, tnr: 0.7857, ppv: 0.8235, npv: 0.3793, auc: 0.6892
INFO:root:[validation] The current loss: 0.21393738, acc*auc: 0.3746
INFO:root:[5/5][25/100] loss: 0.026027622
INFO:root:acc: 0.5761, tpr: 0.4844, tnr: 0.7857, ppv: 0.8378, npv: 0.4, auc: 0.6836
INFO:root:[validation] The current loss: 0.21453523, acc*auc: 0.3938
INFO:root:trigger times: 1
INFO:root:[5/5][26/100] loss: 0.025927492
INFO:root:acc: 0.5, tpr: 0.3594, tnr: 0.8214, ppv: 0.8214, npv: 0.3594, auc: 0.6752
INFO:root:[validation] The current loss: 0.21572284, acc*auc: 0.3376
INFO:root:trigger times: 2
INFO:root:[5/5][27/100] loss: 0.025898817
INFO:root:acc: 0.5652, tpr: 0.4844, tnr: 0.75, ppv: 0.8158, npv: 0.3889, auc: 0.7026
INFO:root:[validation] The current loss: 0.21206724, acc*auc: 0.3971
INFO:root:[5/5][28/100] loss: 0.026096963
INFO:root:acc: 0.5435, tpr: 0.4219, tnr: 0.8214, ppv: 0.8438, npv: 0.3833, auc: 0.6975
INFO:root:[validation] The current loss: 0.21293853, acc*auc: 0.3791
INFO:root:trigger times: 1
INFO:root:[5/5][29/100] loss: 0.02569602
INFO:root:acc: 0.587, tpr: 0.5469, tnr: 0.6786, ppv: 0.7955, npv: 0.3958, auc: 0.7037
INFO:root:[validation] The current loss: 0.21459624, acc*auc: 0.413
INFO:root:trigger times: 2
INFO:root:[5/5][30/100] loss: 0.025874279
INFO:root:acc: 0.6739, tpr: 0.75, tnr: 0.5, ppv: 0.7742, npv: 0.4667, auc: 0.6551
INFO:root:[validation] The current loss: 0.21872304, acc*auc: 0.4415
INFO:root:trigger times: 3
INFO:root:[5/5][31/100] loss: 0.025683133
INFO:root:acc: 0.4891, tpr: 0.3594, tnr: 0.7857, ppv: 0.7931, npv: 0.3492, auc: 0.6897
INFO:root:[validation] The current loss: 0.2124275, acc*auc: 0.3374
INFO:root:[5/5][32/100] loss: 0.025639946
INFO:root:acc: 0.4457, tpr: 0.2656, tnr: 0.8571, ppv: 0.8095, npv: 0.338, auc: 0.6434
INFO:root:[validation] The current loss: 0.23745416, acc*auc: 0.2867
INFO:root:trigger times: 1
INFO:root:[5/5][33/100] loss: 0.025192359
INFO:root:acc: 0.6413, tpr: 0.8125, tnr: 0.25, ppv: 0.7123, npv: 0.3684, auc: 0.6473
INFO:root:[validation] The current loss: 0.22327582, acc*auc: 0.4151
INFO:root:[5/5][34/100] loss: 0.024846952
INFO:root:acc: 0.5435, tpr: 0.4219, tnr: 0.8214, ppv: 0.8438, npv: 0.3833, auc: 0.6959
INFO:root:[validation] The current loss: 0.21355963, acc*auc: 0.3782
INFO:root:[5/5][35/100] loss: 0.024956804
INFO:root:acc: 0.6304, tpr: 0.5469, tnr: 0.8214, ppv: 0.875, npv: 0.4423, auc: 0.6953
INFO:root:[validation] The current loss: 0.21202056, acc*auc: 0.4383
INFO:root:[5/5][36/100] loss: 0.02386228
INFO:root:acc: 0.663, tpr: 0.7812, tnr: 0.3929, ppv: 0.7463, npv: 0.44, auc: 0.6786
INFO:root:[validation] The current loss: 0.21733863, acc*auc: 0.4499
INFO:root:trigger times: 1
CRITICAL:root:Recording best acc*auc model. (model/under-sampling/acc_auc_mul)
INFO:root:[5/5][37/100] loss: 0.023813616
INFO:root:acc: 0.5978, tpr: 0.7031, tnr: 0.3571, ppv: 0.7143, npv: 0.3448, auc: 0.6278
INFO:root:[validation] The current loss: 0.22121622, acc*auc: 0.3753
INFO:root:trigger times: 2
INFO:root:[5/5][38/100] loss: 0.023343034
INFO:root:acc: 0.4674, tpr: 0.2812, tnr: 0.8929, ppv: 0.8571, npv: 0.3521, auc: 0.6222
INFO:root:[validation] The current loss: 0.25851199, acc*auc: 0.2908
INFO:root:trigger times: 3
INFO:root:[5/5][39/100] loss: 0.022445239
INFO:root:acc: 0.4565, tpr: 0.2812, tnr: 0.8571, ppv: 0.8182, npv: 0.3429, auc: 0.6272
INFO:root:[validation] The current loss: 0.25444447, acc*auc: 0.2863
INFO:root:[5/5][40/100] loss: 0.022264872
INFO:root:acc: 0.7283, tpr: 1.0, tnr: 0.1071, ppv: 0.7191, npv: 1.0, auc: 0.505
INFO:root:[validation] The current loss: 0.31118543, acc*auc: 0.3678
INFO:root:trigger times: 1
INFO:root:[5/5][41/100] loss: 0.022553857
INFO:root:acc: 0.6848, tpr: 0.8906, tnr: 0.2143, ppv: 0.7215, npv: 0.4615, auc: 0.5787
INFO:root:[validation] The current loss: 0.25333888, acc*auc: 0.3963
INFO:root:[5/5][42/100] loss: 0.021171568
INFO:root:acc: 0.5, tpr: 0.3438, tnr: 0.8571, ppv: 0.8462, npv: 0.3636, auc: 0.6395
INFO:root:[validation] The current loss: 0.26181856, acc*auc: 0.3198
INFO:root:trigger times: 1
INFO:root:[5/5][43/100] loss: 0.02135014
INFO:root:acc: 0.6087, tpr: 0.7344, tnr: 0.3214, ppv: 0.7121, npv: 0.3462, auc: 0.5558
INFO:root:[validation] The current loss: 0.26957045, acc*auc: 0.3383
INFO:root:trigger times: 2
INFO:root:[5/5][44/100] loss: 0.020335995
INFO:root:acc: 0.587, tpr: 0.5938, tnr: 0.5714, ppv: 0.76, npv: 0.381, auc: 0.6155
INFO:root:[validation] The current loss: 0.23672947, acc*auc: 0.3613
INFO:root:[5/5][45/100] loss: 0.019794143
INFO:root:acc: 0.5978, tpr: 0.625, tnr: 0.5357, ppv: 0.7547, npv: 0.3846, auc: 0.5949
INFO:root:[validation] The current loss: 0.23787584, acc*auc: 0.3556
INFO:root:trigger times: 1
INFO:root:[5/5][46/100] loss: 0.019382458
INFO:root:acc: 0.6413, tpr: 0.7969, tnr: 0.2857, ppv: 0.7183, npv: 0.381, auc: 0.5658
INFO:root:[validation] The current loss: 0.26072604, acc*auc: 0.3629
INFO:root:trigger times: 2
INFO:root:[5/5][47/100] loss: 0.019484564
INFO:root:acc: 0.6087, tpr: 0.7031, tnr: 0.3929, ppv: 0.7258, npv: 0.3667, auc: 0.5854
INFO:root:[validation] The current loss: 0.23792065, acc*auc: 0.3563
INFO:root:[5/5][48/100] loss: 0.019073494
INFO:root:acc: 0.6087, tpr: 0.6875, tnr: 0.4286, ppv: 0.7333, npv: 0.375, auc: 0.5949
INFO:root:[validation] The current loss: 0.23561129, acc*auc: 0.3621
INFO:root:[5/5][49/100] loss: 0.018886673
INFO:root:acc: 0.6196, tpr: 0.75, tnr: 0.3214, ppv: 0.7164, npv: 0.36, auc: 0.572
INFO:root:[validation] The current loss: 0.23372178, acc*auc: 0.3544
INFO:root:[5/5][50/100] loss: 0.01880163
INFO:root:acc: 0.587, tpr: 0.6719, tnr: 0.3929, ppv: 0.7167, npv: 0.3438, auc: 0.6021
INFO:root:[validation] The current loss: 0.22553839, acc*auc: 0.3534
INFO:root:[5/5][51/100] loss: 0.018868502
INFO:root:acc: 0.6087, tpr: 0.6875, tnr: 0.4286, ppv: 0.7333, npv: 0.375, auc: 0.5938
INFO:root:[validation] The current loss: 0.22874914, acc*auc: 0.3614
INFO:root:trigger times: 1
INFO:root:[5/5][52/100] loss: 0.018873971
INFO:root:acc: 0.5978, tpr: 0.7031, tnr: 0.3571, ppv: 0.7143, npv: 0.3448, auc: 0.5804
INFO:root:[validation] The current loss: 0.24724266, acc*auc: 0.347
INFO:root:trigger times: 2
INFO:root:[5/5][53/100] loss: 0.019428645
INFO:root:acc: 0.587, tpr: 0.6406, tnr: 0.4643, ppv: 0.7321, npv: 0.3611, auc: 0.5893
INFO:root:[validation] The current loss: 0.23434716, acc*auc: 0.3459
INFO:root:[5/5][54/100] loss: 0.019209634
INFO:root:acc: 0.6522, tpr: 0.7812, tnr: 0.3571, ppv: 0.7353, npv: 0.4167, auc: 0.6138
INFO:root:[validation] The current loss: 0.23096541, acc*auc: 0.4003
INFO:root:[5/5][55/100] loss: 0.020044374
INFO:root:acc: 0.5761, tpr: 0.6406, tnr: 0.4286, ppv: 0.7193, npv: 0.3429, auc: 0.596
INFO:root:[validation] The current loss: 0.25461633, acc*auc: 0.3433
INFO:root:trigger times: 1
INFO:root:[5/5][56/100] loss: 0.019404495
INFO:root:acc: 0.6196, tpr: 0.7656, tnr: 0.2857, ppv: 0.7101, npv: 0.3478, auc: 0.582
INFO:root:[validation] The current loss: 0.24500514, acc*auc: 0.3606
INFO:root:[5/5][57/100] loss: 0.01886898
INFO:root:acc: 0.6957, tpr: 0.9688, tnr: 0.07143, ppv: 0.7045, npv: 0.5, auc: 0.6016
INFO:root:[validation] The current loss: 0.2763349, acc*auc: 0.4185
INFO:root:trigger times: 1
INFO:root:[5/5][58/100] loss: 0.019296949
INFO:root:acc: 0.5435, tpr: 0.4844, tnr: 0.6786, ppv: 0.775, npv: 0.3654, auc: 0.6189
INFO:root:[validation] The current loss: 0.2663015, acc*auc: 0.3363
INFO:root:[5/5][59/100] loss: 0.020931223
INFO:root:acc: 0.5978, tpr: 0.6562, tnr: 0.4643, ppv: 0.7368, npv: 0.3714, auc: 0.5943
INFO:root:[validation] The current loss: 0.25952653, acc*auc: 0.3553
INFO:root:[5/5][60/100] loss: 0.019705521
INFO:root:acc: 0.6522, tpr: 0.7656, tnr: 0.3929, ppv: 0.7424, npv: 0.4231, auc: 0.6189
INFO:root:[validation] The current loss: 0.22996631, acc*auc: 0.4036
INFO:root:[5/5][61/100] loss: 0.018279449
INFO:root:acc: 0.5435, tpr: 0.5625, tnr: 0.5, ppv: 0.72, npv: 0.3333, auc: 0.6127
INFO:root:[validation] The current loss: 0.23841153, acc*auc: 0.333
INFO:root:trigger times: 1
INFO:root:[5/5][62/100] loss: 0.019339943
INFO:root:acc: 0.6522, tpr: 0.8125, tnr: 0.2857, ppv: 0.7222, npv: 0.4, auc: 0.5619
INFO:root:[validation] The current loss: 0.2642117, acc*auc: 0.3665
INFO:root:trigger times: 2
INFO:root:[5/5][63/100] loss: 0.018339694
INFO:root:acc: 0.5435, tpr: 0.5312, tnr: 0.5714, ppv: 0.7391, npv: 0.3478, auc: 0.6406
INFO:root:[validation] The current loss: 0.2380841, acc*auc: 0.3482
INFO:root:[5/5][64/100] loss: 0.017976341
INFO:root:acc: 0.7174, tpr: 0.9062, tnr: 0.2857, ppv: 0.7436, npv: 0.5714, auc: 0.6496
INFO:root:[validation] The current loss: 0.23579141, acc*auc: 0.466
CRITICAL:root:Recording best acc*auc model. (model/under-sampling/acc_auc_mul)
INFO:root:[5/5][65/100] loss: 0.019342098
INFO:root:acc: 0.6196, tpr: 0.7344, tnr: 0.3571, ppv: 0.7231, npv: 0.3704, auc: 0.567
INFO:root:[validation] The current loss: 0.29443972, acc*auc: 0.3513
INFO:root:trigger times: 1
INFO:root:[5/5][66/100] loss: 0.017837774
INFO:root:acc: 0.7283, tpr: 0.9531, tnr: 0.2143, ppv: 0.7349, npv: 0.6667, auc: 0.6088
INFO:root:[validation] The current loss: 0.26549203, acc*auc: 0.4434
INFO:root:[5/5][67/100] loss: 0.017320239
INFO:root:acc: 0.75, tpr: 0.9688, tnr: 0.25, ppv: 0.747, npv: 0.7778, auc: 0.5597
INFO:root:[validation] The current loss: 0.28606163, acc*auc: 0.4198
INFO:root:trigger times: 1
INFO:root:[5/5][68/100] loss: 0.0164419
INFO:root:acc: 0.587, tpr: 0.6719, tnr: 0.3929, ppv: 0.7167, npv: 0.3438, auc: 0.5876
INFO:root:[validation] The current loss: 0.25873535, acc*auc: 0.3449
INFO:root:[5/5][69/100] loss: 0.01657758
INFO:root:acc: 0.6413, tpr: 0.7344, tnr: 0.4286, ppv: 0.746, npv: 0.4138, auc: 0.6133
INFO:root:[validation] The current loss: 0.24721251, acc*auc: 0.3933
INFO:root:[5/5][70/100] loss: 0.016832075
INFO:root:acc: 0.5978, tpr: 0.7031, tnr: 0.3571, ppv: 0.7143, npv: 0.3448, auc: 0.6038
INFO:root:[validation] The current loss: 0.2792517, acc*auc: 0.361
INFO:root:trigger times: 1
INFO:root:[5/5][71/100] loss: 0.016227375
INFO:root:acc: 0.6087, tpr: 0.75, tnr: 0.2857, ppv: 0.7059, npv: 0.3333, auc: 0.5904
INFO:root:[validation] The current loss: 0.26508126, acc*auc: 0.3594
INFO:root:[5/5][72/100] loss: 0.016415632
INFO:root:acc: 0.6196, tpr: 0.75, tnr: 0.3214, ppv: 0.7164, npv: 0.36, auc: 0.5809
INFO:root:[validation] The current loss: 0.29877648, acc*auc: 0.3599
INFO:root:trigger times: 1
INFO:root:[5/5][73/100] loss: 0.015613923
INFO:root:acc: 0.6087, tpr: 0.7344, tnr: 0.3214, ppv: 0.7121, npv: 0.3462, auc: 0.5742
INFO:root:[validation] The current loss: 0.26834477, acc*auc: 0.3495
INFO:root:[5/5][74/100] loss: 0.015961015
INFO:root:acc: 0.587, tpr: 0.7031, tnr: 0.3214, ppv: 0.7031, npv: 0.3214, auc: 0.5938
INFO:root:[validation] The current loss: 0.27174117, acc*auc: 0.3485
INFO:root:trigger times: 1
INFO:root:[5/5][75/100] loss: 0.015605637
INFO:root:acc: 0.5978, tpr: 0.7188, tnr: 0.3214, ppv: 0.7077, npv: 0.3333, auc: 0.5893
INFO:root:[validation] The current loss: 0.27458154, acc*auc: 0.3523
INFO:root:trigger times: 2
INFO:root:[5/5][76/100] loss: 0.01571034
INFO:root:acc: 0.6087, tpr: 0.7344, tnr: 0.3214, ppv: 0.7121, npv: 0.3462, auc: 0.6004
INFO:root:[validation] The current loss: 0.25829689, acc*auc: 0.3655
INFO:root:[5/5][77/100] loss: 0.016724381
INFO:root:acc: 0.6196, tpr: 0.75, tnr: 0.3214, ppv: 0.7164, npv: 0.36, auc: 0.5781
INFO:root:[validation] The current loss: 0.27027427, acc*auc: 0.3582
INFO:root:trigger times: 1
INFO:root:[5/5][78/100] loss: 0.016084087
INFO:root:acc: 0.5978, tpr: 0.7344, tnr: 0.2857, ppv: 0.7015, npv: 0.32, auc: 0.5804
INFO:root:[validation] The current loss: 0.27587829, acc*auc: 0.347
INFO:root:trigger times: 2
INFO:root:[5/5][79/100] loss: 0.015969406
INFO:root:acc: 0.5978, tpr: 0.7344, tnr: 0.2857, ppv: 0.7015, npv: 0.32, auc: 0.577
INFO:root:[validation] The current loss: 0.28980399, acc*auc: 0.345
INFO:root:trigger times: 3
INFO:root:[5/5][80/100] loss: 0.015918734
INFO:root:acc: 0.6196, tpr: 0.7812, tnr: 0.25, ppv: 0.7042, npv: 0.3333, auc: 0.5603
INFO:root:[validation] The current loss: 0.30768973, acc*auc: 0.3471
INFO:root:trigger times: 4
INFO:root:[5/5][81/100] loss: 0.016530571
INFO:root:acc: 0.6413, tpr: 0.7656, tnr: 0.3571, ppv: 0.7313, npv: 0.4, auc: 0.6066
INFO:root:[validation] The current loss: 0.27568615, acc*auc: 0.389
INFO:root:[5/5][82/100] loss: 0.016529925
INFO:root:acc: 0.5978, tpr: 0.625, tnr: 0.5357, ppv: 0.7547, npv: 0.3846, auc: 0.635
INFO:root:[validation] The current loss: 0.24258736, acc*auc: 0.3796
INFO:root:[5/5][83/100] loss: 0.016312217
INFO:root:acc: 0.7065, tpr: 0.8594, tnr: 0.3571, ppv: 0.7534, npv: 0.5263, auc: 0.6217
INFO:root:[validation] The current loss: 0.26390372, acc*auc: 0.4392
INFO:root:trigger times: 1
INFO:root:[5/5][84/100] loss: 0.016591932
INFO:root:acc: 0.5543, tpr: 0.5938, tnr: 0.4643, ppv: 0.717, npv: 0.3333, auc: 0.5999
INFO:root:[validation] The current loss: 0.26575525, acc*auc: 0.3325
INFO:root:trigger times: 2
INFO:root:[5/5][85/100] loss: 0.019316812
INFO:root:acc: 0.663, tpr: 0.8281, tnr: 0.2857, ppv: 0.726, npv: 0.4211, auc: 0.5865
INFO:root:[validation] The current loss: 0.27843447, acc*auc: 0.3889
INFO:root:trigger times: 3
INFO:root:[5/5][86/100] loss: 0.017952973
INFO:root:acc: 0.6304, tpr: 0.8125, tnr: 0.2143, ppv: 0.7027, npv: 0.3333, auc: 0.5658
INFO:root:[validation] The current loss: 0.29818389, acc*auc: 0.3567
INFO:root:trigger times: 4
INFO:root:[5/5][87/100] loss: 0.018461945
INFO:root:acc: 0.7065, tpr: 1.0, tnr: 0.03571, ppv: 0.7033, npv: 1.0, auc: 0.5497
INFO:root:[validation] The current loss: 0.38115764, acc*auc: 0.3884
INFO:root:trigger times: 5
WARNING:root:Early stopping!
Epoch = 87
