INFO:root:device = cuda
INFO:root:pred_days = 365
WARNING:root:weights = [1, 1]
INFO:root:data sampling method: over-sampling
INFO:root:training set size: 904
INFO:root:data sampling method: over-sampling
INFO:root:val set size: 182
INFO:root:[1/5][0/100] loss: 0.021591581
INFO:root:acc: 0.4286, tpr: 0.2833, tnr: 0.7097, ppv: 0.6538, npv: 0.3385, auc: 0.5327
INFO:root:[validation] The current loss: 0.17068716, acc*auc: 0.2283
INFO:root:Recording best auc model. (model/under-sampling/auc)
CRITICAL:root:Recording best acc*auc model. (model/under-sampling/acc_auc_mul)
INFO:root:[1/5][1/100] loss: 0.021568331
INFO:root:acc: 0.4066, tpr: 0.2083, tnr: 0.7903, ppv: 0.6579, npv: 0.3403, auc: 0.5317
INFO:root:[validation] The current loss: 0.17092446, acc*auc: 0.2162
INFO:root:trigger times: 1
INFO:root:[1/5][2/100] loss: 0.021516911
INFO:root:acc: 0.4286, tpr: 0.2833, tnr: 0.7097, ppv: 0.6538, npv: 0.3385, auc: 0.5293
INFO:root:[validation] The current loss: 0.17054942, acc*auc: 0.2268
INFO:root:[1/5][3/100] loss: 0.021548124
INFO:root:acc: 0.4341, tpr: 0.2833, tnr: 0.7258, ppv: 0.6667, npv: 0.3435, auc: 0.5266
INFO:root:[validation] The current loss: 0.17040552, acc*auc: 0.2286
CRITICAL:root:Recording best acc*auc model. (model/under-sampling/acc_auc_mul)
INFO:root:[1/5][4/100] loss: 0.021499684
INFO:root:acc: 0.4835, tpr: 0.4083, tnr: 0.629, ppv: 0.6806, npv: 0.3545, auc: 0.5194
INFO:root:[validation] The current loss: 0.16932072, acc*auc: 0.2511
CRITICAL:root:Recording best acc*auc model. (model/under-sampling/acc_auc_mul)
INFO:root:[1/5][5/100] loss: 0.021346225
INFO:root:acc: 0.522, tpr: 0.4583, tnr: 0.6452, ppv: 0.7143, npv: 0.381, auc: 0.512
INFO:root:[validation] The current loss: 0.16918418, acc*auc: 0.2672
CRITICAL:root:Recording best acc*auc model. (model/under-sampling/acc_auc_mul)
INFO:root:[1/5][6/100] loss: 0.021229762
INFO:root:acc: 0.5659, tpr: 0.65, tnr: 0.4032, ppv: 0.6783, npv: 0.3731, auc: 0.5196
INFO:root:[validation] The current loss: 0.16755045, acc*auc: 0.2941
CRITICAL:root:Recording best acc*auc model. (model/under-sampling/acc_auc_mul)
INFO:root:[1/5][7/100] loss: 0.020989173
INFO:root:acc: 0.4725, tpr: 0.3417, tnr: 0.7258, ppv: 0.7069, npv: 0.3629, auc: 0.5032
INFO:root:[validation] The current loss: 0.17086403, acc*auc: 0.2378
INFO:root:trigger times: 1
INFO:root:[1/5][8/100] loss: 0.020605994
INFO:root:acc: 0.6374, tpr: 0.875, tnr: 0.1774, ppv: 0.6731, npv: 0.4231, auc: 0.5039
INFO:root:[validation] The current loss: 0.16474936, acc*auc: 0.3212
CRITICAL:root:Recording best acc*auc model. (model/under-sampling/acc_auc_mul)
INFO:root:[1/5][9/100] loss: 0.020293318
INFO:root:acc: 0.5275, tpr: 0.6333, tnr: 0.3226, ppv: 0.6441, npv: 0.3125, auc: 0.5418
INFO:root:[validation] The current loss: 0.16862479, acc*auc: 0.2858
INFO:root:trigger times: 1
INFO:root:Recording best auc model. (model/under-sampling/auc)
INFO:root:[1/5][10/100] loss: 0.019609883
INFO:root:acc: 0.6319, tpr: 0.9333, tnr: 0.04839, ppv: 0.655, npv: 0.2727, auc: 0.5312
INFO:root:[validation] The current loss: 0.16974366, acc*auc: 0.3356
INFO:root:trigger times: 2
CRITICAL:root:Recording best acc*auc model. (model/under-sampling/acc_auc_mul)
INFO:root:[1/5][11/100] loss: 0.018749812
INFO:root:acc: 0.5769, tpr: 0.7083, tnr: 0.3226, ppv: 0.6693, npv: 0.3636, auc: 0.5448
INFO:root:[validation] The current loss: 0.16617547, acc*auc: 0.3143
INFO:root:Recording best auc model. (model/under-sampling/auc)
INFO:root:[1/5][12/100] loss: 0.017989728
INFO:root:acc: 0.6593, tpr: 0.95, tnr: 0.09677, ppv: 0.6706, npv: 0.5, auc: 0.5183
INFO:root:[validation] The current loss: 0.18150303, acc*auc: 0.3417
INFO:root:trigger times: 1
CRITICAL:root:Recording best acc*auc model. (model/under-sampling/acc_auc_mul)
INFO:root:[1/5][13/100] loss: 0.01722789
INFO:root:acc: 0.3407, tpr: 0.0, tnr: 1.0, ppv: nan, npv: 0.3407, auc: 0.5544
INFO:root:[validation] The current loss: 0.24498158, acc*auc: 0.1889
INFO:root:trigger times: 2
INFO:root:Recording best auc model. (model/under-sampling/auc)
INFO:root:[1/5][14/100] loss: 0.01606546
INFO:root:acc: 0.4615, tpr: 0.3333, tnr: 0.7097, ppv: 0.6897, npv: 0.3548, auc: 0.5258
INFO:root:[validation] The current loss: 0.17438664, acc*auc: 0.2427
INFO:root:[1/5][15/100] loss: 0.015174694
INFO:root:acc: 0.3736, tpr: 0.06667, tnr: 0.9677, ppv: 0.8, npv: 0.3488, auc: 0.5508
INFO:root:[validation] The current loss: 0.21987324, acc*auc: 0.2058
INFO:root:trigger times: 1
INFO:root:[1/5][16/100] loss: 0.014019678
INFO:root:acc: 0.4341, tpr: 0.2417, tnr: 0.8065, ppv: 0.7073, npv: 0.3546, auc: 0.5574
INFO:root:[validation] The current loss: 0.19131629, acc*auc: 0.2419
INFO:root:Recording best auc model. (model/under-sampling/auc)
INFO:root:[1/5][17/100] loss: 0.013481053
INFO:root:acc: 0.6319, tpr: 0.925, tnr: 0.06452, ppv: 0.6568, npv: 0.3077, auc: 0.5055
INFO:root:[validation] The current loss: 0.20486768, acc*auc: 0.3194
INFO:root:trigger times: 1
INFO:root:[1/5][18/100] loss: 0.012672311
INFO:root:acc: 0.5934, tpr: 0.725, tnr: 0.3387, ppv: 0.6797, npv: 0.3889, auc: 0.5294
INFO:root:[validation] The current loss: 0.17829395, acc*auc: 0.3142
INFO:root:[1/5][19/100] loss: 0.012132473
INFO:root:acc: 0.5879, tpr: 0.6833, tnr: 0.4032, ppv: 0.6891, npv: 0.3968, auc: 0.5024
INFO:root:[validation] The current loss: 0.18356419, acc*auc: 0.2954
INFO:root:trigger times: 1
INFO:root:[1/5][20/100] loss: 0.012178618
INFO:root:acc: 0.6374, tpr: 0.9083, tnr: 0.1129, ppv: 0.6646, npv: 0.3889, auc: 0.5067
INFO:root:[validation] The current loss: 0.19270002, acc*auc: 0.323
INFO:root:trigger times: 2
INFO:root:[1/5][21/100] loss: 0.011340719
INFO:root:acc: 0.5989, tpr: 0.7917, tnr: 0.2258, ppv: 0.6643, npv: 0.359, auc: 0.5263
INFO:root:[validation] The current loss: 0.18253035, acc*auc: 0.3152
INFO:root:[1/5][22/100] loss: 0.011275108
INFO:root:acc: 0.6154, tpr: 0.7917, tnr: 0.2742, ppv: 0.6786, npv: 0.4048, auc: 0.5259
INFO:root:[validation] The current loss: 0.1830512, acc*auc: 0.3237
INFO:root:trigger times: 1
INFO:root:[1/5][23/100] loss: 0.010981747
INFO:root:acc: 0.6099, tpr: 0.775, tnr: 0.2903, ppv: 0.6788, npv: 0.4, auc: 0.5215
INFO:root:[validation] The current loss: 0.18428638, acc*auc: 0.3181
INFO:root:trigger times: 2
INFO:root:[1/5][24/100] loss: 0.011123599
INFO:root:acc: 0.6374, tpr: 0.7833, tnr: 0.3548, ppv: 0.7015, npv: 0.4583, auc: 0.5288
INFO:root:[validation] The current loss: 0.18214872, acc*auc: 0.337
INFO:root:[1/5][25/100] loss: 0.011036115
INFO:root:acc: 0.6374, tpr: 0.7833, tnr: 0.3548, ppv: 0.7015, npv: 0.4583, auc: 0.5267
INFO:root:[validation] The current loss: 0.18365772, acc*auc: 0.3357
INFO:root:trigger times: 1
INFO:root:[1/5][26/100] loss: 0.010876659
INFO:root:acc: 0.6154, tpr: 0.7583, tnr: 0.3387, ppv: 0.6894, npv: 0.42, auc: 0.5254
INFO:root:[validation] The current loss: 0.18313581, acc*auc: 0.3233
INFO:root:[1/5][27/100] loss: 0.010808613
INFO:root:acc: 0.5879, tpr: 0.8, tnr: 0.1774, ppv: 0.6531, npv: 0.3143, auc: 0.5159
INFO:root:[validation] The current loss: 0.18984666, acc*auc: 0.3033
INFO:root:trigger times: 1
INFO:root:[1/5][28/100] loss: 0.011358435
INFO:root:acc: 0.522, tpr: 0.5083, tnr: 0.5484, ppv: 0.6854, npv: 0.3656, auc: 0.5426
INFO:root:[validation] The current loss: 0.18453976, acc*auc: 0.2832
INFO:root:[1/5][29/100] loss: 0.010398153
INFO:root:acc: 0.6044, tpr: 0.7667, tnr: 0.2903, ppv: 0.6765, npv: 0.3913, auc: 0.537
INFO:root:[validation] The current loss: 0.18366722, acc*auc: 0.3245
INFO:root:[1/5][30/100] loss: 0.010259566
INFO:root:acc: 0.5989, tpr: 0.7833, tnr: 0.2419, ppv: 0.6667, npv: 0.3659, auc: 0.5082
INFO:root:[validation] The current loss: 0.18974771, acc*auc: 0.3044
INFO:root:trigger times: 1
INFO:root:[1/5][31/100] loss: 0.009645408
INFO:root:acc: 0.5659, tpr: 0.6417, tnr: 0.4194, ppv: 0.6814, npv: 0.3768, auc: 0.5247
INFO:root:[validation] The current loss: 0.19285218, acc*auc: 0.297
INFO:root:trigger times: 2
INFO:root:[1/5][32/100] loss: 0.010036183
INFO:root:acc: 0.6484, tpr: 0.9667, tnr: 0.03226, ppv: 0.6591, npv: 0.3333, auc: 0.506
INFO:root:[validation] The current loss: 0.22174696, acc*auc: 0.3281
INFO:root:trigger times: 3
INFO:root:[1/5][33/100] loss: 0.0099891193
INFO:root:acc: 0.5714, tpr: 0.6417, tnr: 0.4355, ppv: 0.6875, npv: 0.3857, auc: 0.5435
INFO:root:[validation] The current loss: 0.19693195, acc*auc: 0.3106
INFO:root:[1/5][34/100] loss: 0.0091258725
INFO:root:acc: 0.511, tpr: 0.4833, tnr: 0.5645, ppv: 0.6824, npv: 0.3608, auc: 0.5526
INFO:root:[validation] The current loss: 0.20017368, acc*auc: 0.2823
INFO:root:trigger times: 1
INFO:root:[1/5][35/100] loss: 0.0090939414
INFO:root:acc: 0.5934, tpr: 0.6917, tnr: 0.4032, ppv: 0.6917, npv: 0.4032, auc: 0.5358
INFO:root:[validation] The current loss: 0.19783001, acc*auc: 0.3179
INFO:root:[1/5][36/100] loss: 0.0088196321
INFO:root:acc: 0.5659, tpr: 0.6417, tnr: 0.4194, ppv: 0.6814, npv: 0.3768, auc: 0.5231
INFO:root:[validation] The current loss: 0.20529664, acc*auc: 0.2961
INFO:root:trigger times: 1
INFO:root:[1/5][37/100] loss: 0.0079171854
INFO:root:acc: 0.4505, tpr: 0.3, tnr: 0.7419, ppv: 0.6923, npv: 0.3538, auc: 0.5356
INFO:root:[validation] The current loss: 0.23066468, acc*auc: 0.2413
INFO:root:trigger times: 2
INFO:root:[1/5][38/100] loss: 0.0082677663
INFO:root:acc: 0.6209, tpr: 0.925, tnr: 0.03226, ppv: 0.6491, npv: 0.1818, auc: 0.5433
INFO:root:[validation] The current loss: 0.21791178, acc*auc: 0.3373
INFO:root:[1/5][39/100] loss: 0.0079971743
INFO:root:acc: 0.6264, tpr: 0.8833, tnr: 0.129, ppv: 0.6625, npv: 0.3636, auc: 0.5337
INFO:root:[validation] The current loss: 0.21268488, acc*auc: 0.3343
INFO:root:[1/5][40/100] loss: 0.0070919002
INFO:root:acc: 0.6209, tpr: 0.9083, tnr: 0.06452, ppv: 0.6527, npv: 0.2667, auc: 0.5331
INFO:root:[validation] The current loss: 0.21521058, acc*auc: 0.331
INFO:root:trigger times: 1
INFO:root:[1/5][41/100] loss: 0.0068550595
INFO:root:acc: 0.511, tpr: 0.4833, tnr: 0.5645, ppv: 0.6824, npv: 0.3608, auc: 0.5191
INFO:root:[validation] The current loss: 0.22362779, acc*auc: 0.2652
INFO:root:trigger times: 2
INFO:root:[1/5][42/100] loss: 0.0066486252
INFO:root:acc: 0.544, tpr: 0.525, tnr: 0.5806, ppv: 0.7079, npv: 0.3871, auc: 0.5374
INFO:root:[validation] The current loss: 0.217687, acc*auc: 0.2923
INFO:root:[1/5][43/100] loss: 0.0066842383
INFO:root:acc: 0.5495, tpr: 0.5417, tnr: 0.5645, ppv: 0.7065, npv: 0.3889, auc: 0.5445
INFO:root:[validation] The current loss: 0.22074334, acc*auc: 0.2992
INFO:root:trigger times: 1
INFO:root:[1/5][44/100] loss: 0.0066574234
INFO:root:acc: 0.6044, tpr: 0.825, tnr: 0.1774, ppv: 0.66, npv: 0.3438, auc: 0.5177
INFO:root:[validation] The current loss: 0.22178856, acc*auc: 0.3129
INFO:root:trigger times: 2
INFO:root:[1/5][45/100] loss: 0.0060567656
INFO:root:acc: 0.5714, tpr: 0.6917, tnr: 0.3387, ppv: 0.6694, npv: 0.3621, auc: 0.5245
INFO:root:[validation] The current loss: 0.21499868, acc*auc: 0.2997
INFO:root:[1/5][46/100] loss: 0.0067248403
INFO:root:acc: 0.5824, tpr: 0.6917, tnr: 0.371, ppv: 0.6803, npv: 0.3833, auc: 0.5341
INFO:root:[validation] The current loss: 0.21348256, acc*auc: 0.3111
INFO:root:[1/5][47/100] loss: 0.0062967302
INFO:root:acc: 0.5934, tpr: 0.7083, tnr: 0.371, ppv: 0.6855, npv: 0.3966, auc: 0.5371
INFO:root:[validation] The current loss: 0.21026599, acc*auc: 0.3187
INFO:root:[1/5][48/100] loss: 0.0060883329
INFO:root:acc: 0.6044, tpr: 0.7917, tnr: 0.2419, ppv: 0.669, npv: 0.375, auc: 0.5323
INFO:root:[validation] The current loss: 0.21521346, acc*auc: 0.3217
INFO:root:trigger times: 1
INFO:root:[1/5][49/100] loss: 0.0057827139
INFO:root:acc: 0.5769, tpr: 0.725, tnr: 0.2903, ppv: 0.6641, npv: 0.3529, auc: 0.5325
INFO:root:[validation] The current loss: 0.21499722, acc*auc: 0.3072
INFO:root:[1/5][50/100] loss: 0.0060853054
INFO:root:acc: 0.5934, tpr: 0.725, tnr: 0.3387, ppv: 0.6797, npv: 0.3889, auc: 0.5306
INFO:root:[validation] The current loss: 0.21283091, acc*auc: 0.3149
INFO:root:[1/5][51/100] loss: 0.0060002642
INFO:root:acc: 0.6154, tpr: 0.8, tnr: 0.2581, ppv: 0.6761, npv: 0.4, auc: 0.5255
INFO:root:[validation] The current loss: 0.21673853, acc*auc: 0.3234
INFO:root:trigger times: 1
INFO:root:[1/5][52/100] loss: 0.0059869423
INFO:root:acc: 0.6209, tpr: 0.8333, tnr: 0.2097, ppv: 0.6711, npv: 0.3939, auc: 0.528
INFO:root:[validation] The current loss: 0.22022845, acc*auc: 0.3278
INFO:root:trigger times: 2
INFO:root:[1/5][53/100] loss: 0.0064297296
INFO:root:acc: 0.5549, tpr: 0.5833, tnr: 0.5, ppv: 0.6931, npv: 0.3827, auc: 0.5388
INFO:root:[validation] The current loss: 0.21704759, acc*auc: 0.299
INFO:root:[1/5][54/100] loss: 0.0056993145
INFO:root:acc: 0.5714, tpr: 0.6417, tnr: 0.4355, ppv: 0.6875, npv: 0.3857, auc: 0.5352
INFO:root:[validation] The current loss: 0.2158502, acc*auc: 0.3058
INFO:root:[1/5][55/100] loss: 0.0056881931
INFO:root:acc: 0.5879, tpr: 0.75, tnr: 0.2742, ppv: 0.6667, npv: 0.3617, auc: 0.5309
INFO:root:[validation] The current loss: 0.21615754, acc*auc: 0.3121
INFO:root:trigger times: 1
INFO:root:[1/5][56/100] loss: 0.005283216
INFO:root:acc: 0.5769, tpr: 0.6833, tnr: 0.371, ppv: 0.6777, npv: 0.377, auc: 0.52
INFO:root:[validation] The current loss: 0.22050325, acc*auc: 0.3
INFO:root:trigger times: 2
INFO:root:[1/5][57/100] loss: 0.0063413148
INFO:root:acc: 0.4505, tpr: 0.2917, tnr: 0.7581, ppv: 0.7, npv: 0.3561, auc: 0.5388
INFO:root:[validation] The current loss: 0.2772736, acc*auc: 0.2428
INFO:root:trigger times: 3
INFO:root:[1/5][58/100] loss: 0.0058887502
INFO:root:acc: 0.3681, tpr: 0.06667, tnr: 0.9516, ppv: 0.7273, npv: 0.345, auc: 0.5328
INFO:root:[validation] The current loss: 0.34428397, acc*auc: 0.1961
INFO:root:trigger times: 4
INFO:root:[1/5][59/100] loss: 0.0061078445
INFO:root:acc: 0.511, tpr: 0.4667, tnr: 0.5968, ppv: 0.6914, npv: 0.3663, auc: 0.5391
INFO:root:[validation] The current loss: 0.23635384, acc*auc: 0.2755
INFO:root:[1/5][60/100] loss: 0.005863976
INFO:root:acc: 0.5989, tpr: 0.7917, tnr: 0.2258, ppv: 0.6643, npv: 0.359, auc: 0.5059
INFO:root:[validation] The current loss: 0.2324413, acc*auc: 0.303
INFO:root:[1/5][61/100] loss: 0.0058966626
INFO:root:acc: 0.6484, tpr: 0.9083, tnr: 0.1452, ppv: 0.6728, npv: 0.45, auc: 0.5211
INFO:root:[validation] The current loss: 0.22647031, acc*auc: 0.3379
INFO:root:[1/5][62/100] loss: 0.0058879354
INFO:root:acc: 0.5385, tpr: 0.5667, tnr: 0.4839, ppv: 0.68, npv: 0.3659, auc: 0.5138
INFO:root:[validation] The current loss: 0.24124568, acc*auc: 0.2767
INFO:root:trigger times: 1
INFO:root:[1/5][63/100] loss: 0.0060499499
INFO:root:acc: 0.6044, tpr: 0.775, tnr: 0.2742, ppv: 0.6739, npv: 0.3864, auc: 0.5168
INFO:root:[validation] The current loss: 0.22888005, acc*auc: 0.3124
INFO:root:[1/5][64/100] loss: 0.005161217
INFO:root:acc: 0.5824, tpr: 0.6583, tnr: 0.4355, ppv: 0.693, npv: 0.3971, auc: 0.5333
INFO:root:[validation] The current loss: 0.22807451, acc*auc: 0.3106
INFO:root:[1/5][65/100] loss: 0.0053534177
INFO:root:acc: 0.5989, tpr: 0.8667, tnr: 0.08065, ppv: 0.646, npv: 0.2381, auc: 0.5047
INFO:root:[validation] The current loss: 0.23536636, acc*auc: 0.3023
INFO:root:trigger times: 1
INFO:root:[1/5][66/100] loss: 0.0053434982
INFO:root:acc: 0.5604, tpr: 0.625, tnr: 0.4355, ppv: 0.6818, npv: 0.375, auc: 0.5153
INFO:root:[validation] The current loss: 0.23947747, acc*auc: 0.2888
INFO:root:trigger times: 2
INFO:root:[1/5][67/100] loss: 0.0063560379
INFO:root:acc: 0.6264, tpr: 0.7917, tnr: 0.3065, ppv: 0.6884, npv: 0.4318, auc: 0.5349
INFO:root:[validation] The current loss: 0.22401783, acc*auc: 0.3351
INFO:root:[1/5][68/100] loss: 0.0054922417
INFO:root:acc: 0.6264, tpr: 0.775, tnr: 0.3387, ppv: 0.694, npv: 0.4375, auc: 0.5331
INFO:root:[validation] The current loss: 0.22492017, acc*auc: 0.3339
INFO:root:trigger times: 1
INFO:root:[1/5][69/100] loss: 0.0052029684
INFO:root:acc: 0.6099, tpr: 0.775, tnr: 0.2903, ppv: 0.6788, npv: 0.4, auc: 0.538
INFO:root:[validation] The current loss: 0.22404774, acc*auc: 0.3281
INFO:root:[1/5][70/100] loss: 0.0049770298
INFO:root:acc: 0.5934, tpr: 0.6667, tnr: 0.4516, ppv: 0.7018, npv: 0.4118, auc: 0.5386
INFO:root:[validation] The current loss: 0.22511086, acc*auc: 0.3196
INFO:root:trigger times: 1
INFO:root:[1/5][71/100] loss: 0.004884068
INFO:root:acc: 0.6209, tpr: 0.75, tnr: 0.371, ppv: 0.6977, npv: 0.434, auc: 0.5417
INFO:root:[validation] The current loss: 0.22271717, acc*auc: 0.3363
INFO:root:[1/5][72/100] loss: 0.0046737302
INFO:root:acc: 0.6319, tpr: 0.7667, tnr: 0.371, ppv: 0.7023, npv: 0.451, auc: 0.5398
INFO:root:[validation] The current loss: 0.22324699, acc*auc: 0.3411
INFO:root:trigger times: 1
INFO:root:[1/5][73/100] loss: 0.0047735078
INFO:root:acc: 0.6374, tpr: 0.7833, tnr: 0.3548, ppv: 0.7015, npv: 0.4583, auc: 0.5444
INFO:root:[validation] The current loss: 0.22175368, acc*auc: 0.347
CRITICAL:root:Recording best acc*auc model. (model/under-sampling/acc_auc_mul)
INFO:root:[1/5][74/100] loss: 0.004962152
INFO:root:acc: 0.6209, tpr: 0.8, tnr: 0.2742, ppv: 0.6809, npv: 0.4146, auc: 0.5426
INFO:root:[validation] The current loss: 0.22403347, acc*auc: 0.3369
INFO:root:trigger times: 1
INFO:root:[1/5][75/100] loss: 0.0046082146
INFO:root:acc: 0.6154, tpr: 0.7333, tnr: 0.3871, ppv: 0.6984, npv: 0.4286, auc: 0.5504
INFO:root:[validation] The current loss: 0.22254347, acc*auc: 0.3387
INFO:root:[1/5][76/100] loss: 0.0046153025
INFO:root:acc: 0.6374, tpr: 0.775, tnr: 0.371, ppv: 0.7045, npv: 0.46, auc: 0.5473
INFO:root:[validation] The current loss: 0.21991373, acc*auc: 0.3488
CRITICAL:root:Recording best acc*auc model. (model/under-sampling/acc_auc_mul)
INFO:root:[1/5][77/100] loss: 0.0048113611
INFO:root:acc: 0.6264, tpr: 0.7667, tnr: 0.3548, ppv: 0.697, npv: 0.44, auc: 0.5446
INFO:root:[validation] The current loss: 0.22174057, acc*auc: 0.3411
INFO:root:trigger times: 1
INFO:root:[1/5][78/100] loss: 0.0043408218
INFO:root:acc: 0.6209, tpr: 0.7583, tnr: 0.3548, ppv: 0.6947, npv: 0.4314, auc: 0.5411
INFO:root:[validation] The current loss: 0.22566918, acc*auc: 0.336
INFO:root:trigger times: 2
INFO:root:[1/5][79/100] loss: 0.0049173974
INFO:root:acc: 0.5604, tpr: 0.6083, tnr: 0.4677, ppv: 0.6887, npv: 0.3816, auc: 0.531
INFO:root:[validation] The current loss: 0.24283582, acc*auc: 0.2976
INFO:root:trigger times: 3
INFO:root:[1/5][80/100] loss: 0.0046941023
INFO:root:acc: 0.6044, tpr: 0.7667, tnr: 0.2903, ppv: 0.6765, npv: 0.3913, auc: 0.522
INFO:root:[validation] The current loss: 0.23115513, acc*auc: 0.3155
INFO:root:[1/5][81/100] loss: 0.0045848423
INFO:root:acc: 0.6044, tpr: 0.7917, tnr: 0.2419, ppv: 0.669, npv: 0.375, auc: 0.5126
INFO:root:[validation] The current loss: 0.23456447, acc*auc: 0.3098
INFO:root:trigger times: 1
INFO:root:[1/5][82/100] loss: 0.0044961273
INFO:root:acc: 0.4945, tpr: 0.3917, tnr: 0.6935, ppv: 0.7121, npv: 0.3707, auc: 0.5612
INFO:root:[validation] The current loss: 0.26750317, acc*auc: 0.2775
INFO:root:trigger times: 2
INFO:root:Recording best auc model. (model/under-sampling/auc)
INFO:root:[1/5][83/100] loss: 0.0049187547
INFO:root:acc: 0.6099, tpr: 0.8083, tnr: 0.2258, ppv: 0.669, npv: 0.3784, auc: 0.5282
INFO:root:[validation] The current loss: 0.23696566, acc*auc: 0.3222
INFO:root:[1/5][84/100] loss: 0.0051183878
INFO:root:acc: 0.5385, tpr: 0.5083, tnr: 0.5968, ppv: 0.7093, npv: 0.3854, auc: 0.5609
INFO:root:[validation] The current loss: 0.24675233, acc*auc: 0.302
INFO:root:trigger times: 1
INFO:root:[1/5][85/100] loss: 0.0060598187
INFO:root:acc: 0.6374, tpr: 0.9667, tnr: 0.0, ppv: 0.6517, npv: 0.0, auc: 0.555
INFO:root:[validation] The current loss: 0.24628393, acc*auc: 0.3537
CRITICAL:root:Recording best acc*auc model. (model/under-sampling/acc_auc_mul)
INFO:root:[1/5][86/100] loss: 0.0060386764
INFO:root:acc: 0.6374, tpr: 0.8833, tnr: 0.1613, ppv: 0.6709, npv: 0.4167, auc: 0.55
INFO:root:[validation] The current loss: 0.23735973, acc*auc: 0.3505
INFO:root:[1/5][87/100] loss: 0.004641557
INFO:root:acc: 0.5934, tpr: 0.75, tnr: 0.2903, ppv: 0.6716, npv: 0.375, auc: 0.5699
INFO:root:[validation] The current loss: 0.22705549, acc*auc: 0.3382
INFO:root:Recording best auc model. (model/under-sampling/auc)
INFO:root:[1/5][88/100] loss: 0.0049594959
INFO:root:acc: 0.5549, tpr: 0.55, tnr: 0.5645, ppv: 0.7097, npv: 0.3933, auc: 0.5672
INFO:root:[validation] The current loss: 0.24749586, acc*auc: 0.3148
INFO:root:trigger times: 1
INFO:root:[1/5][89/100] loss: 0.0043096054
INFO:root:acc: 0.5824, tpr: 0.7667, tnr: 0.2258, ppv: 0.6571, npv: 0.3333, auc: 0.5442
INFO:root:[validation] The current loss: 0.23642965, acc*auc: 0.317
INFO:root:[1/5][90/100] loss: 0.0041600823
INFO:root:acc: 0.6154, tpr: 0.8417, tnr: 0.1774, ppv: 0.6645, npv: 0.3667, auc: 0.5542
INFO:root:[validation] The current loss: 0.23708497, acc*auc: 0.341
INFO:root:trigger times: 1
INFO:root:[1/5][91/100] loss: 0.005350153
INFO:root:acc: 0.5659, tpr: 0.625, tnr: 0.4516, ppv: 0.6881, npv: 0.3836, auc: 0.5401
INFO:root:[validation] The current loss: 0.23969862, acc*auc: 0.3056
INFO:root:trigger times: 2
INFO:root:[1/5][92/100] loss: 0.0042824524
INFO:root:acc: 0.6264, tpr: 0.8417, tnr: 0.2097, ppv: 0.6733, npv: 0.4062, auc: 0.5392
INFO:root:[validation] The current loss: 0.23580841, acc*auc: 0.3378
INFO:root:[1/5][93/100] loss: 0.0047775072
INFO:root:acc: 0.5934, tpr: 0.7417, tnr: 0.3065, ppv: 0.6742, npv: 0.38, auc: 0.5422
INFO:root:[validation] The current loss: 0.23613053, acc*auc: 0.3217
INFO:root:trigger times: 1
INFO:root:[1/5][94/100] loss: 0.0046616639
INFO:root:acc: 0.5989, tpr: 0.7167, tnr: 0.371, ppv: 0.688, npv: 0.4035, auc: 0.5402
INFO:root:[validation] The current loss: 0.23473308, acc*auc: 0.3235
INFO:root:[1/5][95/100] loss: 0.0041821059
INFO:root:acc: 0.6044, tpr: 0.7417, tnr: 0.3387, ppv: 0.6846, npv: 0.4038, auc: 0.5415
INFO:root:[validation] The current loss: 0.23200458, acc*auc: 0.3273
INFO:root:[1/5][96/100] loss: 0.0044065905
INFO:root:acc: 0.6154, tpr: 0.75, tnr: 0.3548, ppv: 0.6923, npv: 0.4231, auc: 0.5411
INFO:root:[validation] The current loss: 0.23254057, acc*auc: 0.333
INFO:root:trigger times: 1
INFO:root:[1/5][97/100] loss: 0.0042049987
INFO:root:acc: 0.6099, tpr: 0.775, tnr: 0.2903, ppv: 0.6788, npv: 0.4, auc: 0.5427
INFO:root:[validation] The current loss: 0.23290297, acc*auc: 0.331
INFO:root:trigger times: 2
INFO:root:[1/5][98/100] loss: 0.0043439038
INFO:root:acc: 0.6154, tpr: 0.7333, tnr: 0.3871, ppv: 0.6984, npv: 0.4286, auc: 0.5473
INFO:root:[validation] The current loss: 0.23247936, acc*auc: 0.3368
INFO:root:[1/5][99/100] loss: 0.0042705391
INFO:root:acc: 0.6154, tpr: 0.7167, tnr: 0.4194, ppv: 0.7049, npv: 0.4333, auc: 0.545
INFO:root:[validation] The current loss: 0.23538799, acc*auc: 0.3354
INFO:root:trigger times: 1
INFO:root:stopping! Epoch = 100
