INFO:root:device = cuda
INFO:root:pred_days = 42
WARNING:root:weights = [1, 6]
INFO:root:data sampling method: no-sampling
INFO:root:training set size: 819
INFO:root:data sampling method: no-sampling
INFO:root:val set size: 92
INFO:root:[2/5][0/100] loss: 0.036084955
INFO:root:acc: 0.7935, tpr: 0.0, tnr: 1.0, ppv: nan, npv: 0.7935, auc: 0.5516
INFO:root:[validation] The current loss: 0.35645749, acc*auc: 0.4376
INFO:root:Recording best auc model. (model/under-sampling/auc)
CRITICAL:root:Recording best acc*auc model. (model/under-sampling/acc_auc_mul)
INFO:root:[2/5][1/100] loss: 0.036220895
INFO:root:acc: 0.7935, tpr: 0.0, tnr: 1.0, ppv: nan, npv: 0.7935, auc: 0.553
INFO:root:[validation] The current loss: 0.35755196, acc*auc: 0.4388
INFO:root:trigger times: 1
INFO:root:Recording best auc model. (model/under-sampling/auc)
CRITICAL:root:Recording best acc*auc model. (model/under-sampling/acc_auc_mul)
INFO:root:[2/5][2/100] loss: 0.036084589
INFO:root:acc: 0.8043, tpr: 0.05263, tnr: 1.0, ppv: 1.0, npv: 0.8022, auc: 0.5645
INFO:root:[validation] The current loss: 0.35833059, acc*auc: 0.4541
INFO:root:trigger times: 2
INFO:root:Recording best auc model. (model/under-sampling/auc)
CRITICAL:root:Recording best acc*auc model. (model/under-sampling/acc_auc_mul)
INFO:root:[2/5][3/100] loss: 0.035710698
INFO:root:acc: 0.7609, tpr: 0.05263, tnr: 0.9452, ppv: 0.2, npv: 0.7931, auc: 0.558
INFO:root:[validation] The current loss: 0.35540004, acc*auc: 0.4246
INFO:root:[2/5][4/100] loss: 0.035990564
INFO:root:acc: 0.7826, tpr: 0.05263, tnr: 0.9726, ppv: 0.3333, npv: 0.7978, auc: 0.5746
INFO:root:[validation] The current loss: 0.36190443, acc*auc: 0.4497
INFO:root:trigger times: 1
INFO:root:Recording best auc model. (model/under-sampling/auc)
INFO:root:[2/5][5/100] loss: 0.036159095
INFO:root:acc: 0.8043, tpr: 0.05263, tnr: 1.0, ppv: 1.0, npv: 0.8022, auc: 0.5422
INFO:root:[validation] The current loss: 0.3625503, acc*auc: 0.4361
INFO:root:trigger times: 2
INFO:root:[2/5][6/100] loss: 0.035874984
INFO:root:acc: 0.7826, tpr: 0.05263, tnr: 0.9726, ppv: 0.3333, npv: 0.7978, auc: 0.5616
INFO:root:[validation] The current loss: 0.36171833, acc*auc: 0.4395
INFO:root:[2/5][7/100] loss: 0.036031885
INFO:root:acc: 0.7717, tpr: 0.1053, tnr: 0.9452, ppv: 0.3333, npv: 0.8023, auc: 0.5717
INFO:root:[validation] The current loss: 0.35919935, acc*auc: 0.4412
INFO:root:[2/5][8/100] loss: 0.03596826
INFO:root:acc: 0.7935, tpr: 0.05263, tnr: 0.9863, ppv: 0.5, npv: 0.8, auc: 0.5696
INFO:root:[validation] The current loss: 0.36423187, acc*auc: 0.4519
INFO:root:trigger times: 1
INFO:root:[2/5][9/100] loss: 0.036010401
INFO:root:acc: 0.7826, tpr: 0.0, tnr: 0.9863, ppv: 0.0, npv: 0.7912, auc: 0.5162
INFO:root:[validation] The current loss: 0.3602955, acc*auc: 0.404
INFO:root:[2/5][10/100] loss: 0.035810843
INFO:root:acc: 0.6522, tpr: 0.4211, tnr: 0.7123, ppv: 0.2759, npv: 0.8254, auc: 0.5703
INFO:root:[validation] The current loss: 0.34700597, acc*auc: 0.3719
INFO:root:[2/5][11/100] loss: 0.035788912
INFO:root:acc: 0.7609, tpr: 0.05263, tnr: 0.9452, ppv: 0.2, npv: 0.7931, auc: 0.5725
INFO:root:[validation] The current loss: 0.35450762, acc*auc: 0.4356
INFO:root:trigger times: 1
INFO:root:[2/5][12/100] loss: 0.035603487
INFO:root:acc: 0.7283, tpr: 0.2632, tnr: 0.8493, ppv: 0.3125, npv: 0.8158, auc: 0.6309
INFO:root:[validation] The current loss: 0.34386622, acc*auc: 0.4594
INFO:root:Recording best auc model. (model/under-sampling/auc)
CRITICAL:root:Recording best acc*auc model. (model/under-sampling/acc_auc_mul)
INFO:root:[2/5][13/100] loss: 0.035488778
INFO:root:acc: 0.5326, tpr: 0.4737, tnr: 0.5479, ppv: 0.2143, npv: 0.8, auc: 0.5249
INFO:root:[validation] The current loss: 0.34972723, acc*auc: 0.2796
INFO:root:trigger times: 1
INFO:root:[2/5][14/100] loss: 0.035139141
INFO:root:acc: 0.6087, tpr: 0.4737, tnr: 0.6438, ppv: 0.2571, npv: 0.8246, auc: 0.5443
INFO:root:[validation] The current loss: 0.3470655, acc*auc: 0.3313
INFO:root:[2/5][15/100] loss: 0.035029691
INFO:root:acc: 0.7609, tpr: 0.2105, tnr: 0.9041, ppv: 0.3636, npv: 0.8148, auc: 0.5559
INFO:root:[validation] The current loss: 0.35135287, acc*auc: 0.4229
INFO:root:trigger times: 1
INFO:root:[2/5][16/100] loss: 0.035074168
INFO:root:acc: 0.5109, tpr: 0.8421, tnr: 0.4247, ppv: 0.2759, npv: 0.9118, auc: 0.713
INFO:root:[validation] The current loss: 0.31336373, acc*auc: 0.3643
INFO:root:Recording best auc model. (model/under-sampling/auc)
INFO:root:[2/5][17/100] loss: 0.034489919
INFO:root:acc: 0.5326, tpr: 0.6842, tnr: 0.4932, ppv: 0.26, npv: 0.8571, auc: 0.6979
INFO:root:[validation] The current loss: 0.31688969, acc*auc: 0.3717
INFO:root:trigger times: 1
INFO:root:[2/5][18/100] loss: 0.034277028
INFO:root:acc: 0.6304, tpr: 0.5263, tnr: 0.6575, ppv: 0.2857, npv: 0.8421, auc: 0.6143
INFO:root:[validation] The current loss: 0.33403579, acc*auc: 0.3873
INFO:root:trigger times: 2
INFO:root:[2/5][19/100] loss: 0.034116486
INFO:root:acc: 0.6848, tpr: 0.4211, tnr: 0.7534, ppv: 0.3077, npv: 0.8333, auc: 0.6294
INFO:root:[validation] The current loss: 0.33289782, acc*auc: 0.431
INFO:root:[2/5][20/100] loss: 0.033766186
INFO:root:acc: 0.6957, tpr: 0.3684, tnr: 0.7808, ppv: 0.3043, npv: 0.8261, auc: 0.7058
INFO:root:[validation] The current loss: 0.32506888, acc*auc: 0.491
CRITICAL:root:Recording best acc*auc model. (model/under-sampling/acc_auc_mul)
INFO:root:[2/5][21/100] loss: 0.03318806
INFO:root:acc: 0.5761, tpr: 0.5789, tnr: 0.5753, ppv: 0.2619, npv: 0.84, auc: 0.664
INFO:root:[validation] The current loss: 0.32104658, acc*auc: 0.3825
INFO:root:[2/5][22/100] loss: 0.033146584
INFO:root:acc: 0.6739, tpr: 0.5263, tnr: 0.7123, ppv: 0.3226, npv: 0.8525, auc: 0.682
INFO:root:[validation] The current loss: 0.32067667, acc*auc: 0.4596
INFO:root:[2/5][23/100] loss: 0.032825559
INFO:root:acc: 0.7065, tpr: 0.3684, tnr: 0.7945, ppv: 0.3182, npv: 0.8286, auc: 0.6842
INFO:root:[validation] The current loss: 0.3263802, acc*auc: 0.4834
INFO:root:trigger times: 1
INFO:root:[2/5][24/100] loss: 0.032709957
INFO:root:acc: 0.6739, tpr: 0.4737, tnr: 0.726, ppv: 0.3103, npv: 0.8413, auc: 0.695
INFO:root:[validation] The current loss: 0.32069609, acc*auc: 0.4684
INFO:root:[2/5][25/100] loss: 0.032946968
INFO:root:acc: 0.6848, tpr: 0.4211, tnr: 0.7534, ppv: 0.3077, npv: 0.8333, auc: 0.6965
INFO:root:[validation] The current loss: 0.32243416, acc*auc: 0.4769
INFO:root:trigger times: 1
INFO:root:[2/5][26/100] loss: 0.033084867
INFO:root:acc: 0.7283, tpr: 0.3684, tnr: 0.8219, ppv: 0.35, npv: 0.8333, auc: 0.6921
INFO:root:[validation] The current loss: 0.32925493, acc*auc: 0.5041
INFO:root:trigger times: 2
CRITICAL:root:Recording best acc*auc model. (model/under-sampling/acc_auc_mul)
INFO:root:[2/5][27/100] loss: 0.032467737
INFO:root:acc: 0.6848, tpr: 0.5789, tnr: 0.7123, ppv: 0.3438, npv: 0.8667, auc: 0.7058
INFO:root:[validation] The current loss: 0.31721275, acc*auc: 0.4833
INFO:root:[2/5][28/100] loss: 0.032382104
INFO:root:acc: 0.7391, tpr: 0.4211, tnr: 0.8219, ppv: 0.381, npv: 0.8451, auc: 0.713
INFO:root:[validation] The current loss: 0.32263312, acc*auc: 0.527
INFO:root:trigger times: 1
CRITICAL:root:Recording best acc*auc model. (model/under-sampling/acc_auc_mul)
INFO:root:[2/5][29/100] loss: 0.031805854
INFO:root:acc: 0.4022, tpr: 0.7368, tnr: 0.3151, ppv: 0.2188, npv: 0.8214, auc: 0.6287
INFO:root:[validation] The current loss: 0.32574113, acc*auc: 0.2528
INFO:root:trigger times: 2
INFO:root:[2/5][30/100] loss: 0.032344504
INFO:root:acc: 0.75, tpr: 0.3684, tnr: 0.8493, ppv: 0.3889, npv: 0.8378, auc: 0.6727
INFO:root:[validation] The current loss: 0.33425107, acc*auc: 0.5045
INFO:root:trigger times: 3
INFO:root:[2/5][31/100] loss: 0.032075458
INFO:root:acc: 0.7609, tpr: 0.3158, tnr: 0.8767, ppv: 0.4, npv: 0.8312, auc: 0.6561
INFO:root:[validation] The current loss: 0.34388717, acc*auc: 0.4992
INFO:root:trigger times: 4
INFO:root:[2/5][32/100] loss: 0.031428703
INFO:root:acc: 0.6848, tpr: 0.4737, tnr: 0.7397, ppv: 0.3214, npv: 0.8438, auc: 0.721
INFO:root:[validation] The current loss: 0.31523104, acc*auc: 0.4937
INFO:root:Recording best auc model. (model/under-sampling/auc)
INFO:root:[2/5][33/100] loss: 0.031891599
INFO:root:acc: 0.8043, tpr: 0.3684, tnr: 0.9178, ppv: 0.5385, npv: 0.8481, auc: 0.6813
INFO:root:[validation] The current loss: 0.33293718, acc*auc: 0.548
INFO:root:trigger times: 1
CRITICAL:root:Recording best acc*auc model. (model/under-sampling/acc_auc_mul)
INFO:root:[2/5][34/100] loss: 0.032014749
INFO:root:acc: 0.4891, tpr: 0.7368, tnr: 0.4247, ppv: 0.25, npv: 0.8611, auc: 0.6857
INFO:root:[validation] The current loss: 0.316296, acc*auc: 0.3354
INFO:root:[2/5][35/100] loss: 0.030903861
INFO:root:acc: 0.7391, tpr: 0.4211, tnr: 0.8219, ppv: 0.381, npv: 0.8451, auc: 0.6792
INFO:root:[validation] The current loss: 0.33447469, acc*auc: 0.502
INFO:root:trigger times: 1
INFO:root:[2/5][36/100] loss: 0.031956314
INFO:root:acc: 0.3913, tpr: 0.8421, tnr: 0.274, ppv: 0.2319, npv: 0.8696, auc: 0.6575
INFO:root:[validation] The current loss: 0.32253948, acc*auc: 0.2573
INFO:root:[2/5][37/100] loss: 0.030278677
INFO:root:acc: 0.837, tpr: 0.2632, tnr: 0.9863, ppv: 0.8333, npv: 0.8372, auc: 0.7851
INFO:root:[validation] The current loss: 0.34052908, acc*auc: 0.6571
INFO:root:trigger times: 1
INFO:root:Recording best auc model. (model/under-sampling/auc)
CRITICAL:root:Recording best acc*auc model. (model/under-sampling/acc_auc_mul)
INFO:root:[2/5][38/100] loss: 0.028405291
INFO:root:acc: 0.7065, tpr: 0.4737, tnr: 0.7671, ppv: 0.3462, npv: 0.8485, auc: 0.7736
INFO:root:[validation] The current loss: 0.30844899, acc*auc: 0.5466
INFO:root:[2/5][39/100] loss: 0.02854765
INFO:root:acc: 0.5652, tpr: 0.6842, tnr: 0.5342, ppv: 0.2766, npv: 0.8667, auc: 0.7412
INFO:root:[validation] The current loss: 0.29741001, acc*auc: 0.4189
INFO:root:[2/5][40/100] loss: 0.028252587
INFO:root:acc: 0.6413, tpr: 0.5263, tnr: 0.6712, ppv: 0.2941, npv: 0.8448, auc: 0.7138
INFO:root:[validation] The current loss: 0.3175932, acc*auc: 0.4577
INFO:root:trigger times: 1
INFO:root:[2/5][41/100] loss: 0.027622541
INFO:root:acc: 0.337, tpr: 0.7368, tnr: 0.2329, ppv: 0.2, npv: 0.7727, auc: 0.5717
INFO:root:[validation] The current loss: 0.3596632, acc*auc: 0.1927
INFO:root:trigger times: 2
INFO:root:[2/5][42/100] loss: 0.02598035
INFO:root:acc: 0.7935, tpr: 0.05263, tnr: 0.9863, ppv: 0.5, npv: 0.8, auc: 0.6994
INFO:root:[validation] The current loss: 0.50901804, acc*auc: 0.5549
INFO:root:trigger times: 3
INFO:root:[2/5][43/100] loss: 0.025296178
INFO:root:acc: 0.6304, tpr: 0.6316, tnr: 0.6301, ppv: 0.3077, npv: 0.8679, auc: 0.6986
INFO:root:[validation] The current loss: 0.31630495, acc*auc: 0.4404
INFO:root:[2/5][44/100] loss: 0.024449195
INFO:root:acc: 0.663, tpr: 0.4737, tnr: 0.7123, ppv: 0.3, npv: 0.8387, auc: 0.6813
INFO:root:[validation] The current loss: 0.32993057, acc*auc: 0.4517
INFO:root:trigger times: 1
INFO:root:[2/5][45/100] loss: 0.024250933
INFO:root:acc: 0.6304, tpr: 0.5263, tnr: 0.6575, ppv: 0.2857, npv: 0.8421, auc: 0.6597
INFO:root:[validation] The current loss: 0.33125369, acc*auc: 0.4159
INFO:root:trigger times: 2
INFO:root:[2/5][46/100] loss: 0.023311913
INFO:root:acc: 0.6522, tpr: 0.4737, tnr: 0.6986, ppv: 0.2903, npv: 0.8361, auc: 0.69
INFO:root:[validation] The current loss: 0.32961708, acc*auc: 0.45
INFO:root:[2/5][47/100] loss: 0.023533558
INFO:root:acc: 0.7391, tpr: 0.4211, tnr: 0.8219, ppv: 0.381, npv: 0.8451, auc: 0.6929
INFO:root:[validation] The current loss: 0.34831144, acc*auc: 0.5121
INFO:root:trigger times: 1
INFO:root:[2/5][48/100] loss: 0.022955436
INFO:root:acc: 0.6957, tpr: 0.5263, tnr: 0.7397, ppv: 0.3448, npv: 0.8571, auc: 0.6835
INFO:root:[validation] The current loss: 0.34036508, acc*auc: 0.4755
INFO:root:[2/5][49/100] loss: 0.022345518
INFO:root:acc: 0.7065, tpr: 0.3158, tnr: 0.8082, ppv: 0.3, npv: 0.8194, auc: 0.6994
INFO:root:[validation] The current loss: 0.34182381, acc*auc: 0.4941
INFO:root:trigger times: 1
INFO:root:[2/5][50/100] loss: 0.022538745
INFO:root:acc: 0.7391, tpr: 0.3158, tnr: 0.8493, ppv: 0.3529, npv: 0.8267, auc: 0.6957
INFO:root:[validation] The current loss: 0.34809467, acc*auc: 0.5142
INFO:root:trigger times: 2
INFO:root:[2/5][51/100] loss: 0.023448956
INFO:root:acc: 0.7065, tpr: 0.2632, tnr: 0.8219, ppv: 0.2778, npv: 0.8108, auc: 0.6864
INFO:root:[validation] The current loss: 0.35538112, acc*auc: 0.4849
INFO:root:trigger times: 3
INFO:root:[2/5][52/100] loss: 0.022214947
INFO:root:acc: 0.7065, tpr: 0.5263, tnr: 0.7534, ppv: 0.3571, npv: 0.8594, auc: 0.677
INFO:root:[validation] The current loss: 0.34395056, acc*auc: 0.4783
INFO:root:[2/5][53/100] loss: 0.022106659
INFO:root:acc: 0.7935, tpr: 0.3158, tnr: 0.9178, ppv: 0.5, npv: 0.8375, auc: 0.7037
INFO:root:[validation] The current loss: 0.36103683, acc*auc: 0.5584
INFO:root:trigger times: 1
INFO:root:[2/5][54/100] loss: 0.021936707
INFO:root:acc: 0.5, tpr: 0.7368, tnr: 0.4384, ppv: 0.2545, npv: 0.8649, auc: 0.6712
INFO:root:[validation] The current loss: 0.31873084, acc*auc: 0.3356
INFO:root:[2/5][55/100] loss: 0.021991438
INFO:root:acc: 0.4239, tpr: 0.7368, tnr: 0.3425, ppv: 0.2258, npv: 0.8333, auc: 0.6143
INFO:root:[validation] The current loss: 0.36765103, acc*auc: 0.2604
INFO:root:trigger times: 1
INFO:root:[2/5][56/100] loss: 0.020592421
INFO:root:acc: 0.6522, tpr: 0.4737, tnr: 0.6986, ppv: 0.2903, npv: 0.8361, auc: 0.6402
INFO:root:[validation] The current loss: 0.35165975, acc*auc: 0.4175
INFO:root:[2/5][57/100] loss: 0.02209897
INFO:root:acc: 0.7826, tpr: 0.4737, tnr: 0.863, ppv: 0.4737, npv: 0.863, auc: 0.7794
INFO:root:[validation] The current loss: 0.32174452, acc*auc: 0.6099
INFO:root:[2/5][58/100] loss: 0.022883083
INFO:root:acc: 0.5543, tpr: 0.5263, tnr: 0.5616, ppv: 0.2381, npv: 0.82, auc: 0.6121
INFO:root:[validation] The current loss: 0.3707873, acc*auc: 0.3393
INFO:root:trigger times: 1
INFO:root:[2/5][59/100] loss: 0.022807635
INFO:root:acc: 0.7935, tpr: 0.0, tnr: 1.0, ppv: nan, npv: 0.7935, auc: 0.677
INFO:root:[validation] The current loss: 0.71678517, acc*auc: 0.5372
INFO:root:trigger times: 2
INFO:root:[2/5][60/100] loss: 0.022217498
INFO:root:acc: 0.3696, tpr: 0.8421, tnr: 0.2466, ppv: 0.2254, npv: 0.8571, auc: 0.6085
INFO:root:[validation] The current loss: 0.36560722, acc*auc: 0.2249
INFO:root:[2/5][61/100] loss: 0.021373657
INFO:root:acc: 0.8043, tpr: 0.2632, tnr: 0.9452, ppv: 0.5556, npv: 0.8313, auc: 0.752
INFO:root:[validation] The current loss: 0.3996045, acc*auc: 0.6049
INFO:root:trigger times: 1
INFO:root:[2/5][62/100] loss: 0.020658551
INFO:root:acc: 0.5109, tpr: 0.5263, tnr: 0.5068, ppv: 0.2174, npv: 0.8043, auc: 0.558
INFO:root:[validation] The current loss: 0.37917253, acc*auc: 0.2851
INFO:root:[2/5][63/100] loss: 0.021353158
INFO:root:acc: 0.7826, tpr: 0.2632, tnr: 0.9178, ppv: 0.4545, npv: 0.8272, auc: 0.664
INFO:root:[validation] The current loss: 0.48321975, acc*auc: 0.5197
INFO:root:trigger times: 1
INFO:root:[2/5][64/100] loss: 0.020389138
INFO:root:acc: 0.7935, tpr: 0.05263, tnr: 0.9863, ppv: 0.5, npv: 0.8, auc: 0.6013
INFO:root:[validation] The current loss: 0.59831413, acc*auc: 0.4771
INFO:root:trigger times: 2
INFO:root:[2/5][65/100] loss: 0.019441261
INFO:root:acc: 0.7717, tpr: 0.1579, tnr: 0.9315, ppv: 0.375, npv: 0.8095, auc: 0.6287
INFO:root:[validation] The current loss: 0.56039708, acc*auc: 0.4852
INFO:root:[2/5][66/100] loss: 0.018319442
INFO:root:acc: 0.7065, tpr: 0.3684, tnr: 0.7945, ppv: 0.3182, npv: 0.8286, auc: 0.6107
INFO:root:[validation] The current loss: 0.42956989, acc*auc: 0.4315
INFO:root:[2/5][67/100] loss: 0.017173141
INFO:root:acc: 0.7065, tpr: 0.2105, tnr: 0.8356, ppv: 0.25, npv: 0.8026, auc: 0.6027
INFO:root:[validation] The current loss: 0.47597158, acc*auc: 0.4258
INFO:root:trigger times: 1
INFO:root:[2/5][68/100] loss: 0.017028694
INFO:root:acc: 0.7391, tpr: 0.3684, tnr: 0.8356, ppv: 0.3684, npv: 0.8356, auc: 0.6611
INFO:root:[validation] The current loss: 0.42979925, acc*auc: 0.4887
INFO:root:[2/5][69/100] loss: 0.017009068
INFO:root:acc: 0.7826, tpr: 0.2632, tnr: 0.9178, ppv: 0.4545, npv: 0.8272, auc: 0.602
INFO:root:[validation] The current loss: 0.46703398, acc*auc: 0.4711
INFO:root:trigger times: 1
INFO:root:[2/5][70/100] loss: 0.016840109
INFO:root:acc: 0.75, tpr: 0.3158, tnr: 0.863, ppv: 0.375, npv: 0.8289, auc: 0.6114
INFO:root:[validation] The current loss: 0.43263171, acc*auc: 0.4585
INFO:root:[2/5][71/100] loss: 0.016439263
INFO:root:acc: 0.7174, tpr: 0.3684, tnr: 0.8082, ppv: 0.3333, npv: 0.831, auc: 0.6236
INFO:root:[validation] The current loss: 0.43426027, acc*auc: 0.4474
INFO:root:trigger times: 1
INFO:root:[2/5][72/100] loss: 0.016312535
INFO:root:acc: 0.7391, tpr: 0.2632, tnr: 0.863, ppv: 0.3333, npv: 0.8182, auc: 0.646
INFO:root:[validation] The current loss: 0.43635093, acc*auc: 0.4775
INFO:root:trigger times: 2
INFO:root:[2/5][73/100] loss: 0.016733041
INFO:root:acc: 0.7391, tpr: 0.2632, tnr: 0.863, ppv: 0.3333, npv: 0.8182, auc: 0.6482
INFO:root:[validation] The current loss: 0.41897008, acc*auc: 0.4791
INFO:root:[2/5][74/100] loss: 0.015595167
INFO:root:acc: 0.7609, tpr: 0.2632, tnr: 0.8904, ppv: 0.3846, npv: 0.8228, auc: 0.6337
INFO:root:[validation] The current loss: 0.46750174, acc*auc: 0.4822
INFO:root:trigger times: 1
INFO:root:[2/5][75/100] loss: 0.015722024
INFO:root:acc: 0.7717, tpr: 0.2632, tnr: 0.9041, ppv: 0.4167, npv: 0.825, auc: 0.6258
INFO:root:[validation] The current loss: 0.48506891, acc*auc: 0.483
INFO:root:trigger times: 2
INFO:root:[2/5][76/100] loss: 0.015560666
INFO:root:acc: 0.7609, tpr: 0.2105, tnr: 0.9041, ppv: 0.3636, npv: 0.8148, auc: 0.6575
INFO:root:[validation] The current loss: 0.44472305, acc*auc: 0.5003
INFO:root:[2/5][77/100] loss: 0.015529126
INFO:root:acc: 0.7065, tpr: 0.3684, tnr: 0.7945, ppv: 0.3182, npv: 0.8286, auc: 0.6453
INFO:root:[validation] The current loss: 0.38811228, acc*auc: 0.4559
INFO:root:[2/5][78/100] loss: 0.01579459
INFO:root:acc: 0.7717, tpr: 0.2632, tnr: 0.9041, ppv: 0.4167, npv: 0.825, auc: 0.6258
INFO:root:[validation] The current loss: 0.47928821, acc*auc: 0.483
INFO:root:trigger times: 1
INFO:root:[2/5][79/100] loss: 0.016175269
INFO:root:acc: 0.6739, tpr: 0.5789, tnr: 0.6986, ppv: 0.3333, npv: 0.8644, auc: 0.6229
INFO:root:[validation] The current loss: 0.37461535, acc*auc: 0.4198
INFO:root:[2/5][80/100] loss: 0.016243453
INFO:root:acc: 0.7283, tpr: 0.3684, tnr: 0.8219, ppv: 0.35, npv: 0.8333, auc: 0.6345
INFO:root:[validation] The current loss: 0.42511244, acc*auc: 0.4621
INFO:root:trigger times: 1
INFO:root:[2/5][81/100] loss: 0.016088658
INFO:root:acc: 0.8043, tpr: 0.1579, tnr: 0.9726, ppv: 0.6, npv: 0.8161, auc: 0.6583
INFO:root:[validation] The current loss: 0.55041281, acc*auc: 0.5295
INFO:root:trigger times: 2
INFO:root:[2/5][82/100] loss: 0.016928783
INFO:root:acc: 0.7717, tpr: 0.2105, tnr: 0.9178, ppv: 0.4, npv: 0.8171, auc: 0.5905
INFO:root:[validation] The current loss: 0.52787183, acc*auc: 0.4557
INFO:root:[2/5][83/100] loss: 0.017825236
INFO:root:acc: 0.7391, tpr: 0.1579, tnr: 0.8904, ppv: 0.2727, npv: 0.8025, auc: 0.6049
INFO:root:[validation] The current loss: 0.55183367, acc*auc: 0.4471
INFO:root:trigger times: 1
INFO:root:[2/5][84/100] loss: 0.016794463
INFO:root:acc: 0.8043, tpr: 0.1053, tnr: 0.9863, ppv: 0.6667, npv: 0.809, auc: 0.6741
INFO:root:[validation] The current loss: 0.62760915, acc*auc: 0.5422
INFO:root:trigger times: 2
INFO:root:[2/5][85/100] loss: 0.015825327
INFO:root:acc: 0.8043, tpr: 0.3684, tnr: 0.9178, ppv: 0.5385, npv: 0.8481, auc: 0.6929
INFO:root:[validation] The current loss: 0.43594584, acc*auc: 0.5573
INFO:root:[2/5][86/100] loss: 0.017544141
INFO:root:acc: 0.7174, tpr: 0.2632, tnr: 0.8356, ppv: 0.2941, npv: 0.8133, auc: 0.6236
INFO:root:[validation] The current loss: 0.45299996, acc*auc: 0.4474
INFO:root:trigger times: 1
INFO:root:[2/5][87/100] loss: 0.015923676
INFO:root:acc: 0.7609, tpr: 0.4211, tnr: 0.8493, ppv: 0.4211, npv: 0.8493, auc: 0.6597
INFO:root:[validation] The current loss: 0.40488652, acc*auc: 0.5019
INFO:root:[2/5][88/100] loss: 0.016336118
INFO:root:acc: 0.7283, tpr: 0.4737, tnr: 0.7945, ppv: 0.375, npv: 0.8529, auc: 0.6273
INFO:root:[validation] The current loss: 0.42717086, acc*auc: 0.4568
INFO:root:trigger times: 1
INFO:root:[2/5][89/100] loss: 0.015486251
INFO:root:acc: 0.7609, tpr: 0.1579, tnr: 0.9178, ppv: 0.3333, npv: 0.8072, auc: 0.6727
INFO:root:[validation] The current loss: 0.51115325, acc*auc: 0.5118
INFO:root:trigger times: 2
INFO:root:[2/5][90/100] loss: 0.015212341
INFO:root:acc: 0.7935, tpr: 0.0, tnr: 1.0, ppv: nan, npv: 0.7935, auc: 0.6842
INFO:root:[validation] The current loss: 0.66602941, acc*auc: 0.5429
INFO:root:trigger times: 3
INFO:root:[2/5][91/100] loss: 0.013641665
INFO:root:acc: 0.8043, tpr: 0.2632, tnr: 0.9452, ppv: 0.5556, npv: 0.8313, auc: 0.6373
INFO:root:[validation] The current loss: 0.52661431, acc*auc: 0.5126
INFO:root:[2/5][92/100] loss: 0.013451467
INFO:root:acc: 0.7717, tpr: 0.2632, tnr: 0.9041, ppv: 0.4167, npv: 0.825, auc: 0.6792
INFO:root:[validation] The current loss: 0.45311358, acc*auc: 0.5241
INFO:root:[2/5][93/100] loss: 0.01411873
INFO:root:acc: 0.7717, tpr: 0.1053, tnr: 0.9452, ppv: 0.3333, npv: 0.8023, auc: 0.6994
INFO:root:[validation] The current loss: 0.57247034, acc*auc: 0.5397
INFO:root:trigger times: 1
INFO:root:[2/5][94/100] loss: 0.013518932
INFO:root:acc: 0.7065, tpr: 0.3158, tnr: 0.8082, ppv: 0.3, npv: 0.8194, auc: 0.6575
INFO:root:[validation] The current loss: 0.44761885, acc*auc: 0.4646
INFO:root:[2/5][95/100] loss: 0.014232267
INFO:root:acc: 0.7717, tpr: 0.05263, tnr: 0.9589, ppv: 0.25, npv: 0.7955, auc: 0.6539
INFO:root:[validation] The current loss: 0.70016174, acc*auc: 0.5047
INFO:root:trigger times: 1
INFO:root:[2/5][96/100] loss: 0.013994758
INFO:root:acc: 0.8043, tpr: 0.3158, tnr: 0.9315, ppv: 0.5455, npv: 0.8395, auc: 0.6792
INFO:root:[validation] The current loss: 0.46419982, acc*auc: 0.5463
INFO:root:[2/5][97/100] loss: 0.012878641
INFO:root:acc: 0.8043, tpr: 0.3158, tnr: 0.9315, ppv: 0.5455, npv: 0.8395, auc: 0.6525
INFO:root:[validation] The current loss: 0.49661315, acc*auc: 0.5248
INFO:root:trigger times: 1
INFO:root:[2/5][98/100] loss: 0.01303842
INFO:root:acc: 0.7935, tpr: 0.2105, tnr: 0.9452, ppv: 0.5, npv: 0.8214, auc: 0.646
INFO:root:[validation] The current loss: 0.49739804, acc*auc: 0.5126
INFO:root:trigger times: 2
INFO:root:[2/5][99/100] loss: 0.012978979
INFO:root:acc: 0.7935, tpr: 0.2105, tnr: 0.9452, ppv: 0.5, npv: 0.8214, auc: 0.6482
INFO:root:[validation] The current loss: 0.49750523, acc*auc: 0.5143
INFO:root:trigger times: 3
INFO:root:stopping! Epoch = 100
WARNING:root:weights = [1, 6]
INFO:root:data sampling method: no-sampling
INFO:root:training set size: 819
INFO:root:data sampling method: no-sampling
INFO:root:val set size: 92
INFO:root:[3/5][0/100] loss: 0.036084947
INFO:root:acc: 0.7935, tpr: 0.0, tnr: 1.0, ppv: nan, npv: 0.7935, auc: 0.5516
INFO:root:[validation] The current loss: 0.35645749, acc*auc: 0.4376
INFO:root:Recording best auc model. (model/under-sampling/auc)
CRITICAL:root:Recording best acc*auc model. (model/under-sampling/acc_auc_mul)
INFO:root:[3/5][1/100] loss: 0.036220899
INFO:root:acc: 0.7935, tpr: 0.0, tnr: 1.0, ppv: nan, npv: 0.7935, auc: 0.553
INFO:root:[validation] The current loss: 0.35755053, acc*auc: 0.4388
INFO:root:trigger times: 1
INFO:root:Recording best auc model. (model/under-sampling/auc)
CRITICAL:root:Recording best acc*auc model. (model/under-sampling/acc_auc_mul)
INFO:root:[3/5][2/100] loss: 0.036084592
INFO:root:acc: 0.8043, tpr: 0.05263, tnr: 1.0, ppv: 1.0, npv: 0.8022, auc: 0.5645
INFO:root:[validation] The current loss: 0.35832876, acc*auc: 0.4541
INFO:root:trigger times: 2
INFO:root:Recording best auc model. (model/under-sampling/auc)
CRITICAL:root:Recording best acc*auc model. (model/under-sampling/acc_auc_mul)
INFO:root:[3/5][3/100] loss: 0.035710759
INFO:root:acc: 0.7609, tpr: 0.05263, tnr: 0.9452, ppv: 0.2, npv: 0.7931, auc: 0.558
INFO:root:[validation] The current loss: 0.35540335, acc*auc: 0.4246
INFO:root:[3/5][4/100] loss: 0.035990578
INFO:root:acc: 0.7826, tpr: 0.05263, tnr: 0.9726, ppv: 0.3333, npv: 0.7978, auc: 0.5746
INFO:root:[validation] The current loss: 0.36190156, acc*auc: 0.4497
INFO:root:trigger times: 1
INFO:root:Recording best auc model. (model/under-sampling/auc)
INFO:root:[3/5][5/100] loss: 0.036159086
INFO:root:acc: 0.8043, tpr: 0.05263, tnr: 1.0, ppv: 1.0, npv: 0.8022, auc: 0.5422
INFO:root:[validation] The current loss: 0.3625534, acc*auc: 0.4361
INFO:root:trigger times: 2
INFO:root:[3/5][6/100] loss: 0.035875498
INFO:root:acc: 0.7826, tpr: 0.05263, tnr: 0.9726, ppv: 0.3333, npv: 0.7978, auc: 0.5624
INFO:root:[validation] The current loss: 0.36168986, acc*auc: 0.4401
INFO:root:[3/5][7/100] loss: 0.036031568
INFO:root:acc: 0.7283, tpr: 0.1053, tnr: 0.8904, ppv: 0.2, npv: 0.7927, auc: 0.5588
INFO:root:[validation] The current loss: 0.36014453, acc*auc: 0.4069
INFO:root:[3/5][8/100] loss: 0.035975227
INFO:root:acc: 0.7609, tpr: 0.1053, tnr: 0.9315, ppv: 0.2857, npv: 0.8, auc: 0.5487
INFO:root:[validation] The current loss: 0.35908507, acc*auc: 0.4175
INFO:root:[3/5][9/100] loss: 0.036115357
INFO:root:acc: 0.6087, tpr: 0.2105, tnr: 0.7123, ppv: 0.16, npv: 0.7761, auc: 0.5725
INFO:root:[validation] The current loss: 0.35946038, acc*auc: 0.3485
INFO:root:trigger times: 1
INFO:root:[3/5][10/100] loss: 0.03581945
INFO:root:acc: 0.8043, tpr: 0.05263, tnr: 1.0, ppv: 1.0, npv: 0.8022, auc: 0.522
INFO:root:[validation] The current loss: 0.3611007, acc*auc: 0.4199
INFO:root:trigger times: 2
INFO:root:[3/5][11/100] loss: 0.035877606
INFO:root:acc: 0.7717, tpr: 0.1053, tnr: 0.9452, ppv: 0.3333, npv: 0.8023, auc: 0.54
INFO:root:[validation] The current loss: 0.3633259, acc*auc: 0.4168
INFO:root:trigger times: 3
INFO:root:[3/5][12/100] loss: 0.03569006
INFO:root:acc: 0.7935, tpr: 0.05263, tnr: 0.9863, ppv: 0.5, npv: 0.8, auc: 0.5249
INFO:root:[validation] The current loss: 0.36075029, acc*auc: 0.4165
INFO:root:[3/5][13/100] loss: 0.035659394
INFO:root:acc: 0.587, tpr: 0.3158, tnr: 0.6575, ppv: 0.1935, npv: 0.7869, auc: 0.5032
INFO:root:[validation] The current loss: 0.35144438, acc*auc: 0.2954
INFO:root:[3/5][14/100] loss: 0.035335414
INFO:root:acc: 0.7609, tpr: 0.3158, tnr: 0.8767, ppv: 0.4, npv: 0.8312, auc: 0.5775
INFO:root:[validation] The current loss: 0.34785724, acc*auc: 0.4394
INFO:root:Recording best auc model. (model/under-sampling/auc)
INFO:root:[3/5][15/100] loss: 0.035354815
INFO:root:acc: 0.7174, tpr: 0.2105, tnr: 0.8493, ppv: 0.2667, npv: 0.8052, auc: 0.571
INFO:root:[validation] The current loss: 0.34861206, acc*auc: 0.4096
INFO:root:trigger times: 1
INFO:root:[3/5][16/100] loss: 0.035221733
INFO:root:acc: 0.6739, tpr: 0.5789, tnr: 0.6986, ppv: 0.3333, npv: 0.8644, auc: 0.6756
INFO:root:[validation] The current loss: 0.32687894, acc*auc: 0.4553
INFO:root:Recording best auc model. (model/under-sampling/auc)
CRITICAL:root:Recording best acc*auc model. (model/under-sampling/acc_auc_mul)
INFO:root:[3/5][17/100] loss: 0.034672677
INFO:root:acc: 0.7935, tpr: 0.3158, tnr: 0.9178, ppv: 0.5, npv: 0.8375, auc: 0.6345
INFO:root:[validation] The current loss: 0.34086062, acc*auc: 0.5034
INFO:root:trigger times: 1
CRITICAL:root:Recording best acc*auc model. (model/under-sampling/acc_auc_mul)
INFO:root:[3/5][18/100] loss: 0.034673393
INFO:root:acc: 0.5652, tpr: 0.5263, tnr: 0.5753, ppv: 0.2439, npv: 0.8235, auc: 0.6193
INFO:root:[validation] The current loss: 0.33201066, acc*auc: 0.3501
INFO:root:[3/5][19/100] loss: 0.034401678
INFO:root:acc: 0.6304, tpr: 0.5789, tnr: 0.6438, ppv: 0.2973, npv: 0.8545, auc: 0.6359
INFO:root:[validation] The current loss: 0.33130873, acc*auc: 0.4009
INFO:root:[3/5][20/100] loss: 0.034216529
INFO:root:acc: 0.7609, tpr: 0.3158, tnr: 0.8767, ppv: 0.4, npv: 0.8312, auc: 0.659
INFO:root:[validation] The current loss: 0.33754286, acc*auc: 0.5014
INFO:root:trigger times: 1
INFO:root:[3/5][21/100] loss: 0.033725256
INFO:root:acc: 0.6087, tpr: 0.5789, tnr: 0.6164, ppv: 0.2821, npv: 0.8491, auc: 0.6496
INFO:root:[validation] The current loss: 0.32542463, acc*auc: 0.3954
INFO:root:[3/5][22/100] loss: 0.03356617
INFO:root:acc: 0.6413, tpr: 0.5263, tnr: 0.6712, ppv: 0.2941, npv: 0.8448, auc: 0.6229
INFO:root:[validation] The current loss: 0.33117402, acc*auc: 0.3995
INFO:root:trigger times: 1
INFO:root:[3/5][23/100] loss: 0.033471326
INFO:root:acc: 0.7391, tpr: 0.4211, tnr: 0.8219, ppv: 0.381, npv: 0.8451, auc: 0.6474
INFO:root:[validation] The current loss: 0.33451422, acc*auc: 0.4785
INFO:root:trigger times: 2
INFO:root:[3/5][24/100] loss: 0.033458171
INFO:root:acc: 0.6848, tpr: 0.4737, tnr: 0.7397, ppv: 0.3214, npv: 0.8438, auc: 0.6611
INFO:root:[validation] The current loss: 0.33018501, acc*auc: 0.4527
INFO:root:[3/5][25/100] loss: 0.033412791
INFO:root:acc: 0.7391, tpr: 0.4737, tnr: 0.8082, ppv: 0.3913, npv: 0.8551, auc: 0.6662
INFO:root:[validation] The current loss: 0.33209296, acc*auc: 0.4924
INFO:root:trigger times: 1
INFO:root:[3/5][26/100] loss: 0.033534507
INFO:root:acc: 0.7609, tpr: 0.4211, tnr: 0.8493, ppv: 0.4211, npv: 0.8493, auc: 0.6604
INFO:root:[validation] The current loss: 0.33707475, acc*auc: 0.5025
INFO:root:trigger times: 2
INFO:root:[3/5][27/100] loss: 0.033207472
INFO:root:acc: 0.663, tpr: 0.4737, tnr: 0.7123, ppv: 0.3, npv: 0.8387, auc: 0.659
INFO:root:[validation] The current loss: 0.32848082, acc*auc: 0.4369
INFO:root:[3/5][28/100] loss: 0.033064573
INFO:root:acc: 0.7283, tpr: 0.3684, tnr: 0.8219, ppv: 0.35, npv: 0.8333, auc: 0.6813
INFO:root:[validation] The current loss: 0.33393259, acc*auc: 0.4962
INFO:root:trigger times: 1
INFO:root:Recording best auc model. (model/under-sampling/auc)
INFO:root:[3/5][29/100] loss: 0.03248014
INFO:root:acc: 0.7174, tpr: 0.4737, tnr: 0.7808, ppv: 0.36, npv: 0.8507, auc: 0.6626
INFO:root:[validation] The current loss: 0.32993741, acc*auc: 0.4753
INFO:root:[3/5][30/100] loss: 0.032892218
INFO:root:acc: 0.7717, tpr: 0.3684, tnr: 0.8767, ppv: 0.4375, npv: 0.8421, auc: 0.6842
INFO:root:[validation] The current loss: 0.33297654, acc*auc: 0.528
INFO:root:trigger times: 1
INFO:root:Recording best auc model. (model/under-sampling/auc)
CRITICAL:root:Recording best acc*auc model. (model/under-sampling/acc_auc_mul)
INFO:root:[3/5][31/100] loss: 0.032758308
INFO:root:acc: 0.4457, tpr: 0.6316, tnr: 0.3973, ppv: 0.2143, npv: 0.8056, auc: 0.5941
INFO:root:[validation] The current loss: 0.33147045, acc*auc: 0.2648
INFO:root:[3/5][32/100] loss: 0.032140424
INFO:root:acc: 0.587, tpr: 0.5263, tnr: 0.6027, ppv: 0.2564, npv: 0.8302, auc: 0.6172
INFO:root:[validation] The current loss: 0.3360374, acc*auc: 0.3622
INFO:root:trigger times: 1
INFO:root:[3/5][33/100] loss: 0.032175327
INFO:root:acc: 0.837, tpr: 0.3158, tnr: 0.9726, ppv: 0.75, npv: 0.8452, auc: 0.7116
INFO:root:[validation] The current loss: 0.3433123, acc*auc: 0.5956
INFO:root:trigger times: 2
INFO:root:Recording best auc model. (model/under-sampling/auc)
CRITICAL:root:Recording best acc*auc model. (model/under-sampling/acc_auc_mul)
INFO:root:[3/5][34/100] loss: 0.032310242
INFO:root:acc: 0.5652, tpr: 0.6316, tnr: 0.5479, ppv: 0.2667, npv: 0.8511, auc: 0.6474
INFO:root:[validation] The current loss: 0.32623519, acc*auc: 0.3659
INFO:root:[3/5][35/100] loss: 0.031732696
INFO:root:acc: 0.6739, tpr: 0.5263, tnr: 0.7123, ppv: 0.3226, npv: 0.8525, auc: 0.6893
INFO:root:[validation] The current loss: 0.32217368, acc*auc: 0.4645
INFO:root:[3/5][36/100] loss: 0.032131128
INFO:root:acc: 0.3804, tpr: 0.9474, tnr: 0.2329, ppv: 0.2432, npv: 0.9444, auc: 0.6395
INFO:root:[validation] The current loss: 0.33150637, acc*auc: 0.2433
INFO:root:trigger times: 1
INFO:root:[3/5][37/100] loss: 0.030164331
INFO:root:acc: 0.7717, tpr: 0.4211, tnr: 0.863, ppv: 0.4444, npv: 0.8514, auc: 0.7455
INFO:root:[validation] The current loss: 0.32897707, acc*auc: 0.5753
INFO:root:Recording best auc model. (model/under-sampling/auc)
INFO:root:[3/5][38/100] loss: 0.029652339
INFO:root:acc: 0.7283, tpr: 0.3158, tnr: 0.8356, ppv: 0.3333, npv: 0.8243, auc: 0.7433
INFO:root:[validation] The current loss: 0.33112061, acc*auc: 0.5413
INFO:root:trigger times: 1
INFO:root:[3/5][39/100] loss: 0.02914642
INFO:root:acc: 0.7391, tpr: 0.5263, tnr: 0.7945, ppv: 0.4, npv: 0.8657, auc: 0.7491
INFO:root:[validation] The current loss: 0.31184395, acc*auc: 0.5537
INFO:root:Recording best auc model. (model/under-sampling/auc)
INFO:root:[3/5][40/100] loss: 0.029680977
INFO:root:acc: 0.5109, tpr: 0.6842, tnr: 0.4658, ppv: 0.25, npv: 0.85, auc: 0.6366
INFO:root:[validation] The current loss: 0.33186341, acc*auc: 0.3252
INFO:root:trigger times: 1
INFO:root:[3/5][41/100] loss: 0.027677054
INFO:root:acc: 0.4783, tpr: 0.5789, tnr: 0.4521, ppv: 0.2157, npv: 0.8049, auc: 0.5494
INFO:root:[validation] The current loss: 0.35779821, acc*auc: 0.2628
INFO:root:trigger times: 2
INFO:root:[3/5][42/100] loss: 0.027470275
INFO:root:acc: 0.7065, tpr: 0.3158, tnr: 0.8082, ppv: 0.3, npv: 0.8194, auc: 0.6554
INFO:root:[validation] The current loss: 0.33139184, acc*auc: 0.463
INFO:root:[3/5][43/100] loss: 0.026673451
INFO:root:acc: 0.8152, tpr: 0.3158, tnr: 0.9452, ppv: 0.6, npv: 0.8415, auc: 0.6395
INFO:root:[validation] The current loss: 0.4123866, acc*auc: 0.5213
INFO:root:trigger times: 1
INFO:root:[3/5][44/100] loss: 0.025901915
INFO:root:acc: 0.7391, tpr: 0.4737, tnr: 0.8082, ppv: 0.3913, npv: 0.8551, auc: 0.7397
INFO:root:[validation] The current loss: 0.31750067, acc*auc: 0.5468
INFO:root:[3/5][45/100] loss: 0.025414133
INFO:root:acc: 0.5652, tpr: 0.6842, tnr: 0.5342, ppv: 0.2766, npv: 0.8667, auc: 0.695
INFO:root:[validation] The current loss: 0.31116073, acc*auc: 0.3928
INFO:root:[3/5][46/100] loss: 0.024832992
INFO:root:acc: 0.5435, tpr: 0.6316, tnr: 0.5205, ppv: 0.2553, npv: 0.8444, auc: 0.6683
INFO:root:[validation] The current loss: 0.31946946, acc*auc: 0.3632
INFO:root:trigger times: 1
INFO:root:[3/5][47/100] loss: 0.024858554
INFO:root:acc: 0.7717, tpr: 0.4211, tnr: 0.863, ppv: 0.4444, npv: 0.8514, auc: 0.7008
INFO:root:[validation] The current loss: 0.33182812, acc*auc: 0.5408
INFO:root:trigger times: 2
INFO:root:[3/5][48/100] loss: 0.024010495
INFO:root:acc: 0.7174, tpr: 0.5263, tnr: 0.7671, ppv: 0.3704, npv: 0.8615, auc: 0.6957
INFO:root:[validation] The current loss: 0.31899368, acc*auc: 0.4991
INFO:root:[3/5][49/100] loss: 0.023450529
INFO:root:acc: 0.7283, tpr: 0.5263, tnr: 0.7808, ppv: 0.3846, npv: 0.8636, auc: 0.7116
INFO:root:[validation] The current loss: 0.32052192, acc*auc: 0.5182
INFO:root:trigger times: 1
INFO:root:[3/5][50/100] loss: 0.024112634
INFO:root:acc: 0.7717, tpr: 0.5263, tnr: 0.8356, ppv: 0.4545, npv: 0.8714, auc: 0.7289
INFO:root:[validation] The current loss: 0.31865956, acc*auc: 0.5625
INFO:root:[3/5][51/100] loss: 0.024895486
INFO:root:acc: 0.75, tpr: 0.4737, tnr: 0.8219, ppv: 0.4091, npv: 0.8571, auc: 0.7167
INFO:root:[validation] The current loss: 0.32064107, acc*auc: 0.5375
INFO:root:trigger times: 1
INFO:root:[3/5][52/100] loss: 0.023755883
INFO:root:acc: 0.75, tpr: 0.4737, tnr: 0.8219, ppv: 0.4091, npv: 0.8571, auc: 0.695
INFO:root:[validation] The current loss: 0.33441675, acc*auc: 0.5213
INFO:root:trigger times: 2
INFO:root:[3/5][53/100] loss: 0.02330007
INFO:root:acc: 0.7826, tpr: 0.3684, tnr: 0.8904, ppv: 0.4667, npv: 0.8442, auc: 0.7376
INFO:root:[validation] The current loss: 0.33988309, acc*auc: 0.5772
INFO:root:trigger times: 3
INFO:root:[3/5][54/100] loss: 0.023385476
INFO:root:acc: 0.5978, tpr: 0.6316, tnr: 0.589, ppv: 0.2857, npv: 0.86, auc: 0.6417
INFO:root:[validation] The current loss: 0.33013475, acc*auc: 0.3836
INFO:root:[3/5][55/100] loss: 0.023594823
INFO:root:acc: 0.6957, tpr: 0.4211, tnr: 0.7671, ppv: 0.32, npv: 0.8358, auc: 0.664
INFO:root:[validation] The current loss: 0.34389, acc*auc: 0.4619
INFO:root:trigger times: 1
INFO:root:[3/5][56/100] loss: 0.023927807
INFO:root:acc: 0.5978, tpr: 0.5263, tnr: 0.6164, ppv: 0.2632, npv: 0.8333, auc: 0.651
INFO:root:[validation] The current loss: 0.33047675, acc*auc: 0.3892
INFO:root:[3/5][57/100] loss: 0.023008135
INFO:root:acc: 0.4239, tpr: 0.9474, tnr: 0.2877, ppv: 0.2571, npv: 0.9545, auc: 0.6857
INFO:root:[validation] The current loss: 0.32057354, acc*auc: 0.2907
INFO:root:[3/5][58/100] loss: 0.022490054
INFO:root:acc: 0.5326, tpr: 0.6316, tnr: 0.5068, ppv: 0.25, npv: 0.8409, auc: 0.6337
INFO:root:[validation] The current loss: 0.35625255, acc*auc: 0.3375
INFO:root:trigger times: 1
INFO:root:[3/5][59/100] loss: 0.023017188
INFO:root:acc: 0.7935, tpr: 0.0, tnr: 1.0, ppv: nan, npv: 0.7935, auc: 0.6683
INFO:root:[validation] The current loss: 0.62243171, acc*auc: 0.5303
INFO:root:trigger times: 2
INFO:root:[3/5][60/100] loss: 0.023256318
INFO:root:acc: 0.3043, tpr: 0.6842, tnr: 0.2055, ppv: 0.1831, npv: 0.7143, auc: 0.5105
INFO:root:[validation] The current loss: 0.44344266, acc*auc: 0.1554
INFO:root:[3/5][61/100] loss: 0.02265034
INFO:root:acc: 0.4022, tpr: 0.7895, tnr: 0.3014, ppv: 0.2273, npv: 0.8462, auc: 0.6136
INFO:root:[validation] The current loss: 0.368296, acc*auc: 0.2468
INFO:root:[3/5][62/100] loss: 0.021570756
INFO:root:acc: 0.6413, tpr: 0.4211, tnr: 0.6986, ppv: 0.2667, npv: 0.8226, auc: 0.6287
INFO:root:[validation] The current loss: 0.35970589, acc*auc: 0.4032
INFO:root:[3/5][63/100] loss: 0.023708351
INFO:root:acc: 0.5109, tpr: 0.9474, tnr: 0.3973, ppv: 0.2903, npv: 0.9667, auc: 0.7404
INFO:root:[validation] The current loss: 0.30539538, acc*auc: 0.3783
INFO:root:[3/5][64/100] loss: 0.022339175
INFO:root:acc: 0.7609, tpr: 0.3684, tnr: 0.863, ppv: 0.4118, npv: 0.84, auc: 0.6957
INFO:root:[validation] The current loss: 0.38504338, acc*auc: 0.5294
INFO:root:trigger times: 1
INFO:root:[3/5][65/100] loss: 0.021166388
INFO:root:acc: 0.7609, tpr: 0.3684, tnr: 0.863, ppv: 0.4118, npv: 0.84, auc: 0.6597
INFO:root:[validation] The current loss: 0.38650312, acc*auc: 0.5019
INFO:root:trigger times: 2
INFO:root:[3/5][66/100] loss: 0.020494681
INFO:root:acc: 0.5652, tpr: 0.4737, tnr: 0.589, ppv: 0.2308, npv: 0.8113, auc: 0.6273
INFO:root:[validation] The current loss: 0.38944706, acc*auc: 0.3545
INFO:root:trigger times: 3
INFO:root:[3/5][67/100] loss: 0.018964437
INFO:root:acc: 0.6413, tpr: 0.5263, tnr: 0.6712, ppv: 0.2941, npv: 0.8448, auc: 0.6273
INFO:root:[validation] The current loss: 0.39059347, acc*auc: 0.4023
INFO:root:trigger times: 4
INFO:root:[3/5][68/100] loss: 0.018177875
INFO:root:acc: 0.7935, tpr: 0.2632, tnr: 0.9315, ppv: 0.5, npv: 0.8293, auc: 0.7116
INFO:root:[validation] The current loss: 0.44042543, acc*auc: 0.5646
INFO:root:trigger times: 5
WARNING:root:Early stopping!
Epoch = 68
WARNING:root:weights = [1, 6]
INFO:root:data sampling method: no-sampling
INFO:root:training set size: 819
INFO:root:data sampling method: no-sampling
INFO:root:val set size: 92
INFO:root:[4/5][0/100] loss: 0.036084953
INFO:root:acc: 0.7935, tpr: 0.0, tnr: 1.0, ppv: nan, npv: 0.7935, auc: 0.5516
INFO:root:[validation] The current loss: 0.35645752, acc*auc: 0.4376
INFO:root:Recording best auc model. (model/under-sampling/auc)
CRITICAL:root:Recording best acc*auc model. (model/under-sampling/acc_auc_mul)
INFO:root:[4/5][1/100] loss: 0.036220902
INFO:root:acc: 0.7935, tpr: 0.0, tnr: 1.0, ppv: nan, npv: 0.7935, auc: 0.553
INFO:root:[validation] The current loss: 0.35755072, acc*auc: 0.4388
INFO:root:trigger times: 1
INFO:root:Recording best auc model. (model/under-sampling/auc)
CRITICAL:root:Recording best acc*auc model. (model/under-sampling/acc_auc_mul)
INFO:root:[4/5][2/100] loss: 0.036084571
INFO:root:acc: 0.8043, tpr: 0.05263, tnr: 1.0, ppv: 1.0, npv: 0.8022, auc: 0.5645
INFO:root:[validation] The current loss: 0.35833016, acc*auc: 0.4541
INFO:root:trigger times: 2
INFO:root:Recording best auc model. (model/under-sampling/auc)
CRITICAL:root:Recording best acc*auc model. (model/under-sampling/acc_auc_mul)
INFO:root:[4/5][3/100] loss: 0.035710732
INFO:root:acc: 0.7609, tpr: 0.05263, tnr: 0.9452, ppv: 0.2, npv: 0.7931, auc: 0.558
INFO:root:[validation] The current loss: 0.35540126, acc*auc: 0.4246
INFO:root:[4/5][4/100] loss: 0.035991965
INFO:root:acc: 0.7826, tpr: 0.05263, tnr: 0.9726, ppv: 0.3333, npv: 0.7978, auc: 0.5761
INFO:root:[validation] The current loss: 0.3619461, acc*auc: 0.4508
INFO:root:trigger times: 1
INFO:root:Recording best auc model. (model/under-sampling/auc)
INFO:root:[4/5][5/100] loss: 0.036158456
INFO:root:acc: 0.8043, tpr: 0.05263, tnr: 1.0, ppv: 1.0, npv: 0.8022, auc: 0.5487
INFO:root:[validation] The current loss: 0.36282177, acc*auc: 0.4413
INFO:root:trigger times: 2
INFO:root:[4/5][6/100] loss: 0.035888868
INFO:root:acc: 0.8043, tpr: 0.1053, tnr: 0.9863, ppv: 0.6667, npv: 0.809, auc: 0.5595
INFO:root:[validation] The current loss: 0.36338613, acc*auc: 0.45
INFO:root:trigger times: 3
INFO:root:[4/5][7/100] loss: 0.036084965
INFO:root:acc: 0.7717, tpr: 0.0, tnr: 0.9726, ppv: 0.0, npv: 0.7889, auc: 0.5566
INFO:root:[validation] The current loss: 0.36167638, acc*auc: 0.4295
INFO:root:[4/5][8/100] loss: 0.035828504
INFO:root:acc: 0.7283, tpr: 0.1053, tnr: 0.8904, ppv: 0.2, npv: 0.7927, auc: 0.5645
INFO:root:[validation] The current loss: 0.35914132, acc*auc: 0.4111
INFO:root:[4/5][9/100] loss: 0.036068168
INFO:root:acc: 0.7609, tpr: 0.1053, tnr: 0.9315, ppv: 0.2857, npv: 0.8, auc: 0.509
INFO:root:[validation] The current loss: 0.35374241, acc*auc: 0.3873
INFO:root:[4/5][10/100] loss: 0.035838348
INFO:root:acc: 0.7609, tpr: 0.05263, tnr: 0.9452, ppv: 0.2, npv: 0.7931, auc: 0.5371
INFO:root:[validation] The current loss: 0.35572448, acc*auc: 0.4087
INFO:root:trigger times: 1
INFO:root:[4/5][11/100] loss: 0.035802355
INFO:root:acc: 0.6087, tpr: 0.5263, tnr: 0.6301, ppv: 0.2703, npv: 0.8364, auc: 0.5703
INFO:root:[validation] The current loss: 0.34740609, acc*auc: 0.3471
INFO:root:[4/5][12/100] loss: 0.035564442
INFO:root:acc: 0.7826, tpr: 0.1053, tnr: 0.9589, ppv: 0.4, npv: 0.8046, auc: 0.5371
INFO:root:[validation] The current loss: 0.35623433, acc*auc: 0.4204
INFO:root:trigger times: 1
INFO:root:[4/5][13/100] loss: 0.035500971
INFO:root:acc: 0.3587, tpr: 0.6842, tnr: 0.274, ppv: 0.197, npv: 0.7692, auc: 0.5371
INFO:root:[validation] The current loss: 0.3531002, acc*auc: 0.1927
INFO:root:[4/5][14/100] loss: 0.035369868
INFO:root:acc: 0.7935, tpr: 0.1579, tnr: 0.9589, ppv: 0.5, npv: 0.814, auc: 0.615
INFO:root:[validation] The current loss: 0.35959076, acc*auc: 0.488
INFO:root:trigger times: 1
INFO:root:Recording best auc model. (model/under-sampling/auc)
CRITICAL:root:Recording best acc*auc model. (model/under-sampling/acc_auc_mul)
INFO:root:[4/5][15/100] loss: 0.035279869
INFO:root:acc: 0.7609, tpr: 0.2105, tnr: 0.9041, ppv: 0.3636, npv: 0.8148, auc: 0.5328
INFO:root:[validation] The current loss: 0.35350612, acc*auc: 0.4054
INFO:root:[4/5][16/100] loss: 0.035196385
INFO:root:acc: 0.75, tpr: 0.2105, tnr: 0.8904, ppv: 0.3333, npv: 0.8125, auc: 0.6164
INFO:root:[validation] The current loss: 0.3438603, acc*auc: 0.4623
INFO:root:Recording best auc model. (model/under-sampling/auc)
INFO:root:[4/5][17/100] loss: 0.034836176
INFO:root:acc: 0.5978, tpr: 0.6842, tnr: 0.5753, ppv: 0.2955, npv: 0.875, auc: 0.6611
INFO:root:[validation] The current loss: 0.32841541, acc*auc: 0.3952
INFO:root:Recording best auc model. (model/under-sampling/auc)
INFO:root:[4/5][18/100] loss: 0.034407223
INFO:root:acc: 0.413, tpr: 0.6842, tnr: 0.3425, ppv: 0.2131, npv: 0.8065, auc: 0.5869
INFO:root:[validation] The current loss: 0.33205337, acc*auc: 0.2424
INFO:root:trigger times: 1
INFO:root:[4/5][19/100] loss: 0.034431516
INFO:root:acc: 0.663, tpr: 0.4737, tnr: 0.7123, ppv: 0.3, npv: 0.8387, auc: 0.6352
INFO:root:[validation] The current loss: 0.33166077, acc*auc: 0.4212
INFO:root:[4/5][20/100] loss: 0.034010603
INFO:root:acc: 0.663, tpr: 0.3684, tnr: 0.7397, ppv: 0.2692, npv: 0.8182, auc: 0.677
INFO:root:[validation] The current loss: 0.32911862, acc*auc: 0.4489
INFO:root:Recording best auc model. (model/under-sampling/auc)
INFO:root:[4/5][21/100] loss: 0.033778114
INFO:root:acc: 0.663, tpr: 0.5789, tnr: 0.6849, ppv: 0.3235, npv: 0.8621, auc: 0.664
INFO:root:[validation] The current loss: 0.3254103, acc*auc: 0.4403
INFO:root:[4/5][22/100] loss: 0.033431444
INFO:root:acc: 0.6196, tpr: 0.5263, tnr: 0.6438, ppv: 0.2778, npv: 0.8393, auc: 0.6683
INFO:root:[validation] The current loss: 0.32477112, acc*auc: 0.4141
INFO:root:[4/5][23/100] loss: 0.033232106
INFO:root:acc: 0.6957, tpr: 0.4211, tnr: 0.7671, ppv: 0.32, npv: 0.8358, auc: 0.6402
INFO:root:[validation] The current loss: 0.33463797, acc*auc: 0.4454
INFO:root:trigger times: 1
INFO:root:[4/5][24/100] loss: 0.033165778
INFO:root:acc: 0.6413, tpr: 0.5263, tnr: 0.6712, ppv: 0.2941, npv: 0.8448, auc: 0.6626
INFO:root:[validation] The current loss: 0.32681838, acc*auc: 0.4249
INFO:root:[4/5][25/100] loss: 0.033168652
INFO:root:acc: 0.6413, tpr: 0.4211, tnr: 0.6986, ppv: 0.2667, npv: 0.8226, auc: 0.659
INFO:root:[validation] The current loss: 0.32963245, acc*auc: 0.4226
INFO:root:trigger times: 1
INFO:root:[4/5][26/100] loss: 0.033444317
INFO:root:acc: 0.7174, tpr: 0.3684, tnr: 0.8082, ppv: 0.3333, npv: 0.831, auc: 0.6568
INFO:root:[validation] The current loss: 0.33693452, acc*auc: 0.4712
INFO:root:trigger times: 2
INFO:root:[4/5][27/100] loss: 0.03312246
INFO:root:acc: 0.6413, tpr: 0.5263, tnr: 0.6712, ppv: 0.2941, npv: 0.8448, auc: 0.6547
INFO:root:[validation] The current loss: 0.32753169, acc*auc: 0.4198
INFO:root:[4/5][28/100] loss: 0.032752446
INFO:root:acc: 0.6196, tpr: 0.4211, tnr: 0.6712, ppv: 0.25, npv: 0.8167, auc: 0.6864
INFO:root:[validation] The current loss: 0.32251604, acc*auc: 0.4253
INFO:root:Recording best auc model. (model/under-sampling/auc)
INFO:root:[4/5][29/100] loss: 0.03217932
INFO:root:acc: 0.5326, tpr: 0.6316, tnr: 0.5068, ppv: 0.25, npv: 0.8409, auc: 0.6251
INFO:root:[validation] The current loss: 0.32674085, acc*auc: 0.3329
INFO:root:trigger times: 1
INFO:root:[4/5][30/100] loss: 0.032839855
INFO:root:acc: 0.7174, tpr: 0.3684, tnr: 0.8082, ppv: 0.3333, npv: 0.831, auc: 0.6936
INFO:root:[validation] The current loss: 0.32770703, acc*auc: 0.4976
INFO:root:trigger times: 2
INFO:root:Recording best auc model. (model/under-sampling/auc)
CRITICAL:root:Recording best acc*auc model. (model/under-sampling/acc_auc_mul)
INFO:root:[4/5][31/100] loss: 0.032311482
INFO:root:acc: 0.5217, tpr: 0.5789, tnr: 0.5068, ppv: 0.234, npv: 0.8222, auc: 0.615
INFO:root:[validation] The current loss: 0.32708261, acc*auc: 0.3209
INFO:root:[4/5][32/100] loss: 0.03176893
INFO:root:acc: 0.7935, tpr: 0.2632, tnr: 0.9315, ppv: 0.5, npv: 0.8293, auc: 0.7015
INFO:root:[validation] The current loss: 0.35025637, acc*auc: 0.5566
INFO:root:trigger times: 1
INFO:root:Recording best auc model. (model/under-sampling/auc)
CRITICAL:root:Recording best acc*auc model. (model/under-sampling/acc_auc_mul)
INFO:root:[4/5][33/100] loss: 0.031873903
INFO:root:acc: 0.8261, tpr: 0.2632, tnr: 0.9726, ppv: 0.7143, npv: 0.8353, auc: 0.6806
INFO:root:[validation] The current loss: 0.36893092, acc*auc: 0.5622
INFO:root:trigger times: 2
CRITICAL:root:Recording best acc*auc model. (model/under-sampling/acc_auc_mul)
INFO:root:[4/5][34/100] loss: 0.032807024
INFO:root:acc: 0.5217, tpr: 0.7368, tnr: 0.4658, ppv: 0.2642, npv: 0.8718, auc: 0.6647
INFO:root:[validation] The current loss: 0.32027455, acc*auc: 0.3468
INFO:root:[4/5][35/100] loss: 0.031387531
INFO:root:acc: 0.4565, tpr: 0.6316, tnr: 0.411, ppv: 0.2182, npv: 0.8108, auc: 0.6143
INFO:root:[validation] The current loss: 0.32753034, acc*auc: 0.2804
INFO:root:trigger times: 1
INFO:root:[4/5][36/100] loss: 0.032359977
INFO:root:acc: 0.4457, tpr: 0.7895, tnr: 0.3562, ppv: 0.2419, npv: 0.8667, auc: 0.5854
INFO:root:[validation] The current loss: 0.33969411, acc*auc: 0.2609
INFO:root:trigger times: 2
INFO:root:[4/5][37/100] loss: 0.030413786
INFO:root:acc: 0.7717, tpr: 0.2105, tnr: 0.9178, ppv: 0.4, npv: 0.8171, auc: 0.7311
INFO:root:[validation] The current loss: 0.34452001, acc*auc: 0.5642
INFO:root:trigger times: 3
INFO:root:Recording best auc model. (model/under-sampling/auc)
CRITICAL:root:Recording best acc*auc model. (model/under-sampling/acc_auc_mul)
INFO:root:[4/5][38/100] loss: 0.029620052
INFO:root:acc: 0.6196, tpr: 0.3684, tnr: 0.6849, ppv: 0.2333, npv: 0.8065, auc: 0.6792
INFO:root:[validation] The current loss: 0.32128287, acc*auc: 0.4208
INFO:root:[4/5][39/100] loss: 0.029209896
INFO:root:acc: 0.5326, tpr: 0.6316, tnr: 0.5068, ppv: 0.25, npv: 0.8409, auc: 0.6547
INFO:root:[validation] The current loss: 0.32257538, acc*auc: 0.3487
INFO:root:trigger times: 1
INFO:root:[4/5][40/100] loss: 0.02803283
INFO:root:acc: 0.6739, tpr: 0.5263, tnr: 0.7123, ppv: 0.3226, npv: 0.8525, auc: 0.6388
INFO:root:[validation] The current loss: 0.33868995, acc*auc: 0.4305
INFO:root:trigger times: 2
INFO:root:[4/5][41/100] loss: 0.028405455
INFO:root:acc: 0.3913, tpr: 0.6842, tnr: 0.3151, ppv: 0.2063, npv: 0.7931, auc: 0.5263
INFO:root:[validation] The current loss: 0.37355923, acc*auc: 0.2059
INFO:root:trigger times: 3
INFO:root:[4/5][42/100] loss: 0.026664928
INFO:root:acc: 0.8152, tpr: 0.2632, tnr: 0.9589, ppv: 0.625, npv: 0.8333, auc: 0.7116
INFO:root:[validation] The current loss: 0.41436093, acc*auc: 0.5801
INFO:root:trigger times: 4
CRITICAL:root:Recording best acc*auc model. (model/under-sampling/acc_auc_mul)
INFO:root:[4/5][43/100] loss: 0.026849052
INFO:root:acc: 0.3913, tpr: 0.7895, tnr: 0.2877, ppv: 0.2239, npv: 0.84, auc: 0.5537
INFO:root:[validation] The current loss: 0.35434616, acc*auc: 0.2167
INFO:root:[4/5][44/100] loss: 0.025996753
INFO:root:acc: 0.7609, tpr: 0.2105, tnr: 0.9041, ppv: 0.3636, npv: 0.8148, auc: 0.5631
INFO:root:[validation] The current loss: 0.41655302, acc*auc: 0.4284
INFO:root:trigger times: 1
INFO:root:[4/5][45/100] loss: 0.024970981
INFO:root:acc: 0.3913, tpr: 0.6316, tnr: 0.3288, ppv: 0.1967, npv: 0.7742, auc: 0.584
INFO:root:[validation] The current loss: 0.34726604, acc*auc: 0.2285
INFO:root:[4/5][46/100] loss: 0.024342268
INFO:root:acc: 0.5326, tpr: 0.5263, tnr: 0.5342, ppv: 0.2273, npv: 0.8125, auc: 0.6164
INFO:root:[validation] The current loss: 0.33926762, acc*auc: 0.3283
INFO:root:[4/5][47/100] loss: 0.024678937
INFO:root:acc: 0.75, tpr: 0.3684, tnr: 0.8493, ppv: 0.3889, npv: 0.8378, auc: 0.6222
INFO:root:[validation] The current loss: 0.37008568, acc*auc: 0.4667
INFO:root:trigger times: 1
INFO:root:[4/5][48/100] loss: 0.024221112
INFO:root:acc: 0.6739, tpr: 0.4211, tnr: 0.7397, ppv: 0.2963, npv: 0.8308, auc: 0.6121
INFO:root:[validation] The current loss: 0.35658832, acc*auc: 0.4125
INFO:root:[4/5][49/100] loss: 0.023164463
INFO:root:acc: 0.7065, tpr: 0.4211, tnr: 0.7808, ppv: 0.3333, npv: 0.8382, auc: 0.6222
INFO:root:[validation] The current loss: 0.3547893, acc*auc: 0.4396
INFO:root:[4/5][50/100] loss: 0.023274311
INFO:root:acc: 0.75, tpr: 0.4211, tnr: 0.8356, ppv: 0.4, npv: 0.8472, auc: 0.6092
INFO:root:[validation] The current loss: 0.36815033, acc*auc: 0.4569
INFO:root:trigger times: 1
INFO:root:[4/5][51/100] loss: 0.024478952
INFO:root:acc: 0.7609, tpr: 0.3684, tnr: 0.863, ppv: 0.4118, npv: 0.84, auc: 0.5862
INFO:root:[validation] The current loss: 0.38626351, acc*auc: 0.446
INFO:root:trigger times: 2
INFO:root:[4/5][52/100] loss: 0.023843054
INFO:root:acc: 0.7283, tpr: 0.4211, tnr: 0.8082, ppv: 0.3636, npv: 0.8429, auc: 0.5854
INFO:root:[validation] The current loss: 0.37655163, acc*auc: 0.4264
INFO:root:[4/5][53/100] loss: 0.023164964
INFO:root:acc: 0.7717, tpr: 0.3158, tnr: 0.8904, ppv: 0.4286, npv: 0.8333, auc: 0.6525
INFO:root:[validation] The current loss: 0.4034153, acc*auc: 0.5036
INFO:root:trigger times: 1
INFO:root:[4/5][54/100] loss: 0.023072622
INFO:root:acc: 0.4565, tpr: 0.8421, tnr: 0.3562, ppv: 0.254, npv: 0.8966, auc: 0.6547
INFO:root:[validation] The current loss: 0.33044628, acc*auc: 0.2989
INFO:root:[4/5][55/100] loss: 0.023162205
INFO:root:acc: 0.8152, tpr: 0.2632, tnr: 0.9589, ppv: 0.625, npv: 0.8333, auc: 0.62
INFO:root:[validation] The current loss: 0.43198893, acc*auc: 0.5055
INFO:root:trigger times: 1
INFO:root:[4/5][56/100] loss: 0.022931178
INFO:root:acc: 0.8043, tpr: 0.4211, tnr: 0.9041, ppv: 0.5333, npv: 0.8571, auc: 0.6359
INFO:root:[validation] The current loss: 0.39464768, acc*auc: 0.5115
INFO:root:[4/5][57/100] loss: 0.023104904
INFO:root:acc: 0.4565, tpr: 0.6316, tnr: 0.411, ppv: 0.2182, npv: 0.8108, auc: 0.5905
INFO:root:[validation] The current loss: 0.34677175, acc*auc: 0.2696
INFO:root:[4/5][58/100] loss: 0.022334017
INFO:root:acc: 0.2826, tpr: 0.9474, tnr: 0.1096, ppv: 0.2169, npv: 0.8889, auc: 0.5775
INFO:root:[validation] The current loss: 0.38177105, acc*auc: 0.1632
INFO:root:trigger times: 1
INFO:root:[4/5][59/100] loss: 0.024602595
INFO:root:acc: 0.7935, tpr: 0.1053, tnr: 0.9726, ppv: 0.5, npv: 0.8068, auc: 0.5386
INFO:root:[validation] The current loss: 0.59135545, acc*auc: 0.4273
INFO:root:trigger times: 2
INFO:root:[4/5][60/100] loss: 0.023219953
INFO:root:acc: 0.2826, tpr: 0.7895, tnr: 0.1507, ppv: 0.1948, npv: 0.7333, auc: 0.5032
INFO:root:[validation] The current loss: 0.4692267, acc*auc: 0.1422
INFO:root:[4/5][61/100] loss: 0.022406803
INFO:root:acc: 0.6413, tpr: 0.4737, tnr: 0.6849, ppv: 0.2812, npv: 0.8333, auc: 0.6352
INFO:root:[validation] The current loss: 0.37240655, acc*auc: 0.4073
INFO:root:[4/5][62/100] loss: 0.022371771
INFO:root:acc: 0.4348, tpr: 0.6842, tnr: 0.3699, ppv: 0.2203, npv: 0.8182, auc: 0.5479
INFO:root:[validation] The current loss: 0.40651087, acc*auc: 0.2382
INFO:root:trigger times: 1
INFO:root:[4/5][63/100] loss: 0.023378331
INFO:root:acc: 0.5543, tpr: 0.6316, tnr: 0.5342, ppv: 0.2609, npv: 0.8478, auc: 0.6301
INFO:root:[validation] The current loss: 0.33810099, acc*auc: 0.3493
INFO:root:[4/5][64/100] loss: 0.021802354
INFO:root:acc: 0.8152, tpr: 0.2105, tnr: 0.9726, ppv: 0.6667, npv: 0.8256, auc: 0.6626
INFO:root:[validation] The current loss: 0.44779395, acc*auc: 0.5401
INFO:root:trigger times: 1
INFO:root:[4/5][65/100] loss: 0.021788114
INFO:root:acc: 0.7174, tpr: 0.1053, tnr: 0.8767, ppv: 0.1818, npv: 0.7901, auc: 0.5177
INFO:root:[validation] The current loss: 0.48242986, acc*auc: 0.3714
INFO:root:trigger times: 2
INFO:root:[4/5][66/100] loss: 0.019587322
INFO:root:acc: 0.7065, tpr: 0.2105, tnr: 0.8356, ppv: 0.25, npv: 0.8026, auc: 0.504
INFO:root:[validation] The current loss: 0.50516909, acc*auc: 0.3561
INFO:root:trigger times: 3
INFO:root:[4/5][67/100] loss: 0.018570066
INFO:root:acc: 0.5978, tpr: 0.5263, tnr: 0.6164, ppv: 0.2632, npv: 0.8333, auc: 0.5537
INFO:root:[validation] The current loss: 0.44507738, acc*auc: 0.331
INFO:root:[4/5][68/100] loss: 0.017449665
INFO:root:acc: 0.7717, tpr: 0.2632, tnr: 0.9041, ppv: 0.4167, npv: 0.825, auc: 0.6006
INFO:root:[validation] The current loss: 0.47289297, acc*auc: 0.4635
INFO:root:trigger times: 1
INFO:root:[4/5][69/100] loss: 0.018649728
INFO:root:acc: 0.7391, tpr: 0.1579, tnr: 0.8904, ppv: 0.2727, npv: 0.8025, auc: 0.5494
INFO:root:[validation] The current loss: 0.5134341, acc*auc: 0.4061
INFO:root:trigger times: 2
INFO:root:[4/5][70/100] loss: 0.018298383
INFO:root:acc: 0.7174, tpr: 0.3158, tnr: 0.8219, ppv: 0.3158, npv: 0.8219, auc: 0.5638
INFO:root:[validation] The current loss: 0.46813486, acc*auc: 0.4045
INFO:root:[4/5][71/100] loss: 0.018603759
INFO:root:acc: 0.7065, tpr: 0.1053, tnr: 0.863, ppv: 0.1667, npv: 0.7875, auc: 0.5371
INFO:root:[validation] The current loss: 0.48636755, acc*auc: 0.3795
INFO:root:trigger times: 1
INFO:root:[4/5][72/100] loss: 0.017997586
INFO:root:acc: 0.7391, tpr: 0.3158, tnr: 0.8493, ppv: 0.3529, npv: 0.8267, auc: 0.553
INFO:root:[validation] The current loss: 0.4613226, acc*auc: 0.4087
INFO:root:[4/5][73/100] loss: 0.017928893
INFO:root:acc: 0.7391, tpr: 0.3158, tnr: 0.8493, ppv: 0.3529, npv: 0.8267, auc: 0.5559
INFO:root:[validation] The current loss: 0.426722, acc*auc: 0.4109
INFO:root:[4/5][74/100] loss: 0.017541308
INFO:root:acc: 0.7391, tpr: 0.2105, tnr: 0.8767, ppv: 0.3077, npv: 0.8101, auc: 0.5566
INFO:root:[validation] The current loss: 0.49699964, acc*auc: 0.4114
INFO:root:trigger times: 1
INFO:root:[4/5][75/100] loss: 0.017378548
INFO:root:acc: 0.7065, tpr: 0.1053, tnr: 0.863, ppv: 0.1667, npv: 0.7875, auc: 0.5479
INFO:root:[validation] The current loss: 0.50392591, acc*auc: 0.3871
INFO:root:trigger times: 2
INFO:root:[4/5][76/100] loss: 0.016882878
INFO:root:acc: 0.75, tpr: 0.3158, tnr: 0.863, ppv: 0.375, npv: 0.8289, auc: 0.5335
INFO:root:[validation] The current loss: 0.46692752, acc*auc: 0.4001
INFO:root:[4/5][77/100] loss: 0.017232102
INFO:root:acc: 0.7283, tpr: 0.3158, tnr: 0.8356, ppv: 0.3333, npv: 0.8243, auc: 0.5552
INFO:root:[validation] The current loss: 0.43190061, acc*auc: 0.4043
INFO:root:[4/5][78/100] loss: 0.017585886
INFO:root:acc: 0.7391, tpr: 0.1579, tnr: 0.8904, ppv: 0.2727, npv: 0.8025, auc: 0.5609
INFO:root:[validation] The current loss: 0.49652447, acc*auc: 0.4146
INFO:root:trigger times: 1
INFO:root:[4/5][79/100] loss: 0.017509707
INFO:root:acc: 0.7174, tpr: 0.3158, tnr: 0.8219, ppv: 0.3158, npv: 0.8219, auc: 0.6085
INFO:root:[validation] The current loss: 0.41924931, acc*auc: 0.4365
INFO:root:[4/5][80/100] loss: 0.017534513
INFO:root:acc: 0.75, tpr: 0.3684, tnr: 0.8493, ppv: 0.3889, npv: 0.8378, auc: 0.5811
INFO:root:[validation] The current loss: 0.42950079, acc*auc: 0.4358
INFO:root:trigger times: 1
INFO:root:[4/5][81/100] loss: 0.019091349
INFO:root:acc: 0.7935, tpr: 0.1053, tnr: 0.9726, ppv: 0.5, npv: 0.8068, auc: 0.6121
INFO:root:[validation] The current loss: 0.62650161, acc*auc: 0.4857
INFO:root:trigger times: 2
INFO:root:[4/5][82/100] loss: 0.018503839
INFO:root:acc: 0.6848, tpr: 0.3684, tnr: 0.7671, ppv: 0.2917, npv: 0.8235, auc: 0.6027
INFO:root:[validation] The current loss: 0.41576644, acc*auc: 0.4127
INFO:root:[4/5][83/100] loss: 0.018358654
INFO:root:acc: 0.6848, tpr: 0.3684, tnr: 0.7671, ppv: 0.2917, npv: 0.8235, auc: 0.553
INFO:root:[validation] The current loss: 0.45790662, acc*auc: 0.3787
INFO:root:trigger times: 1
INFO:root:[4/5][84/100] loss: 0.018291734
INFO:root:acc: 0.7935, tpr: 0.0, tnr: 1.0, ppv: nan, npv: 0.7935, auc: 0.6208
INFO:root:[validation] The current loss: 0.77378176, acc*auc: 0.4926
INFO:root:trigger times: 2
INFO:root:[4/5][85/100] loss: 0.018222423
INFO:root:acc: 0.5761, tpr: 0.7368, tnr: 0.5342, ppv: 0.2917, npv: 0.8864, auc: 0.6273
INFO:root:[validation] The current loss: 0.3895718, acc*auc: 0.3614
INFO:root:[4/5][86/100] loss: 0.019537945
INFO:root:acc: 0.6196, tpr: 0.4211, tnr: 0.6712, ppv: 0.25, npv: 0.8167, auc: 0.5797
INFO:root:[validation] The current loss: 0.39796441, acc*auc: 0.3591
INFO:root:trigger times: 1
INFO:root:[4/5][87/100] loss: 0.017578273
INFO:root:acc: 0.7065, tpr: 0.2105, tnr: 0.8356, ppv: 0.25, npv: 0.8026, auc: 0.5552
INFO:root:[validation] The current loss: 0.4712798, acc*auc: 0.3922
INFO:root:trigger times: 2
INFO:root:[4/5][88/100] loss: 0.017835491
INFO:root:acc: 0.4022, tpr: 0.5263, tnr: 0.3699, ppv: 0.1786, npv: 0.75, auc: 0.509
INFO:root:[validation] The current loss: 0.48562501, acc*auc: 0.2047
INFO:root:trigger times: 3
INFO:root:[4/5][89/100] loss: 0.017819953
INFO:root:acc: 0.3152, tpr: 0.7368, tnr: 0.2055, ppv: 0.1944, npv: 0.75, auc: 0.5148
INFO:root:[validation] The current loss: 0.43123518, acc*auc: 0.1623
INFO:root:[4/5][90/100] loss: 0.018196314
INFO:root:acc: 0.7935, tpr: 0.1053, tnr: 0.9726, ppv: 0.5, npv: 0.8068, auc: 0.646
INFO:root:[validation] The current loss: 0.59056278, acc*auc: 0.5126
INFO:root:trigger times: 1
INFO:root:[4/5][91/100] loss: 0.01610552
INFO:root:acc: 0.7609, tpr: 0.2632, tnr: 0.8904, ppv: 0.3846, npv: 0.8228, auc: 0.5328
INFO:root:[validation] The current loss: 0.56609383, acc*auc: 0.4054
INFO:root:[4/5][92/100] loss: 0.015624049
INFO:root:acc: 0.7717, tpr: 0.2105, tnr: 0.9178, ppv: 0.4, npv: 0.8171, auc: 0.5876
INFO:root:[validation] The current loss: 0.51108083, acc*auc: 0.4535
INFO:root:[4/5][93/100] loss: 0.017944685
INFO:root:acc: 0.75, tpr: 0.1579, tnr: 0.9041, ppv: 0.3, npv: 0.8049, auc: 0.5862
INFO:root:[validation] The current loss: 0.55464429, acc*auc: 0.4396
INFO:root:trigger times: 1
INFO:root:[4/5][94/100] loss: 0.016726012
INFO:root:acc: 0.7065, tpr: 0.3684, tnr: 0.7945, ppv: 0.3182, npv: 0.8286, auc: 0.5169
INFO:root:[validation] The current loss: 0.51571539, acc*auc: 0.3652
INFO:root:[4/5][95/100] loss: 0.016109016
INFO:root:acc: 0.7391, tpr: 0.2632, tnr: 0.863, ppv: 0.3333, npv: 0.8182, auc: 0.5443
INFO:root:[validation] The current loss: 0.54508569, acc*auc: 0.4023
INFO:root:trigger times: 1
INFO:root:[4/5][96/100] loss: 0.015568771
INFO:root:acc: 0.7609, tpr: 0.2105, tnr: 0.9041, ppv: 0.3636, npv: 0.8148, auc: 0.5386
INFO:root:[validation] The current loss: 0.5640407, acc*auc: 0.4098
INFO:root:trigger times: 2
INFO:root:[4/5][97/100] loss: 0.015107497
INFO:root:acc: 0.7391, tpr: 0.1579, tnr: 0.8904, ppv: 0.2727, npv: 0.8025, auc: 0.5342
INFO:root:[validation] The current loss: 0.54645404, acc*auc: 0.3949
INFO:root:[4/5][98/100] loss: 0.015357531
INFO:root:acc: 0.7609, tpr: 0.2105, tnr: 0.9041, ppv: 0.3636, npv: 0.8148, auc: 0.5061
INFO:root:[validation] The current loss: 0.56121953, acc*auc: 0.3851
INFO:root:trigger times: 1
INFO:root:[4/5][99/100] loss: 0.015043169
INFO:root:acc: 0.75, tpr: 0.1579, tnr: 0.9041, ppv: 0.3, npv: 0.8049, auc: 0.5018
INFO:root:[validation] The current loss: 0.58093344, acc*auc: 0.3764
INFO:root:trigger times: 2
INFO:root:stopping! Epoch = 100
WARNING:root:weights = [1, 6]
INFO:root:data sampling method: no-sampling
INFO:root:training set size: 819
INFO:root:data sampling method: no-sampling
INFO:root:val set size: 92
INFO:root:[5/5][0/100] loss: 0.036084948
INFO:root:acc: 0.7935, tpr: 0.0, tnr: 1.0, ppv: nan, npv: 0.7935, auc: 0.5516
INFO:root:[validation] The current loss: 0.35645753, acc*auc: 0.4376
INFO:root:Recording best auc model. (model/under-sampling/auc)
CRITICAL:root:Recording best acc*auc model. (model/under-sampling/acc_auc_mul)
INFO:root:[5/5][1/100] loss: 0.036220903
INFO:root:acc: 0.7935, tpr: 0.0, tnr: 1.0, ppv: nan, npv: 0.7935, auc: 0.553
INFO:root:[validation] The current loss: 0.35755086, acc*auc: 0.4388
INFO:root:trigger times: 1
INFO:root:Recording best auc model. (model/under-sampling/auc)
CRITICAL:root:Recording best acc*auc model. (model/under-sampling/acc_auc_mul)
INFO:root:[5/5][2/100] loss: 0.036084588
INFO:root:acc: 0.8043, tpr: 0.05263, tnr: 1.0, ppv: 1.0, npv: 0.8022, auc: 0.5645
INFO:root:[validation] The current loss: 0.35832853, acc*auc: 0.4541
INFO:root:trigger times: 2
INFO:root:Recording best auc model. (model/under-sampling/auc)
CRITICAL:root:Recording best acc*auc model. (model/under-sampling/acc_auc_mul)
INFO:root:[5/5][3/100] loss: 0.03571073
INFO:root:acc: 0.7609, tpr: 0.05263, tnr: 0.9452, ppv: 0.2, npv: 0.7931, auc: 0.558
INFO:root:[validation] The current loss: 0.35540272, acc*auc: 0.4246
INFO:root:[5/5][4/100] loss: 0.035993967
INFO:root:acc: 0.7826, tpr: 0.05263, tnr: 0.9726, ppv: 0.3333, npv: 0.7978, auc: 0.5797
INFO:root:[validation] The current loss: 0.36214728, acc*auc: 0.4537
INFO:root:trigger times: 1
INFO:root:Recording best auc model. (model/under-sampling/auc)
INFO:root:[5/5][5/100] loss: 0.036163075
INFO:root:acc: 0.8043, tpr: 0.05263, tnr: 1.0, ppv: 1.0, npv: 0.8022, auc: 0.5516
INFO:root:[validation] The current loss: 0.36329834, acc*auc: 0.4436
INFO:root:trigger times: 2
INFO:root:[5/5][6/100] loss: 0.03587808
INFO:root:acc: 0.7826, tpr: 0.05263, tnr: 0.9726, ppv: 0.3333, npv: 0.7978, auc: 0.553
INFO:root:[validation] The current loss: 0.36128585, acc*auc: 0.4328
INFO:root:[5/5][7/100] loss: 0.035969013
INFO:root:acc: 0.7935, tpr: 0.05263, tnr: 0.9863, ppv: 0.5, npv: 0.8, auc: 0.5242
INFO:root:[validation] The current loss: 0.36259404, acc*auc: 0.4159
INFO:root:trigger times: 1
INFO:root:[5/5][8/100] loss: 0.035941937
INFO:root:acc: 0.7609, tpr: 0.05263, tnr: 0.9452, ppv: 0.2, npv: 0.7931, auc: 0.5386
INFO:root:[validation] The current loss: 0.35691996, acc*auc: 0.4098
INFO:root:[5/5][9/100] loss: 0.036114521
INFO:root:acc: 0.6957, tpr: 0.1053, tnr: 0.8493, ppv: 0.1538, npv: 0.7848, auc: 0.5364
INFO:root:[validation] The current loss: 0.35395664, acc*auc: 0.3732
INFO:root:[5/5][10/100] loss: 0.035762229
INFO:root:acc: 0.7935, tpr: 0.05263, tnr: 0.9863, ppv: 0.5, npv: 0.8, auc: 0.5422
INFO:root:[validation] The current loss: 0.35754575, acc*auc: 0.4302
INFO:root:trigger times: 1
INFO:root:[5/5][11/100] loss: 0.035792149
INFO:root:acc: 0.4674, tpr: 0.5789, tnr: 0.4384, ppv: 0.2115, npv: 0.8, auc: 0.5278
INFO:root:[validation] The current loss: 0.34392672, acc*auc: 0.2467
INFO:root:[5/5][12/100] loss: 0.035628866
INFO:root:acc: 0.7935, tpr: 0.05263, tnr: 0.9863, ppv: 0.5, npv: 0.8, auc: 0.5472
INFO:root:[validation] The current loss: 0.35959264, acc*auc: 0.4342
INFO:root:trigger times: 1
INFO:root:[5/5][13/100] loss: 0.035453591
INFO:root:acc: 0.7283, tpr: 0.1579, tnr: 0.8767, ppv: 0.25, npv: 0.8, auc: 0.5148
INFO:root:[validation] The current loss: 0.35952027, acc*auc: 0.3749
INFO:root:[5/5][14/100] loss: 0.035135303
INFO:root:acc: 0.6413, tpr: 0.2632, tnr: 0.7397, ppv: 0.2083, npv: 0.7941, auc: 0.5169
INFO:root:[validation] The current loss: 0.35260655, acc*auc: 0.3315
INFO:root:[5/5][15/100] loss: 0.034931141
INFO:root:acc: 0.8043, tpr: 0.05263, tnr: 1.0, ppv: 1.0, npv: 0.8022, auc: 0.6611
INFO:root:[validation] The current loss: 0.35807887, acc*auc: 0.5318
INFO:root:trigger times: 1
INFO:root:Recording best auc model. (model/under-sampling/auc)
CRITICAL:root:Recording best acc*auc model. (model/under-sampling/acc_auc_mul)
INFO:root:[5/5][16/100] loss: 0.035160828
INFO:root:acc: 0.5435, tpr: 0.9474, tnr: 0.4384, ppv: 0.3051, npv: 0.9697, auc: 0.6893
INFO:root:[validation] The current loss: 0.32042627, acc*auc: 0.3746
INFO:root:Recording best auc model. (model/under-sampling/auc)
INFO:root:[5/5][17/100] loss: 0.034441794
INFO:root:acc: 0.6848, tpr: 0.5263, tnr: 0.726, ppv: 0.3333, npv: 0.8548, auc: 0.6402
INFO:root:[validation] The current loss: 0.33071406, acc*auc: 0.4384
INFO:root:trigger times: 1
INFO:root:[5/5][18/100] loss: 0.034356821
INFO:root:acc: 0.6413, tpr: 0.5263, tnr: 0.6712, ppv: 0.2941, npv: 0.8448, auc: 0.6402
INFO:root:[validation] The current loss: 0.32855521, acc*auc: 0.4106
INFO:root:[5/5][19/100] loss: 0.03427607
INFO:root:acc: 0.5326, tpr: 0.5263, tnr: 0.5342, ppv: 0.2273, npv: 0.8125, auc: 0.6013
INFO:root:[validation] The current loss: 0.33215201, acc*auc: 0.3203
INFO:root:trigger times: 1
INFO:root:[5/5][20/100] loss: 0.033834993
INFO:root:acc: 0.75, tpr: 0.4211, tnr: 0.8356, ppv: 0.4, npv: 0.8472, auc: 0.6597
INFO:root:[validation] The current loss: 0.33393099, acc*auc: 0.4948
INFO:root:trigger times: 2
INFO:root:[5/5][21/100] loss: 0.032989594
INFO:root:acc: 0.6196, tpr: 0.5263, tnr: 0.6438, ppv: 0.2778, npv: 0.8393, auc: 0.6143
INFO:root:[validation] The current loss: 0.33094298, acc*auc: 0.3806
INFO:root:[5/5][22/100] loss: 0.033109328
INFO:root:acc: 0.6957, tpr: 0.5263, tnr: 0.7397, ppv: 0.3448, npv: 0.8571, auc: 0.6633
INFO:root:[validation] The current loss: 0.32594785, acc*auc: 0.4614
INFO:root:[5/5][23/100] loss: 0.032973322
INFO:root:acc: 0.7609, tpr: 0.4211, tnr: 0.8493, ppv: 0.4211, npv: 0.8493, auc: 0.6683
INFO:root:[validation] The current loss: 0.33200451, acc*auc: 0.5085
INFO:root:trigger times: 1
INFO:root:[5/5][24/100] loss: 0.032937353
INFO:root:acc: 0.7065, tpr: 0.5263, tnr: 0.7534, ppv: 0.3571, npv: 0.8594, auc: 0.6857
INFO:root:[validation] The current loss: 0.32439462, acc*auc: 0.4844
INFO:root:[5/5][25/100] loss: 0.032897044
INFO:root:acc: 0.75, tpr: 0.5263, tnr: 0.8082, ppv: 0.4167, npv: 0.8676, auc: 0.6748
INFO:root:[validation] The current loss: 0.32746197, acc*auc: 0.5061
INFO:root:trigger times: 1
INFO:root:[5/5][26/100] loss: 0.03315858
INFO:root:acc: 0.75, tpr: 0.3158, tnr: 0.863, ppv: 0.375, npv: 0.8289, auc: 0.6763
INFO:root:[validation] The current loss: 0.33329855, acc*auc: 0.5072
INFO:root:trigger times: 2
INFO:root:[5/5][27/100] loss: 0.032637743
INFO:root:acc: 0.6739, tpr: 0.5789, tnr: 0.6986, ppv: 0.3333, npv: 0.8644, auc: 0.6655
INFO:root:[validation] The current loss: 0.32460386, acc*auc: 0.4485
INFO:root:[5/5][28/100] loss: 0.032459677
INFO:root:acc: 0.7391, tpr: 0.4737, tnr: 0.8082, ppv: 0.3913, npv: 0.8551, auc: 0.6907
INFO:root:[validation] The current loss: 0.32289696, acc*auc: 0.5105
INFO:root:Recording best auc model. (model/under-sampling/auc)
INFO:root:[5/5][29/100] loss: 0.031692383
INFO:root:acc: 0.5109, tpr: 0.5789, tnr: 0.4932, ppv: 0.2292, npv: 0.8182, auc: 0.6071
INFO:root:[validation] The current loss: 0.32692733, acc*auc: 0.3101
INFO:root:trigger times: 1
INFO:root:[5/5][30/100] loss: 0.032507855
INFO:root:acc: 0.6848, tpr: 0.4737, tnr: 0.7397, ppv: 0.3214, npv: 0.8438, auc: 0.6143
INFO:root:[validation] The current loss: 0.33404019, acc*auc: 0.4206
INFO:root:trigger times: 2
INFO:root:[5/5][31/100] loss: 0.032234989
INFO:root:acc: 0.6196, tpr: 0.5263, tnr: 0.6438, ppv: 0.2778, npv: 0.8393, auc: 0.6518
INFO:root:[validation] The current loss: 0.32741891, acc*auc: 0.4038
INFO:root:[5/5][32/100] loss: 0.031632614
INFO:root:acc: 0.6957, tpr: 0.4211, tnr: 0.7671, ppv: 0.32, npv: 0.8358, auc: 0.6864
INFO:root:[validation] The current loss: 0.33032276, acc*auc: 0.4775
INFO:root:trigger times: 1
INFO:root:[5/5][33/100] loss: 0.031377674
INFO:root:acc: 0.7935, tpr: 0.2105, tnr: 0.9452, ppv: 0.5, npv: 0.8214, auc: 0.7224
INFO:root:[validation] The current loss: 0.34516847, acc*auc: 0.5732
INFO:root:trigger times: 2
INFO:root:Recording best auc model. (model/under-sampling/auc)
CRITICAL:root:Recording best acc*auc model. (model/under-sampling/acc_auc_mul)
INFO:root:[5/5][34/100] loss: 0.033670341
INFO:root:acc: 0.6848, tpr: 0.5263, tnr: 0.726, ppv: 0.3333, npv: 0.8548, auc: 0.6748
INFO:root:[validation] The current loss: 0.3298197, acc*auc: 0.4621
INFO:root:[5/5][35/100] loss: 0.031651669
INFO:root:acc: 0.4891, tpr: 0.6842, tnr: 0.4384, ppv: 0.2407, npv: 0.8421, auc: 0.6114
INFO:root:[validation] The current loss: 0.32715886, acc*auc: 0.2991
INFO:root:[5/5][36/100] loss: 0.031255641
INFO:root:acc: 0.413, tpr: 0.9474, tnr: 0.274, ppv: 0.2535, npv: 0.9524, auc: 0.6647
INFO:root:[validation] The current loss: 0.33492811, acc*auc: 0.2746
INFO:root:trigger times: 1
INFO:root:[5/5][37/100] loss: 0.029722088
INFO:root:acc: 0.8152, tpr: 0.3158, tnr: 0.9452, ppv: 0.6, npv: 0.8415, auc: 0.7253
INFO:root:[validation] The current loss: 0.35099632, acc*auc: 0.5913
INFO:root:trigger times: 2
INFO:root:Recording best auc model. (model/under-sampling/auc)
CRITICAL:root:Recording best acc*auc model. (model/under-sampling/acc_auc_mul)
INFO:root:[5/5][38/100] loss: 0.029413793
INFO:root:acc: 0.7935, tpr: 0.4211, tnr: 0.8904, ppv: 0.5, npv: 0.8553, auc: 0.7066
INFO:root:[validation] The current loss: 0.32858186, acc*auc: 0.5606
INFO:root:[5/5][39/100] loss: 0.028792982
INFO:root:acc: 0.7391, tpr: 0.4211, tnr: 0.8219, ppv: 0.381, npv: 0.8451, auc: 0.6921
INFO:root:[validation] The current loss: 0.34036896, acc*auc: 0.5116
INFO:root:trigger times: 1
INFO:root:[5/5][40/100] loss: 0.028616831
INFO:root:acc: 0.8043, tpr: 0.1579, tnr: 0.9726, ppv: 0.6, npv: 0.8161, auc: 0.6893
INFO:root:[validation] The current loss: 0.44968149, acc*auc: 0.5544
INFO:root:trigger times: 2
INFO:root:[5/5][41/100] loss: 0.027679988
INFO:root:acc: 0.3261, tpr: 0.6842, tnr: 0.2329, ppv: 0.1884, npv: 0.7391, auc: 0.5227
INFO:root:[validation] The current loss: 0.36857215, acc*auc: 0.1704
INFO:root:[5/5][42/100] loss: 0.02688457
INFO:root:acc: 0.837, tpr: 0.3158, tnr: 0.9726, ppv: 0.75, npv: 0.8452, auc: 0.7188
INFO:root:[validation] The current loss: 0.38158393, acc*auc: 0.6016
INFO:root:trigger times: 1
CRITICAL:root:Recording best acc*auc model. (model/under-sampling/acc_auc_mul)
INFO:root:[5/5][43/100] loss: 0.025990855
INFO:root:acc: 0.7826, tpr: 0.4211, tnr: 0.8767, ppv: 0.4706, npv: 0.8533, auc: 0.6777
INFO:root:[validation] The current loss: 0.34625548, acc*auc: 0.5304
INFO:root:[5/5][44/100] loss: 0.025722818
INFO:root:acc: 0.7174, tpr: 0.4211, tnr: 0.7945, ppv: 0.3478, npv: 0.8406, auc: 0.6539
INFO:root:[validation] The current loss: 0.34687504, acc*auc: 0.4691
INFO:root:trigger times: 1
INFO:root:[5/5][45/100] loss: 0.024817254
INFO:root:acc: 0.5435, tpr: 0.4737, tnr: 0.5616, ppv: 0.2195, npv: 0.8039, auc: 0.6518
INFO:root:[validation] The current loss: 0.32724005, acc*auc: 0.3542
INFO:root:[5/5][46/100] loss: 0.023630505
INFO:root:acc: 0.5109, tpr: 0.6316, tnr: 0.4795, ppv: 0.24, npv: 0.8333, auc: 0.6431
INFO:root:[validation] The current loss: 0.32794028, acc*auc: 0.3285
INFO:root:trigger times: 1
INFO:root:[5/5][47/100] loss: 0.023651916
INFO:root:acc: 0.7283, tpr: 0.3684, tnr: 0.8219, ppv: 0.35, npv: 0.8333, auc: 0.672
INFO:root:[validation] The current loss: 0.34840296, acc*auc: 0.4894
INFO:root:trigger times: 2
INFO:root:[5/5][48/100] loss: 0.023728068
INFO:root:acc: 0.7174, tpr: 0.4737, tnr: 0.7808, ppv: 0.36, npv: 0.8507, auc: 0.6503
INFO:root:[validation] The current loss: 0.34223893, acc*auc: 0.4665
INFO:root:[5/5][49/100] loss: 0.02258428
INFO:root:acc: 0.7609, tpr: 0.3158, tnr: 0.8767, ppv: 0.4, npv: 0.8312, auc: 0.6662
INFO:root:[validation] The current loss: 0.35018687, acc*auc: 0.5069
INFO:root:trigger times: 1
INFO:root:[5/5][50/100] loss: 0.022891839
INFO:root:acc: 0.7717, tpr: 0.3158, tnr: 0.8904, ppv: 0.4286, npv: 0.8333, auc: 0.6741
INFO:root:[validation] The current loss: 0.35637232, acc*auc: 0.5202
INFO:root:trigger times: 2
INFO:root:[5/5][51/100] loss: 0.023770048
INFO:root:acc: 0.7391, tpr: 0.4211, tnr: 0.8219, ppv: 0.381, npv: 0.8451, auc: 0.651
INFO:root:[validation] The current loss: 0.35651242, acc*auc: 0.4812
INFO:root:trigger times: 3
INFO:root:[5/5][52/100] loss: 0.02316257
INFO:root:acc: 0.75, tpr: 0.2632, tnr: 0.8767, ppv: 0.3571, npv: 0.8205, auc: 0.6864
INFO:root:[validation] The current loss: 0.35616218, acc*auc: 0.5148
INFO:root:[5/5][53/100] loss: 0.02225164
INFO:root:acc: 0.7065, tpr: 0.3158, tnr: 0.8082, ppv: 0.3, npv: 0.8194, auc: 0.6597
INFO:root:[validation] The current loss: 0.36926781, acc*auc: 0.4661
INFO:root:trigger times: 1
INFO:root:[5/5][54/100] loss: 0.022772562
INFO:root:acc: 0.2826, tpr: 0.8947, tnr: 0.1233, ppv: 0.2099, npv: 0.8182, auc: 0.6172
INFO:root:[validation] The current loss: 0.34800025, acc*auc: 0.1744
INFO:root:[5/5][55/100] loss: 0.022346629
INFO:root:acc: 0.6848, tpr: 0.3684, tnr: 0.7671, ppv: 0.2917, npv: 0.8235, auc: 0.6402
INFO:root:[validation] The current loss: 0.35674778, acc*auc: 0.4384
INFO:root:trigger times: 1
INFO:root:[5/5][56/100] loss: 0.021951666
INFO:root:acc: 0.6957, tpr: 0.2632, tnr: 0.8082, ppv: 0.2632, npv: 0.8082, auc: 0.6013
INFO:root:[validation] The current loss: 0.38399934, acc*auc: 0.4183
INFO:root:trigger times: 2
INFO:root:[5/5][57/100] loss: 0.022519123
INFO:root:acc: 0.6196, tpr: 0.6316, tnr: 0.6164, ppv: 0.3, npv: 0.8654, auc: 0.6727
INFO:root:[validation] The current loss: 0.32374859, acc*auc: 0.4168
INFO:root:[5/5][58/100] loss: 0.022045114
INFO:root:acc: 0.5435, tpr: 0.6842, tnr: 0.5068, ppv: 0.2653, npv: 0.8605, auc: 0.6835
INFO:root:[validation] The current loss: 0.31621299, acc*auc: 0.3715
INFO:root:[5/5][59/100] loss: 0.022001416
INFO:root:acc: 0.8043, tpr: 0.05263, tnr: 1.0, ppv: 1.0, npv: 0.8022, auc: 0.6337
INFO:root:[validation] The current loss: 0.53907998, acc*auc: 0.5097
INFO:root:trigger times: 1
INFO:root:[5/5][60/100] loss: 0.023020072
INFO:root:acc: 0.3261, tpr: 0.6842, tnr: 0.2329, ppv: 0.1884, npv: 0.7391, auc: 0.5487
INFO:root:[validation] The current loss: 0.41641023, acc*auc: 0.1789
INFO:root:[5/5][61/100] loss: 0.021580218
INFO:root:acc: 0.663, tpr: 0.6316, tnr: 0.6712, ppv: 0.3333, npv: 0.875, auc: 0.7001
INFO:root:[validation] The current loss: 0.32211126, acc*auc: 0.4642
INFO:root:[5/5][62/100] loss: 0.020900751
INFO:root:acc: 0.75, tpr: 0.2105, tnr: 0.8904, ppv: 0.3333, npv: 0.8125, auc: 0.5501
INFO:root:[validation] The current loss: 0.4794789, acc*auc: 0.4126
INFO:root:trigger times: 1
INFO:root:[5/5][63/100] loss: 0.022452292
INFO:root:acc: 0.7391, tpr: 0.3158, tnr: 0.8493, ppv: 0.3529, npv: 0.8267, auc: 0.6446
INFO:root:[validation] The current loss: 0.40322538, acc*auc: 0.4764
INFO:root:[5/5][64/100] loss: 0.020167026
INFO:root:acc: 0.7935, tpr: 0.1053, tnr: 0.9726, ppv: 0.5, npv: 0.8068, auc: 0.7397
INFO:root:[validation] The current loss: 0.44025436, acc*auc: 0.587
INFO:root:trigger times: 1
INFO:root:Recording best auc model. (model/under-sampling/auc)
INFO:root:[5/5][65/100] loss: 0.021201343
INFO:root:acc: 0.6739, tpr: 0.2632, tnr: 0.7808, ppv: 0.2381, npv: 0.8028, auc: 0.566
INFO:root:[validation] The current loss: 0.4361867, acc*auc: 0.3814
INFO:root:[5/5][66/100] loss: 0.020035941
INFO:root:acc: 0.6848, tpr: 0.2632, tnr: 0.7945, ppv: 0.25, npv: 0.8056, auc: 0.5097
INFO:root:[validation] The current loss: 0.48739629, acc*auc: 0.3491
INFO:root:trigger times: 1
INFO:root:[5/5][67/100] loss: 0.017655746
INFO:root:acc: 0.6413, tpr: 0.3158, tnr: 0.726, ppv: 0.2308, npv: 0.803, auc: 0.5652
INFO:root:[validation] The current loss: 0.45893235, acc*auc: 0.3625
INFO:root:[5/5][68/100] loss: 0.018014725
INFO:root:acc: 0.7717, tpr: 0.2632, tnr: 0.9041, ppv: 0.4167, npv: 0.825, auc: 0.5984
INFO:root:[validation] The current loss: 0.47578816, acc*auc: 0.4618
INFO:root:trigger times: 1
INFO:root:[5/5][69/100] loss: 0.019400544
INFO:root:acc: 0.7717, tpr: 0.1053, tnr: 0.9452, ppv: 0.3333, npv: 0.8023, auc: 0.54
INFO:root:[validation] The current loss: 0.58291345, acc*auc: 0.4168
INFO:root:trigger times: 2
INFO:root:[5/5][70/100] loss: 0.017858797
INFO:root:acc: 0.75, tpr: 0.3684, tnr: 0.8493, ppv: 0.3889, npv: 0.8378, auc: 0.5616
INFO:root:[validation] The current loss: 0.44707663, acc*auc: 0.4212
INFO:root:[5/5][71/100] loss: 0.0176641
INFO:root:acc: 0.7391, tpr: 0.3158, tnr: 0.8493, ppv: 0.3529, npv: 0.8267, auc: 0.5061
INFO:root:[validation] The current loss: 0.45992715, acc*auc: 0.3741
INFO:root:trigger times: 1
INFO:root:[5/5][72/100] loss: 0.017766045
INFO:root:acc: 0.7826, tpr: 0.3158, tnr: 0.9041, ppv: 0.4615, npv: 0.8354, auc: 0.5588
INFO:root:[validation] The current loss: 0.47847226, acc*auc: 0.4373
INFO:root:trigger times: 2
INFO:root:[5/5][73/100] loss: 0.017622015
INFO:root:acc: 0.7717, tpr: 0.3158, tnr: 0.8904, ppv: 0.4286, npv: 0.8333, auc: 0.5645
INFO:root:[validation] The current loss: 0.4311087, acc*auc: 0.4357
INFO:root:[5/5][74/100] loss: 0.017164801
INFO:root:acc: 0.7609, tpr: 0.2105, tnr: 0.9041, ppv: 0.3636, npv: 0.8148, auc: 0.54
INFO:root:[validation] The current loss: 0.48911066, acc*auc: 0.4109
INFO:root:trigger times: 1
INFO:root:[5/5][75/100] loss: 0.017250564
INFO:root:acc: 0.7717, tpr: 0.2105, tnr: 0.9178, ppv: 0.4, npv: 0.8171, auc: 0.5487
INFO:root:[validation] The current loss: 0.49288806, acc*auc: 0.4234
INFO:root:trigger times: 2
INFO:root:[5/5][76/100] loss: 0.016479203
INFO:root:acc: 0.7717, tpr: 0.2105, tnr: 0.9178, ppv: 0.4, npv: 0.8171, auc: 0.5227
INFO:root:[validation] The current loss: 0.47785226, acc*auc: 0.4034
INFO:root:[5/5][77/100] loss: 0.016333573
INFO:root:acc: 0.7391, tpr: 0.2105, tnr: 0.8767, ppv: 0.3077, npv: 0.8101, auc: 0.5379
INFO:root:[validation] The current loss: 0.45604012, acc*auc: 0.3975
INFO:root:[5/5][78/100] loss: 0.016982464
INFO:root:acc: 0.7174, tpr: 0.3684, tnr: 0.8082, ppv: 0.3333, npv: 0.831, auc: 0.5415
INFO:root:[validation] The current loss: 0.43666037, acc*auc: 0.3884
INFO:root:[5/5][79/100] loss: 0.017282775
INFO:root:acc: 0.7717, tpr: 0.3158, tnr: 0.8904, ppv: 0.4286, npv: 0.8333, auc: 0.5609
INFO:root:[validation] The current loss: 0.4524503, acc*auc: 0.4329
INFO:root:trigger times: 1
INFO:root:[5/5][80/100] loss: 0.017733565
INFO:root:acc: 0.7717, tpr: 0.2632, tnr: 0.9041, ppv: 0.4167, npv: 0.825, auc: 0.527
INFO:root:[validation] The current loss: 0.46597096, acc*auc: 0.4067
INFO:root:trigger times: 2
INFO:root:[5/5][81/100] loss: 0.017610224
INFO:root:acc: 0.8043, tpr: 0.2105, tnr: 0.9589, ppv: 0.5714, npv: 0.8235, auc: 0.6136
INFO:root:[validation] The current loss: 0.49993562, acc*auc: 0.4935
INFO:root:trigger times: 3
INFO:root:[5/5][82/100] loss: 0.017345317
INFO:root:acc: 0.7065, tpr: 0.2105, tnr: 0.8356, ppv: 0.25, npv: 0.8026, auc: 0.5739
INFO:root:[validation] The current loss: 0.47860463, acc*auc: 0.4055
INFO:root:[5/5][83/100] loss: 0.018246101
INFO:root:acc: 0.8043, tpr: 0.1053, tnr: 0.9863, ppv: 0.6667, npv: 0.809, auc: 0.5357
INFO:root:[validation] The current loss: 0.66071919, acc*auc: 0.4309
INFO:root:trigger times: 1
INFO:root:[5/5][84/100] loss: 0.018542913
INFO:root:acc: 0.7609, tpr: 0.2105, tnr: 0.9041, ppv: 0.3636, npv: 0.8148, auc: 0.5609
INFO:root:[validation] The current loss: 0.61116188, acc*auc: 0.4268
INFO:root:[5/5][85/100] loss: 0.020551888
INFO:root:acc: 0.5761, tpr: 0.6316, tnr: 0.5616, ppv: 0.2727, npv: 0.8542, auc: 0.6518
INFO:root:[validation] The current loss: 0.35554969, acc*auc: 0.3755
INFO:root:[5/5][86/100] loss: 0.018852396
INFO:root:acc: 0.8043, tpr: 0.1053, tnr: 0.9863, ppv: 0.6667, npv: 0.809, auc: 0.6496
INFO:root:[validation] The current loss: 0.64104699, acc*auc: 0.5225
INFO:root:trigger times: 1
INFO:root:[5/5][87/100] loss: 0.01837427
INFO:root:acc: 0.6957, tpr: 0.3684, tnr: 0.7808, ppv: 0.3043, npv: 0.8261, auc: 0.6561
INFO:root:[validation] The current loss: 0.39840595, acc*auc: 0.4564
INFO:root:[5/5][88/100] loss: 0.018787637
INFO:root:acc: 0.6739, tpr: 0.6842, tnr: 0.6712, ppv: 0.3514, npv: 0.8909, auc: 0.7267
INFO:root:[validation] The current loss: 0.32252299, acc*auc: 0.4898
INFO:root:[5/5][89/100] loss: 0.01657909
INFO:root:acc: 0.7717, tpr: 0.3684, tnr: 0.8767, ppv: 0.4375, npv: 0.8421, auc: 0.6395
INFO:root:[validation] The current loss: 0.3858372, acc*auc: 0.4935
INFO:root:trigger times: 1
INFO:root:[5/5][90/100] loss: 0.017156774
INFO:root:acc: 0.7826, tpr: 0.1053, tnr: 0.9589, ppv: 0.4, npv: 0.8046, auc: 0.6921
INFO:root:[validation] The current loss: 0.53538923, acc*auc: 0.5417
INFO:root:trigger times: 2
INFO:root:[5/5][91/100] loss: 0.016004096
INFO:root:acc: 0.7935, tpr: 0.2105, tnr: 0.9452, ppv: 0.5, npv: 0.8214, auc: 0.5314
INFO:root:[validation] The current loss: 0.56612521, acc*auc: 0.4216
INFO:root:trigger times: 3
INFO:root:[5/5][92/100] loss: 0.014861191
INFO:root:acc: 0.7826, tpr: 0.1053, tnr: 0.9589, ppv: 0.4, npv: 0.8046, auc: 0.5602
INFO:root:[validation] The current loss: 0.57675746, acc*auc: 0.4384
INFO:root:trigger times: 4
INFO:root:[5/5][93/100] loss: 0.016403829
INFO:root:acc: 0.7935, tpr: 0.1579, tnr: 0.9589, ppv: 0.5, npv: 0.814, auc: 0.5573
INFO:root:[validation] The current loss: 0.56470213, acc*auc: 0.4422
INFO:root:[5/5][94/100] loss: 0.015492246
INFO:root:acc: 0.6739, tpr: 0.3684, tnr: 0.7534, ppv: 0.28, npv: 0.8209, auc: 0.589
INFO:root:[validation] The current loss: 0.45708869, acc*auc: 0.397
INFO:root:[5/5][95/100] loss: 0.016004698
INFO:root:acc: 0.8043, tpr: 0.2632, tnr: 0.9452, ppv: 0.5556, npv: 0.8313, auc: 0.5393
INFO:root:[validation] The current loss: 0.53724334, acc*auc: 0.4338
INFO:root:trigger times: 1
INFO:root:[5/5][96/100] loss: 0.015322681
INFO:root:acc: 0.8043, tpr: 0.3158, tnr: 0.9315, ppv: 0.5455, npv: 0.8395, auc: 0.5797
INFO:root:[validation] The current loss: 0.51069209, acc*auc: 0.4663
INFO:root:[5/5][97/100] loss: 0.014788882
INFO:root:acc: 0.8043, tpr: 0.2632, tnr: 0.9452, ppv: 0.5556, npv: 0.8313, auc: 0.5732
INFO:root:[validation] The current loss: 0.55826913, acc*auc: 0.461
INFO:root:trigger times: 1
INFO:root:[5/5][98/100] loss: 0.015212046
INFO:root:acc: 0.8043, tpr: 0.2632, tnr: 0.9452, ppv: 0.5556, npv: 0.8313, auc: 0.5703
INFO:root:[validation] The current loss: 0.51790281, acc*auc: 0.4587
INFO:root:[5/5][99/100] loss: 0.014964936
INFO:root:acc: 0.8043, tpr: 0.2632, tnr: 0.9452, ppv: 0.5556, npv: 0.8313, auc: 0.5674
INFO:root:[validation] The current loss: 0.50588349, acc*auc: 0.4564
INFO:root:stopping! Epoch = 100
DEBUG:urllib3.connectionpool:Starting new HTTPS connection (1): hooks.zapier.com:443
DEBUG:urllib3.connectionpool:https://hooks.zapier.com:443 "GET /hooks/catch/18160905/3cvu8pz/ HTTP/1.1" 200 166
